Archive member included to satisfy reference by file (symbol)

/usr/local/gcc-arm-none-eabi-5_4-2016q2/bin/../lib/gcc/arm-none-eabi/5.4.1/armv7e-m/libgcc.a(_arm_addsubdf3.o)
                              ./src/edge_comm/parson.o (__aeabi_dsub)
/usr/local/gcc-arm-none-eabi-5_4-2016q2/bin/../lib/gcc/arm-none-eabi/5.4.1/armv7e-m/libgcc.a(_arm_muldivdf3.o)
                              ./src/measurement.o (__aeabi_dmul)
/usr/local/gcc-arm-none-eabi-5_4-2016q2/bin/../lib/gcc/arm-none-eabi/5.4.1/armv7e-m/libgcc.a(_arm_cmpdf2.o)
                              ./src/edge_comm/parson.o (__aeabi_dcmpeq)
/usr/local/gcc-arm-none-eabi-5_4-2016q2/bin/../lib/gcc/arm-none-eabi/5.4.1/armv7e-m/libgcc.a(_arm_fixdfsi.o)
                              ./src/edge_comm/parson.o (__aeabi_d2iz)
/usr/local/gcc-arm-none-eabi-5_4-2016q2/bin/../lib/gcc/arm-none-eabi/5.4.1/armv7e-m/libgcc.a(_arm_fixunsdfsi.o)
                              ./src/edge_comm/parson.o (__aeabi_d2uiz)
/usr/local/gcc-arm-none-eabi-5_4-2016q2/bin/../lib/gcc/arm-none-eabi/5.4.1/armv7e-m/libgcc.a(_arm_truncdfsf2.o)
                              ./src/measurement.o (__aeabi_d2f)
/usr/local/gcc-arm-none-eabi-5_4-2016q2/bin/../lib/gcc/arm-none-eabi/5.4.1/armv7e-m/libgcc.a(_arm_addsubsf3.o)
                              ./src/measurement.o (__aeabi_fsub)
/usr/local/gcc-arm-none-eabi-5_4-2016q2/bin/../lib/gcc/arm-none-eabi/5.4.1/armv7e-m/libgcc.a(_arm_muldivsf3.o)
                              ./src/measurement.o (__aeabi_fmul)
/usr/local/gcc-arm-none-eabi-5_4-2016q2/bin/../lib/gcc/arm-none-eabi/5.4.1/../../../../arm-none-eabi/lib/armv7e-m/libg_nano.a(lib_a-atoi.o)
                              ./src/init.o (atoi)
/usr/local/gcc-arm-none-eabi-5_4-2016q2/bin/../lib/gcc/arm-none-eabi/5.4.1/../../../../arm-none-eabi/lib/armv7e-m/libg_nano.a(lib_a-ctype_.o)
                              ./src/edge_comm/parson.o (__ctype_ptr__)
/usr/local/gcc-arm-none-eabi-5_4-2016q2/bin/../lib/gcc/arm-none-eabi/5.4.1/../../../../arm-none-eabi/lib/armv7e-m/libg_nano.a(lib_a-errno.o)
                              ./system/src/newlib/_sbrk.o (__errno)
/usr/local/gcc-arm-none-eabi-5_4-2016q2/bin/../lib/gcc/arm-none-eabi/5.4.1/../../../../arm-none-eabi/lib/armv7e-m/libg_nano.a(lib_a-fclose.o)
                              ./src/edge_comm/parson.o (fclose)
/usr/local/gcc-arm-none-eabi-5_4-2016q2/bin/../lib/gcc/arm-none-eabi/5.4.1/../../../../arm-none-eabi/lib/armv7e-m/libg_nano.a(lib_a-fflush.o)
                              /usr/local/gcc-arm-none-eabi-5_4-2016q2/bin/../lib/gcc/arm-none-eabi/5.4.1/../../../../arm-none-eabi/lib/armv7e-m/libg_nano.a(lib_a-fclose.o) (__sflush_r)
/usr/local/gcc-arm-none-eabi-5_4-2016q2/bin/../lib/gcc/arm-none-eabi/5.4.1/../../../../arm-none-eabi/lib/armv7e-m/libg_nano.a(lib_a-findfp.o)
                              /usr/local/gcc-arm-none-eabi-5_4-2016q2/bin/../lib/gcc/arm-none-eabi/5.4.1/../../../../arm-none-eabi/lib/armv7e-m/libg_nano.a(lib_a-fclose.o) (__sinit)
/usr/local/gcc-arm-none-eabi-5_4-2016q2/bin/../lib/gcc/arm-none-eabi/5.4.1/../../../../arm-none-eabi/lib/armv7e-m/libg_nano.a(lib_a-fopen.o)
                              ./src/edge_comm/parson.o (fopen)
/usr/local/gcc-arm-none-eabi-5_4-2016q2/bin/../lib/gcc/arm-none-eabi/5.4.1/../../../../arm-none-eabi/lib/armv7e-m/libg_nano.a(lib_a-fputs.o)
                              ./src/edge_comm/parson.o (fputs)
/usr/local/gcc-arm-none-eabi-5_4-2016q2/bin/../lib/gcc/arm-none-eabi/5.4.1/../../../../arm-none-eabi/lib/armv7e-m/libg_nano.a(lib_a-fread.o)
                              ./src/edge_comm/parson.o (fread)
/usr/local/gcc-arm-none-eabi-5_4-2016q2/bin/../lib/gcc/arm-none-eabi/5.4.1/../../../../arm-none-eabi/lib/armv7e-m/libg_nano.a(lib_a-fseek.o)
                              /usr/local/gcc-arm-none-eabi-5_4-2016q2/bin/../lib/gcc/arm-none-eabi/5.4.1/../../../../arm-none-eabi/lib/armv7e-m/libg_nano.a(lib_a-fopen.o) (_fseek_r)
/usr/local/gcc-arm-none-eabi-5_4-2016q2/bin/../lib/gcc/arm-none-eabi/5.4.1/../../../../arm-none-eabi/lib/armv7e-m/libg_nano.a(lib_a-fseeko.o)
                              /usr/local/gcc-arm-none-eabi-5_4-2016q2/bin/../lib/gcc/arm-none-eabi/5.4.1/../../../../arm-none-eabi/lib/armv7e-m/libg_nano.a(lib_a-fseek.o) (_fseeko_r)
/usr/local/gcc-arm-none-eabi-5_4-2016q2/bin/../lib/gcc/arm-none-eabi/5.4.1/../../../../arm-none-eabi/lib/armv7e-m/libg_nano.a(lib_a-ftell.o)
                              ./src/edge_comm/parson.o (ftell)
/usr/local/gcc-arm-none-eabi-5_4-2016q2/bin/../lib/gcc/arm-none-eabi/5.4.1/../../../../arm-none-eabi/lib/armv7e-m/libg_nano.a(lib_a-ftello.o)
                              /usr/local/gcc-arm-none-eabi-5_4-2016q2/bin/../lib/gcc/arm-none-eabi/5.4.1/../../../../arm-none-eabi/lib/armv7e-m/libg_nano.a(lib_a-ftell.o) (_ftello_r)
/usr/local/gcc-arm-none-eabi-5_4-2016q2/bin/../lib/gcc/arm-none-eabi/5.4.1/../../../../arm-none-eabi/lib/armv7e-m/libg_nano.a(lib_a-fwalk.o)
[...]
Memory Configuration

Name             Origin             Length             Attributes
RAM              0x20000000         0x00020000         xrw
CCMRAM           0x10000000         0x00010000         xrw
FLASH            0x08000000         0x00100000         xr
FLASHB1          0x00000000         0x00000000         xr
EXTMEMB0         0x00000000         0x00000000         xr
EXTMEMB1         0x00000000         0x00000000         xr
EXTMEMB2         0x00000000         0x00000000         xr
EXTMEMB3         0x00000000         0x00000000         xr
MEMORY_ARRAY     0x20002000         0x00000020         xrw
*default*        0x00000000         0xffffffff

Linker script and memory map

LOAD ./system/src/stm32f4-hal/stm32f4xx_hal.o
LOAD ./system/src/stm32f4-hal/stm32f4xx_hal_adc.o
LOAD ./system/src/stm32f4-hal/stm32f4xx_hal_adc_ex.o
LOAD ./system/src/stm32f4-hal/stm32f4xx_hal_can.o
LOAD ./system/src/stm32f4-hal/stm32f4xx_hal_cec.o
LOAD ./system/src/stm32f4-hal/stm32f4xx_hal_cortex.o
LOAD ./system/src/stm32f4-hal/stm32f4xx_hal_crc.o
LOAD ./system/src/stm32f4-hal/stm32f4xx_hal_cryp.o
LOAD ./system/src/stm32f4-hal/stm32f4xx_hal_cryp_ex.o
LOAD ./system/src/stm32f4-hal/stm32f4xx_hal_dac.o
LOAD ./system/src/stm32f4-hal/stm32f4xx_hal_dac_ex.o
LOAD ./system/src/stm32f4-hal/stm32f4xx_hal_dcmi.o
LOAD ./system/src/stm32f4-hal/stm32f4xx_hal_dcmi_ex.o
LOAD ./system/src/stm32f4-hal/stm32f4xx_hal_dma.o
LOAD ./system/src/stm32f4-hal/stm32f4xx_hal_dma2d.o
LOAD ./system/src/stm32f4-hal/stm32f4xx_hal_dma_ex.o
LOAD ./system/src/stm32f4-hal/stm32f4xx_hal_dsi.o
LOAD ./system/src/stm32f4-hal/stm32f4xx_hal_eth.o
LOAD ./system/src/stm32f4-hal/stm32f4xx_hal_flash.o
LOAD ./system/src/stm32f4-hal/stm32f4xx_hal_flash_ex.o
LOAD ./system/src/stm32f4-hal/stm32f4xx_hal_flash_ramfunc.o
LOAD ./system/src/stm32f4-hal/stm32f4xx_hal_fmpi2c.o
LOAD ./system/src/stm32f4-hal/stm32f4xx_hal_fmpi2c_ex.o
LOAD ./system/src/stm32f4-hal/stm32f4xx_hal_gpio.o
LOAD ./system/src/stm32f4-hal/stm32f4xx_hal_hash.o
LOAD ./system/src/stm32f4-hal/stm32f4xx_hal_hash_ex.o
LOAD ./system/src/stm32f4-hal/stm32f4xx_hal_hcd.o
LOAD ./system/src/stm32f4-hal/stm32f4xx_hal_i2c.o
LOAD ./system/src/stm32f4-hal/stm32f4xx_hal_i2c_ex.o
LOAD ./system/src/stm32f4-hal/stm32f4xx_hal_i2s.o
LOAD ./system/src/stm32f4-hal/stm32f4xx_hal_i2s_ex.o
LOAD ./system/src/stm32f4-hal/stm32f4xx_hal_irda.o
LOAD ./system/src/stm32f4-hal/stm32f4xx_hal_iwdg.o
LOAD ./system/src/stm32f4-hal/stm32f4xx_hal_lptim.o
LOAD ./system/src/stm32f4-hal/stm32f4xx_hal_ltdc.o
LOAD ./system/src/stm32f4-hal/stm32f4xx_hal_ltdc_ex.o
LOAD ./system/src/stm32f4-hal/stm32f4xx_hal_nand.o
LOAD ./system/src/stm32f4-hal/stm32f4xx_hal_nor.o
LOAD ./system/src/stm32f4-hal/stm32f4xx_hal_pccard.o
LOAD ./system/src/stm32f4-hal/stm32f4xx_hal_pcd.o
LOAD ./system/src/stm32f4-hal/stm32f4xx_hal_pcd_ex.o
LOAD ./system/src/stm32f4-hal/stm32f4xx_hal_pwr.o
LOAD ./system/src/stm32f4-hal/stm32f4xx_hal_pwr_ex.o
LOAD ./system/src/stm32f4-hal/stm32f4xx_hal_qspi.o
LOAD ./system/src/stm32f4-hal/stm32f4xx_hal_rcc.o
LOAD ./system/src/stm32f4-hal/stm32f4xx_hal_rcc_ex.o
LOAD ./system/src/stm32f4-hal/stm32f4xx_hal_rng.o
LOAD ./system/src/stm32f4-hal/stm32f4xx_hal_rtc.o
LOAD ./system/src/stm32f4-hal/stm32f4xx_hal_rtc_ex.o
LOAD ./system/src/stm32f4-hal/stm32f4xx_hal_sai.o
LOAD ./system/src/stm32f4-hal/stm32f4xx_hal_sai_ex.o
LOAD ./system/src/stm32f4-hal/stm32f4xx_hal_sd.o
LOAD ./system/src/stm32f4-hal/stm32f4xx_hal_sdram.o
LOAD ./system/src/stm32f4-hal/stm32f4xx_hal_smartcard.o
LOAD ./system/src/stm32f4-hal/stm32f4xx_hal_spdifrx.o
LOAD ./system/src/stm32f4-hal/stm32f4xx_hal_spi.o
LOAD ./system/src/stm32f4-hal/stm32f4xx_hal_sram.o
LOAD ./system/src/stm32f4-hal/stm32f4xx_hal_tim.o
LOAD ./system/src/stm32f4-hal/stm32f4xx_hal_tim_ex.o
LOAD ./system/src/stm32f4-hal/stm32f4xx_hal_uart.o
LOAD ./system/src/stm32f4-hal/stm32f4xx_hal_usart.o
LOAD ./system/src/stm32f4-hal/stm32f4xx_hal_wwdg.o
LOAD ./system/src/stm32f4-hal/stm32f4xx_ll_fmc.o
LOAD ./system/src/stm32f4-hal/stm32f4xx_ll_fsmc.o
LOAD ./system/src/stm32f4-hal/stm32f4xx_ll_sdmmc.o
LOAD ./system/src/stm32f4-hal/stm32f4xx_ll_usb.o
LOAD ./system/src/newlib/_cxx.o
LOAD ./system/src/newlib/_exit.o
LOAD ./system/src/newlib/_sbrk.o
LOAD ./system/src/newlib/_startup.o
LOAD ./system/src/newlib/_syscalls.o
LOAD ./system/src/newlib/assert.o
LOAD ./system/src/diag/Trace.o
LOAD ./system/src/diag/trace_impl.o
LOAD ./system/src/cortexm/_initialize_hardware.o
LOAD ./system/src/cortexm/_reset_hardware.o
LOAD ./system/src/cortexm/exception_handlers.o
LOAD ./system/src/cmsis/system_stm32f4xx.o
LOAD ./system/src/cmsis/vectors_stm32f407xx.o
LOAD ./src/edge_comm/GSM_MQTT.o
LOAD ./src/edge_comm/edge_comm.o
LOAD ./src/edge_comm/parson.o
LOAD ./src/FatFs/diskio.o
LOAD ./src/FatFs/ff.o
LOAD ./src/FatFs/ff_gen_drv.o
LOAD ./src/FatFs/sd_diskio.o
LOAD ./src/FatFs/syscall.o
LOAD ./src/bsp_driver_sd.o
LOAD ./src/circ_buff.o
LOAD ./src/fatfs.o
LOAD ./src/init.o
LOAD ./src/main.o
LOAD ./src/measurement.o
LOAD ./src/statemachine.o
LOAD ./src/stm32f4xx_hal_msp.o
LOAD ./src/stm32f4xx_it.o
LOAD /usr/local/gcc-arm-none-eabi-5_4-2016q2/bin/../lib/gcc/arm-none-eabi/5.4.1/../../../../arm-none-eabi/lib/armv7e-m/libstdc++_nano.a
LOAD /usr/local/gcc-arm-none-eabi-5_4-2016q2/bin/../lib/gcc/arm-none-eabi/5.4.1/../../../../arm-none-eabi/lib/armv7e-m/libm.a
START GROUP
LOAD /usr/local/gcc-arm-none-eabi-5_4-2016q2/bin/../lib/gcc/arm-none-eabi/5.4.1/armv7e-m/libgcc.a
LOAD /usr/local/gcc-arm-none-eabi-5_4-2016q2/bin/../lib/gcc/arm-none-eabi/5.4.1/../../../../arm-none-eabi/lib/armv7e-m/libg_nano.a
LOAD /usr/local/gcc-arm-none-eabi-5_4-2016q2/bin/../lib/gcc/arm-none-eabi/5.4.1/../../../../arm-none-eabi/lib/armv7e-m/libc_nano.a
END GROUP
START GROUP
LOAD /usr/local/gcc-arm-none-eabi-5_4-2016q2/bin/../lib/gcc/arm-none-eabi/5.4.1/armv7e-m/libgcc.a
LOAD /usr/local/gcc-arm-none-eabi-5_4-2016q2/bin/../lib/gcc/arm-none-eabi/5.4.1/../../../../arm-none-eabi/lib/armv7e-m/libc_nano.a
END GROUP
                0x20020000                __stack = (ORIGIN (RAM) + LENGTH (RAM))
                0x20020000                _estack = __stack
                0x00000400                __Main_Stack_Size = 0x400
                [!provide]                PROVIDE (_Main_Stack_Size, __Main_Stack_Size)
                0x2001fc00                __Main_Stack_Limit = (__stack - __Main_Stack_Size)
                [!provide]                PROVIDE (_Main_Stack_Limit, __Main_Stack_Limit)
                0x00000100                _Minimum_Stack_Size = 0x100
                0x2001a14c                PROVIDE (_Heap_Begin, _end_noinit)
                0x2001fc00                PROVIDE (_Heap_Limit, (__stack - __Main_Stack_Size))

.isr_vector     0x08000000      0x2ea
 FILL mask 0xff
                0x08000000                __vectors_start = ABSOLUTE (.)
                0x08000000                __vectors_start__ = ABSOLUTE (.)
 *(.isr_vector)
 .isr_vector    0x08000000      0x188 ./system/src/cmsis/vectors_stm32f407xx.o
                0x08000000                __isr_vectors
 *(.cfmconfig)
 *(.after_vectors .after_vectors.*)
 .after_vectors
                0x08000188       0xd4 ./system/src/newlib/_startup.o
                0x08000188                _start
 .after_vectors
                0x0800025c       0x8c ./system/src/cortexm/exception_handlers.o
                0x0800025c                Reset_Handler
                0x08000276                HardFault_Handler_C
                0x080002b6                BusFault_Handler_C
                0x080002cc                UsageFault_Handler_C
 .after_vectors
                0x080002e8        0x2 ./system/src/cmsis/vectors_stm32f407xx.o
                0x080002e8                RTC_Alarm_IRQHandler
                0x080002e8                HASH_RNG_IRQHandler
                0x080002e8                EXTI2_IRQHandler
                0x080002e8                TIM8_CC_IRQHandler
                0x080002e8                TIM1_CC_IRQHandler
                0x080002e8                DMA2_Stream5_IRQHandler
                0x080002e8                DMA1_Stream5_IRQHandler
                0x080002e8                PVD_IRQHandler
                0x080002e8                SDIO_IRQHandler
                0x080002e8                TAMP_STAMP_IRQHandler
                0x080002e8                CAN2_RX1_IRQHandler
                0x080002e8                EXTI3_IRQHandler
                0x080002e8                TIM8_TRG_COM_TIM14_IRQHandler
                0x080002e8                TIM1_UP_TIM10_IRQHandler
                0x080002e8                TIM8_UP_TIM13_IRQHandler
                0x080002e8                I2C3_ER_IRQHandler
                0x080002e8                EXTI0_IRQHandler
                0x080002e8                I2C2_EV_IRQHandler
                0x080002e8                DMA1_Stream2_IRQHandler
                0x080002e8                CAN1_RX0_IRQHandler
                0x080002e8                FPU_IRQHandler
                0x080002e8                OTG_HS_WKUP_IRQHandler
                0x080002e8                CAN2_SCE_IRQHandler
                0x080002e8                DMA2_Stream2_IRQHandler
                0x080002e8                SPI1_IRQHandler
                0x080002e8                TIM6_DAC_IRQHandler
                0x080002e8                TIM1_BRK_TIM9_IRQHandler
                0x080002e8                DCMI_IRQHandler
                0x080002e8                CAN2_RX0_IRQHandler
                0x080002e8                DMA2_Stream3_IRQHandler
                0x080002e8                USART6_IRQHandler
                0x080002e8                USART3_IRQHandler
                0x080002e8                CAN1_RX1_IRQHandler
                0x080002e8                UART5_IRQHandler
                0x080002e8                DMA2_Stream0_IRQHandler
                0x080002e8                I2C1_EV_IRQHandler
                0x080002e8                DMA1_Stream6_IRQHandler
                0x080002e8                DMA1_Stream1_IRQHandler
                0x080002e8                UART4_IRQHandler
                0x080002e8                TIM3_IRQHandler
                0x080002e8                RCC_IRQHandler
                0x080002e8                TIM8_BRK_TIM12_IRQHandler
                0x080002e8                Default_Handler
                0x080002e8                EXTI15_10_IRQHandler
                0x080002e8                DMA1_Stream7_IRQHandler
                0x080002e8                TIM7_IRQHandler
                0x080002e8                CAN2_TX_IRQHandler
                0x080002e8                TIM5_IRQHandler
                0x080002e8                DMA2_Stream7_IRQHandler
                0x080002e8                I2C3_EV_IRQHandler
                0x080002e8                EXTI9_5_IRQHandler
                0x080002e8                RTC_WKUP_IRQHandler
                0x080002e8                ETH_WKUP_IRQHandler
                0x080002e8                SPI2_IRQHandler
                0x080002e8                OTG_HS_EP1_IN_IRQHandler
                0x080002e8                DMA1_Stream0_IRQHandler
                0x080002e8                CAN1_TX_IRQHandler
                0x080002e8                EXTI4_IRQHandler
                0x080002e8                ETH_IRQHandler
                0x080002e8                OTG_HS_EP1_OUT_IRQHandler
                0x080002e8                WWDG_IRQHandler
                0x080002e8                OTG_FS_WKUP_IRQHandler
                0x080002e8                TIM1_TRG_COM_TIM11_IRQHandler
                0x080002e8                OTG_HS_IRQHandler
                0x080002e8                EXTI1_IRQHandler
                0x080002e8                I2C2_ER_IRQHandler
                0x080002e8                DMA2_Stream1_IRQHandler
                0x080002e8                CAN1_SCE_IRQHandler
                0x080002e8                FLASH_IRQHandler
                0x080002e8                DMA2_Stream4_IRQHandler
                0x080002e8                USART1_IRQHandler
                0x080002e8                OTG_FS_IRQHandler
                0x080002e8                SPI3_IRQHandler
                0x080002e8                DMA1_Stream4_IRQHandler
                0x080002e8                I2C1_ER_IRQHandler
                0x080002e8                FMC_IRQHandler
                0x080002e8                DMA2_Stream6_IRQHandler
                0x080002e8                DMA1_Stream3_IRQHandler

.inits          0x080002ec       0x28
                0x080002ec                __data_regions_array_start = .
                0x080002ec        0x4 LONG 0x800e984 LOADADDR (.data)
                0x080002f0        0x4 LONG 0x20000000 ADDR (.data)
                0x080002f4        0x4 LONG 0x200000e8 (ADDR (.data) + SIZEOF (.data))
                0x080002f8        0x4 LONG 0x800e984 LOADADDR (.data_CCMRAM)
                0x080002fc        0x4 LONG 0x10000000 ADDR (.data_CCMRAM)
                0x08000300        0x4 LONG 0x10000000 (ADDR (.data_CCMRAM) + SIZEOF (.data_CCMRAM))
                0x08000304                __data_regions_array_end = .
                0x08000304                __bss_regions_array_start = .
                0x08000304        0x4 LONG 0x200000e8 ADDR (.bss)
                0x08000308        0x4 LONG 0x2001a14c (ADDR (.bss) + SIZEOF (.bss))
                0x0800030c        0x4 LONG 0x10000000 ADDR (.bss_CCMRAM)
                0x08000310        0x4 LONG 0x10000000 (ADDR (.bss_CCMRAM) + SIZEOF (.bss_CCMRAM))
                0x08000314                __bss_regions_array_end = .
 *(.init)
 *(.fini)
                0x08000314                . = ALIGN (0x4)
                0x08000314                PROVIDE (__preinit_array_start, .)
 *(.preinit_array_sysinit .preinit_array_sysinit.*)
 *(.preinit_array_platform .preinit_array_platform.*)
 *(.preinit_array .preinit_array.*)
                0x08000314                PROVIDE (__preinit_array_end, .)
                0x08000314                . = ALIGN (0x4)
                0x08000314                PROVIDE (__init_array_start, .)
 *(SORT(.init_array.*))
 *(.init_array)
                0x08000314                PROVIDE (__init_array_end, .)
                0x08000314                . = ALIGN (0x4)
                0x08000314                PROVIDE (__fini_array_start, .)
 *(SORT(.fini_array.*))
 *(.fini_array)
                0x08000314                PROVIDE (__fini_array_end, .)

.flashtext
 *(.flashtext .flashtext.*)

.text           0x08000320     0xe661
 *(.text .text.*)
 .text.HAL_InitTick
                0x08000320       0x24 ./system/src/stm32f4-hal/stm32f4xx_hal.o
                0x08000320                HAL_InitTick
 .text.HAL_Init
                0x08000344       0x34 ./system/src/stm32f4-hal/stm32f4xx_hal.o
                0x08000344                HAL_Init
 .text.HAL_IncTick
                0x08000378       0x10 ./system/src/stm32f4-hal/stm32f4xx_hal.o
                0x08000378                HAL_IncTick
 .text.HAL_GetTick
                0x08000388        0xc ./system/src/stm32f4-hal/stm32f4xx_hal.o
                0x08000388                HAL_GetTick
 .text.HAL_Delay
                0x08000394       0x1a ./system/src/stm32f4-hal/stm32f4xx_hal.o
                0x08000394                HAL_Delay
 *fill*         0x080003ae        0x2 
 .text.HAL_ADC_Init
                0x080003b0      0x154 ./system/src/stm32f4-hal/stm32f4xx_hal_adc.o
                0x080003b0                HAL_ADC_Init
 .text.HAL_ADC_Start_IT
                0x08000504       0xcc ./system/src/stm32f4-hal/stm32f4xx_hal_adc.o
                0x08000504                HAL_ADC_Start_IT
 .text.HAL_ADC_GetValue
                0x080005d0        0x6 ./system/src/stm32f4-hal/stm32f4xx_hal_adc.o
                0x080005d0                HAL_ADC_GetValue
 .text.HAL_ADC_LevelOutOfWindowCallback
                0x080005d6        0x2 ./system/src/stm32f4-hal/stm32f4xx_hal_adc.o
                0x080005d6                HAL_ADC_LevelOutOfWindowCallback
 .text.HAL_ADC_ErrorCallback
                0x080005d8        0x2 ./system/src/stm32f4-hal/stm32f4xx_hal_adc.o
                0x080005d8                HAL_ADC_ErrorCallback
 .text.HAL_ADC_IRQHandler
                0x080005da      0x128 ./system/src/stm32f4-hal/stm32f4xx_hal_adc.o
                0x080005da                HAL_ADC_IRQHandler
 *fill*         0x08000702        0x2 
 .text.HAL_ADC_ConfigChannel
                0x08000704      0x12c ./system/src/stm32f4-hal/stm32f4xx_hal_adc.o
                0x08000704                HAL_ADC_ConfigChannel
 .text.HAL_ADCEx_InjectedConvCpltCallback
                0x08000830        0x2 ./system/src/stm32f4-hal/stm32f4xx_hal_adc_ex.o
                0x08000830                HAL_ADCEx_InjectedConvCpltCallback
 *fill*         0x08000832        0x2 
 .text.HAL_NVIC_SetPriorityGrouping
                0x08000834       0x24 ./system/src/stm32f4-hal/stm32f4xx_hal_cortex.o
                0x08000834                HAL_NVIC_SetPriorityGrouping
 .text.HAL_NVIC_SetPriority
                0x08000858       0x68 ./system/src/stm32f4-hal/stm32f4xx_hal_cortex.o
                0x08000858                HAL_NVIC_SetPriority
 .text.HAL_NVIC_EnableIRQ
                0x080008c0       0x18 ./system/src/stm32f4-hal/stm32f4xx_hal_cortex.o
                0x080008c0                HAL_NVIC_EnableIRQ
 .text.HAL_NVIC_SystemReset
                0x080008d8       0x24 ./system/src/stm32f4-hal/stm32f4xx_hal_cortex.o
                0x080008d8                HAL_NVIC_SystemReset
 .text.HAL_SYSTICK_Config
                0x080008fc       0x2c ./system/src/stm32f4-hal/stm32f4xx_hal_cortex.o
                0x080008fc                HAL_SYSTICK_Config
 .text.HAL_SYSTICK_CLKSourceConfig
                0x08000928       0x18 ./system/src/stm32f4-hal/stm32f4xx_hal_cortex.o
                0x08000928                HAL_SYSTICK_CLKSourceConfig
 .text.HAL_SYSTICK_Callback
                0x08000940        0x2 ./system/src/stm32f4-hal/stm32f4xx_hal_cortex.o
                0x08000940                HAL_SYSTICK_Callback
 .text.HAL_SYSTICK_IRQHandler
                0x08000942        0x8 ./system/src/stm32f4-hal/stm32f4xx_hal_cortex.o
                0x08000942                HAL_SYSTICK_IRQHandler
 *fill*         0x0800094a        0x2 
 .text.HAL_GPIO_Init
                0x0800094c      0x1cc ./system/src/stm32f4-hal/stm32f4xx_hal_gpio.o
                0x0800094c                HAL_GPIO_Init
 .text.HAL_GPIO_ReadPin
                0x08000b18        0xc ./system/src/stm32f4-hal/stm32f4xx_hal_gpio.o
                0x08000b18                HAL_GPIO_ReadPin
 .text.HAL_GPIO_WritePin
                0x08000b24        0x8 ./system/src/stm32f4-hal/stm32f4xx_hal_gpio.o
                0x08000b24                HAL_GPIO_WritePin
 .text.I2C_WaitOnFlagUntilTimeout
                0x08000b2c       0x98 ./system/src/stm32f4-hal/stm32f4xx_hal_i2c.o
 .text.I2C_WaitOnMasterAddressFlagUntilTimeout
                0x08000bc4       0x84 ./system/src/stm32f4-hal/stm32f4xx_hal_i2c.o
 .text.I2C_MasterRequestRead
                0x08000c48       0xdc ./system/src/stm32f4-hal/stm32f4xx_hal_i2c.o
 .text.I2C_WaitOnRXNEFlagUntilTimeout
                0x08000d24       0x5e ./system/src/stm32f4-hal/stm32f4xx_hal_i2c.o
 *fill*         0x08000d82        0x2 
 .text.HAL_I2C_Init
                0x08000d84       0xdc ./system/src/stm32f4-hal/stm32f4xx_hal_i2c.o
                0x08000d84                HAL_I2C_Init
 .text.HAL_I2C_Master_Receive
                0x08000e60      0x1c8 ./system/src/stm32f4-hal/stm32f4xx_hal_i2c.o
                0x08000e60                HAL_I2C_Master_Receive
 .text.HAL_RCC_OscConfig
                0x08001028      0x2d0 ./system/src/stm32f4-hal/stm32f4xx_hal_rcc.o
                0x08001028                HAL_RCC_OscConfig
 .text.HAL_RCC_ClockConfig
                0x080012f8      0x140 ./system/src/stm32f4-hal/stm32f4xx_hal_rcc.o
                0x080012f8                HAL_RCC_ClockConfig
 .text.HAL_RCC_GetSysClockFreq
                0x08001438       0x7c ./system/src/stm32f4-hal/stm32f4xx_hal_rcc.o
                0x08001438                HAL_RCC_GetSysClockFreq
 .text.HAL_RCC_GetHCLKFreq
                0x080014b4       0x34 ./system/src/stm32f4-hal/stm32f4xx_hal_rcc.o
                0x080014b4                HAL_RCC_GetHCLKFreq
 .text.HAL_RCC_GetPCLK1Freq
                0x080014e8       0x2c ./system/src/stm32f4-hal/stm32f4xx_hal_rcc.o
                0x080014e8                HAL_RCC_GetPCLK1Freq
 .text.HAL_RCC_GetPCLK2Freq
                0x08001514       0x2c ./system/src/stm32f4-hal/stm32f4xx_hal_rcc.o
                0x08001514                HAL_RCC_GetPCLK2Freq
 .text.HAL_RCCEx_PeriphCLKConfig
                0x08001540      0x144 ./system/src/stm32f4-hal/stm32f4xx_hal_rcc_ex.o
                0x08001540                HAL_RCCEx_PeriphCLKConfig
 .text.HAL_RTC_WaitForSynchro
                0x08001684       0x30 ./system/src/stm32f4-hal/stm32f4xx_hal_rtc.o
                0x08001684                HAL_RTC_WaitForSynchro
 .text.RTC_EnterInitMode
                0x080016b4       0x34 ./system/src/stm32f4-hal/stm32f4xx_hal_rtc.o
                0x080016b4                RTC_EnterInitMode
 .text.HAL_RTC_Init
                0x080016e8       0x88 ./system/src/stm32f4-hal/stm32f4xx_hal_rtc.o
                0x080016e8                HAL_RTC_Init
 .text.RTC_ByteToBcd2
                0x08001770       0x16 ./system/src/stm32f4-hal/stm32f4xx_hal_rtc.o
                0x08001770                RTC_ByteToBcd2
 .text.HAL_RTC_SetTime
                0x08001786       0xde ./system/src/stm32f4-hal/stm32f4xx_hal_rtc.o
                0x08001786                HAL_RTC_SetTime
 .text.HAL_RTC_SetDate
                0x08001864       0xc2 ./system/src/stm32f4-hal/stm32f4xx_hal_rtc.o
                0x08001864                HAL_RTC_SetDate
 .text.RTC_Bcd2ToByte
                0x08001926       0x12 ./system/src/stm32f4-hal/stm32f4xx_hal_rtc.o
                0x08001926                RTC_Bcd2ToByte
 .text.HAL_RTC_GetTime
                0x08001938       0x50 ./system/src/stm32f4-hal/stm32f4xx_hal_rtc.o
                0x08001938                HAL_RTC_GetTime
 .text.HAL_RTC_GetDate
                0x08001988       0x40 ./system/src/stm32f4-hal/stm32f4xx_hal_rtc.o
                0x08001988                HAL_RTC_GetDate
 .text.SD_CmdResp2Error
                0x080019c8       0x2c ./system/src/stm32f4-hal/stm32f4xx_hal_sd.o
 .text.SD_IsCardProgramming
                0x080019f4      0x144 ./system/src/stm32f4-hal/stm32f4xx_hal_sd.o
 .text.SD_CmdResp1Error
                0x08001b38       0xec ./system/src/stm32f4-hal/stm32f4xx_hal_sd.o
 .text.SD_FindSCR
                0x08001c24       0xfe ./system/src/stm32f4-hal/stm32f4xx_hal_sd.o
 .text.HAL_SD_Get_CardInfo
                0x08001d22      0x284 ./system/src/stm32f4-hal/stm32f4xx_hal_sd.o
                0x08001d22                HAL_SD_Get_CardInfo
 *fill*         0x08001fa6        0x2 
 .text.HAL_SD_Init
                0x08001fa8      0x38c ./system/src/stm32f4-hal/stm32f4xx_hal_sd.o
                0x08001fa8                HAL_SD_Init
 .text.HAL_SD_WideBusOperation_Config
                0x08002334      0x12c ./system/src/stm32f4-hal/stm32f4xx_hal_sd.o
                0x08002334                HAL_SD_WideBusOperation_Config
 .text.HAL_SD_StopTransfer
                0x08002460       0x2e ./system/src/stm32f4-hal/stm32f4xx_hal_sd.o
                0x08002460                HAL_SD_StopTransfer
 .text.HAL_SD_ReadBlocks
                0x0800248e      0x184 ./system/src/stm32f4-hal/stm32f4xx_hal_sd.o
                0x0800248e                HAL_SD_ReadBlocks
 .text.HAL_SD_WriteBlocks
                0x08002612      0x1ec ./system/src/stm32f4-hal/stm32f4xx_hal_sd.o
                0x08002612                HAL_SD_WriteBlocks
 .text.HAL_SD_GetStatus
                0x080027fe       0x46 ./system/src/stm32f4-hal/stm32f4xx_hal_sd.o
                0x080027fe                HAL_SD_GetStatus
 .text.SPI_CheckForDisablingSPI
                0x08002844       0x24 ./system/src/stm32f4-hal/stm32f4xx_hal_spi.o
 .text.SPI_WaitFlagStateUntilTimeout
                0x08002868       0x88 ./system/src/stm32f4-hal/stm32f4xx_hal_spi.o
 .text.SPI_CheckFlag_BSY
                0x080028f0       0x20 ./system/src/stm32f4-hal/stm32f4xx_hal_spi.o
 .text.HAL_SPI_Init
                0x08002910       0x80 ./system/src/stm32f4-hal/stm32f4xx_hal_spi.o
                0x08002910                HAL_SPI_Init
 .text.HAL_SPI_Transmit
                0x08002990      0x158 ./system/src/stm32f4-hal/stm32f4xx_hal_spi.o
                0x08002990                HAL_SPI_Transmit
 .text.HAL_SPI_TransmitReceive
                0x08002ae8      0x20a ./system/src/stm32f4-hal/stm32f4xx_hal_spi.o
                0x08002ae8                HAL_SPI_TransmitReceive
 .text.HAL_SPI_Receive
                0x08002cf2      0x1dc ./system/src/stm32f4-hal/stm32f4xx_hal_spi.o
                0x08002cf2                HAL_SPI_Receive
 .text.HAL_TIM_Base_Start
                0x08002ece       0x1a ./system/src/stm32f4-hal/stm32f4xx_hal_tim.o
                0x08002ece                HAL_TIM_Base_Start
 .text.HAL_TIM_Base_Start_IT
                0x08002ee8       0x16 ./system/src/stm32f4-hal/stm32f4xx_hal_tim.o
                0x08002ee8                HAL_TIM_Base_Start_IT
 .text.HAL_TIM_ConfigClockSource
                0x08002efe      0x174 ./system/src/stm32f4-hal/stm32f4xx_hal_tim.o
                0x08002efe                HAL_TIM_ConfigClockSource
 .text.HAL_TIM_OC_DelayElapsedCallback
                0x08003072        0x2 ./system/src/stm32f4-hal/stm32f4xx_hal_tim.o
                0x08003072                HAL_TIM_OC_DelayElapsedCallback
 .text.HAL_TIM_IC_CaptureCallback
                0x08003074        0x2 ./system/src/stm32f4-hal/stm32f4xx_hal_tim.o
                0x08003074                HAL_TIM_IC_CaptureCallback
 .text.HAL_TIM_PWM_PulseFinishedCallback
                0x08003076        0x2 ./system/src/stm32f4-hal/stm32f4xx_hal_tim.o
                0x08003076                HAL_TIM_PWM_PulseFinishedCallback
 .text.HAL_TIM_TriggerCallback
                0x08003078        0x2 ./system/src/stm32f4-hal/stm32f4xx_hal_tim.o
                0x08003078                HAL_TIM_TriggerCallback
 .text.HAL_TIM_IRQHandler
                0x0800307a      0x144 ./system/src/stm32f4-hal/stm32f4xx_hal_tim.o
                0x0800307a                HAL_TIM_IRQHandler
 *fill*         0x080031be        0x2 
 .text.TIM_Base_SetConfig
                0x080031c0       0xc8 ./system/src/stm32f4-hal/stm32f4xx_hal_tim.o
                0x080031c0                TIM_Base_SetConfig
 .text.HAL_TIM_Base_Init
                0x08003288       0x34 ./system/src/stm32f4-hal/stm32f4xx_hal_tim.o
                0x08003288                HAL_TIM_Base_Init
 .text.HAL_TIMEx_MasterConfigSynchronization
                0x080032bc       0x44 ./system/src/stm32f4-hal/stm32f4xx_hal_tim_ex.o
                0x080032bc                HAL_TIMEx_MasterConfigSynchronization
 .text.HAL_TIMEx_CommutationCallback
                0x08003300        0x2 ./system/src/stm32f4-hal/stm32f4xx_hal_tim_ex.o
                0x08003300                HAL_TIMEx_CommutationCallback
 .text.HAL_TIMEx_BreakCallback
                0x08003302        0x2 ./system/src/stm32f4-hal/stm32f4xx_hal_tim_ex.o
                0x08003302                HAL_TIMEx_BreakCallback
 .text.UART_SetConfig
                0x08003304      0x23c ./system/src/stm32f4-hal/stm32f4xx_hal_uart.o
 .text.UART_WaitOnFlagUntilTimeout.constprop.1
                0x08003540       0x64 ./system/src/stm32f4-hal/stm32f4xx_hal_uart.o
 .text.HAL_UART_Init
                0x080035a4       0x5c ./system/src/stm32f4-hal/stm32f4xx_hal_uart.o
                0x080035a4                HAL_UART_Init
 .text.HAL_UART_Transmit
                0x08003600       0x9c ./system/src/stm32f4-hal/stm32f4xx_hal_uart.o
                0x08003600                HAL_UART_Transmit
 .text.HAL_UART_Receive_IT
                0x0800369c       0x4e ./system/src/stm32f4-hal/stm32f4xx_hal_uart.o
                0x0800369c                HAL_UART_Receive_IT
 .text.HAL_UART_TxCpltCallback
                0x080036ea        0x2 ./system/src/stm32f4-hal/stm32f4xx_hal_uart.o
                0x080036ea                HAL_UART_TxCpltCallback
 .text.HAL_UART_IRQHandler
                0x080036ec      0x19c ./system/src/stm32f4-hal/stm32f4xx_hal_uart.o
                0x080036ec                HAL_UART_IRQHandler
 .text.SDIO_Init
                0x08003888       0x36 ./system/src/stm32f4-hal/stm32f4xx_ll_sdmmc.o
                0x08003888                SDIO_Init
 .text.SDIO_ReadFIFO
                0x080038be        0x6 ./system/src/stm32f4-hal/stm32f4xx_ll_sdmmc.o
                0x080038be                SDIO_ReadFIFO
 .text.SDIO_WriteFIFO
                0x080038c4        0xa ./system/src/stm32f4-hal/stm32f4xx_ll_sdmmc.o
                0x080038c4                SDIO_WriteFIFO
 .text.SDIO_PowerState_ON
                0x080038ce        0x8 ./system/src/stm32f4-hal/stm32f4xx_ll_sdmmc.o
                0x080038ce                SDIO_PowerState_ON
 .text.SDIO_GetPowerState
                0x080038d6        0x8 ./system/src/stm32f4-hal/stm32f4xx_ll_sdmmc.o
                0x080038d6                SDIO_GetPowerState
 .text.SDIO_SendCommand
                0x080038de       0x26 ./system/src/stm32f4-hal/stm32f4xx_ll_sdmmc.o
                0x080038de                SDIO_SendCommand
 .text.SDIO_GetCommandResponse
                0x08003904        0x6 ./system/src/stm32f4-hal/stm32f4xx_ll_sdmmc.o
                0x08003904                SDIO_GetCommandResponse
 *fill*         0x0800390a        0x2 
 .text.SDIO_GetResponse
                0x0800390c       0x18 ./system/src/stm32f4-hal/stm32f4xx_ll_sdmmc.o
                0x0800390c                SDIO_GetResponse
 .text.SDIO_DataConfig
                0x08003924       0x26 ./system/src/stm32f4-hal/stm32f4xx_ll_sdmmc.o
                0x08003924                SDIO_DataConfig
 .text._exit    0x0800394a        0x6 ./system/src/newlib/_exit.o
                0x0800394a                _exit
 .text._sbrk    0x08003950       0x40 ./system/src/newlib/_sbrk.o
                0x08003950                _sbrk
 .text.__initialize_args
                0x08003990       0x10 ./system/src/newlib/_syscalls.o
                0x08003990                __initialize_args
 .text.__initialize_hardware_early
                0x080039a0       0x18 ./system/src/cortexm/_initialize_hardware.o
                0x080039a0                __initialize_hardware_early
 .text.__initialize_hardware
                0x080039b8        0x4 ./system/src/cortexm/_initialize_hardware.o
                0x080039b8                __initialize_hardware
 .text.__reset_hardware
                0x080039bc       0x24 ./system/src/cortexm/_reset_hardware.o
                0x080039bc                __reset_hardware
 .text.isSemihosting
                0x080039e0       0x1c ./system/src/cortexm/exception_handlers.o
                0x080039e0                isSemihosting
 .text.SystemInit
                0x080039fc       0x40 ./system/src/cmsis/system_stm32f4xx.o
                0x080039fc                SystemInit
 .text.SystemCoreClockUpdate
                0x08003a3c       0x74 ./system/src/cmsis/system_stm32f4xx.o
                0x08003a3c                SystemCoreClockUpdate
 .text.OnMessage
                0x08003ab0       0x1c ./src/edge_comm/GSM_MQTT.o
                0x08003ab0                OnMessage
 .text.initSerialBuf
                0x08003acc       0x12 ./src/edge_comm/GSM_MQTT.o
                0x08003acc                initSerialBuf
 *fill*         0x08003ade        0x2 
 .text.serialAvailable
                0x08003ae0       0x34 ./src/edge_comm/GSM_MQTT.o
                0x08003ae0                serialAvailable
 .text.serialGet
                0x08003b14       0x40 ./src/edge_comm/GSM_MQTT.o
                0x08003b14                serialGet
 .text.serialRead
                0x08003b54       0x1a ./src/edge_comm/GSM_MQTT.o
                0x08003b54                serialRead
 .text.serialPrint
                0x08003b6e       0x20 ./src/edge_comm/GSM_MQTT.o
                0x08003b6e                serialPrint
 .text.serialWrite
                0x08003b8e       0x4c ./src/edge_comm/GSM_MQTT.o
                0x08003b8e                serialWrite
 .text.GSM_MQTT_constructor
                0x08003bda       0x58 ./src/edge_comm/GSM_MQTT.o
                0x08003bda                GSM_MQTT_constructor
 *fill*         0x08003c32        0x2 
 .text.MQTT_start
                0x08003c34        0xc ./src/edge_comm/GSM_MQTT.o
                0x08003c34                MQTT_start
 .text._sendUTFString
                0x08003c40       0x48 ./src/edge_comm/GSM_MQTT.o
                0x08003c40                _sendUTFString
 .text._sendLength
                0x08003c88       0x24 ./src/edge_comm/GSM_MQTT.o
                0x08003c88                _sendLength
 .text._ping    0x08003cac       0x44 ./src/edge_comm/GSM_MQTT.o
                0x08003cac                _ping
 .text._connect
                0x08003cf0      0x110 ./src/edge_comm/GSM_MQTT.o
                0x08003cf0                _connect
 .text.AutoConnect
                0x08003e00       0x30 ./src/edge_comm/GSM_MQTT.o
                0x08003e00                AutoConnect
 .text.publish  0x08003e30       0x6c ./src/edge_comm/GSM_MQTT.o
                0x08003e30                publish
 .text.publishACK
                0x08003e9c       0x2a ./src/edge_comm/GSM_MQTT.o
                0x08003e9c                publishACK
 .text.publishREC
                0x08003ec6       0x2a ./src/edge_comm/GSM_MQTT.o
                0x08003ec6                publishREC
 .text.publishREL
                0x08003ef0       0x2e ./src/edge_comm/GSM_MQTT.o
                0x08003ef0                publishREL
 .text.publishCOMP
                0x08003f1e       0x2a ./src/edge_comm/GSM_MQTT.o
                0x08003f1e                publishCOMP
 .text.subscribe
                0x08003f48       0x4a ./src/edge_comm/GSM_MQTT.o
                0x08003f48                subscribe
 .text.disconnect
                0x08003f92       0x1a ./src/edge_comm/GSM_MQTT.o
                0x08003f92                disconnect
 .text._generateMessageID
                0x08003fac       0x26 ./src/edge_comm/GSM_MQTT.o
                0x08003fac                _generateMessageID
 *fill*         0x08003fd2        0x2 
 .text.OnConnect
                0x08003fd4       0x68 ./src/edge_comm/GSM_MQTT.o
                0x08003fd4                OnConnect
 .text.available
                0x0800403c        0x4 ./src/edge_comm/GSM_MQTT.o
                0x0800403c                available
 .text.serialEvent
                0x08004040      0x470 ./src/edge_comm/GSM_MQTT.o
                0x08004040                serialEvent
 .text._sendAT  0x080044b0       0x48 ./src/edge_comm/GSM_MQTT.o
                0x080044b0                _sendAT
 .text.sendATreply
                0x080044f8       0x3c ./src/edge_comm/GSM_MQTT.o
                0x080044f8                sendATreply
 .text._pingRespHandler
                0x08004534       0x54 ./src/edge_comm/GSM_MQTT.o
                0x08004534                _pingRespHandler
 .text._tcpInit
                0x08004588      0x28c ./src/edge_comm/GSM_MQTT.o
                0x08004588                _tcpInit
 .text.begin    0x08004814       0x38 ./src/edge_comm/GSM_MQTT.o
                0x08004814                begin
 .text.processing
                0x0800484c       0x3c ./src/edge_comm/GSM_MQTT.o
                0x0800484c                processing
 .text.init_miniBuff
                0x08004888        0x8 ./src/edge_comm/GSM_MQTT.o
                0x08004888                init_miniBuff
 .text.push_miniBuff
                0x08004890       0x1e ./src/edge_comm/GSM_MQTT.o
                0x08004890                push_miniBuff
 .text.pop_miniBuff
                0x080048ae       0x1c ./src/edge_comm/GSM_MQTT.o
                0x080048ae                pop_miniBuff
 *fill*         0x080048ca        0x2 
 .text.CommInit
                0x080048cc       0x38 ./src/edge_comm/edge_comm.o
                0x080048cc                CommInit
 .text.sendEnvironmentMessage
                0x08004904      0x1fc ./src/edge_comm/edge_comm.o
                0x08004904                sendEnvironmentMessage
 .text.parseMovementMessage
                0x08004b00      0x19c ./src/edge_comm/edge_comm.o
                0x08004b00                parseMovementMessage
 .text.sendMovementMessage
                0x08004c9c       0x7c ./src/edge_comm/edge_comm.o
                0x08004c9c                sendMovementMessage
 .text.MQTTProcessing
                0x08004d18       0x24 ./src/edge_comm/edge_comm.o
                0x08004d18                MQTTProcessing
 .text.hex_char_to_int
                0x08004d3c       0x28 ./src/edge_comm/parson.o
 .text.parse_utf16_hex
                0x08004d64       0x78 ./src/edge_comm/parson.o
 .text.json_value_init_string_no_copy
                0x08004ddc       0x20 ./src/edge_comm/parson.o
 .text.get_quoted_string
                0x08004dfc      0x21c ./src/edge_comm/parson.o
 .text.json_object_resize
                0x08005018       0x8c ./src/edge_comm/parson.o
 .text.json_array_resize
                0x080050a4       0x44 ./src/edge_comm/parson.o
 .text.json_array_add
                0x080050e8       0x40 ./src/edge_comm/parson.o
 .text.parson_strndup
                0x08005128       0x28 ./src/edge_comm/parson.o
 .text.parson_strdup
                0x08005150       0x14 ./src/edge_comm/parson.o
 .text.json_object_nget_value
                0x08005164       0x4e ./src/edge_comm/parson.o
 *fill*         0x080051b2        0x2 
 .text.append_string
                0x080051b4       0x14 ./src/edge_comm/parson.o
 .text.append_indent
                0x080051c8       0x34 ./src/edge_comm/parson.o
 .text.json_serialize_string
                0x080051fc      0x1e0 ./src/edge_comm/parson.o
 .text.json_object_get_value
                0x080053dc       0x22 ./src/edge_comm/parson.o
                0x080053dc                json_object_get_value
 .text.json_object_add
                0x080053fe       0x76 ./src/edge_comm/parson.o
 .text.json_object_get_name
                0x08005474       0x14 ./src/edge_comm/parson.o
                0x08005474                json_object_get_name
 .text.json_array_get_value
                0x08005488       0x14 ./src/edge_comm/parson.o
                0x08005488                json_array_get_value
 .text.json_value_get_object
                0x0800549c       0x10 ./src/edge_comm/parson.o
                0x0800549c                json_value_get_object
 .text.json_object_get_object
                0x080054ac        0xe ./src/edge_comm/parson.o
                0x080054ac                json_object_get_object
 .text.json_value_get_array
                0x080054ba       0x10 ./src/edge_comm/parson.o
                0x080054ba                json_value_get_array
 .text.json_value_get_string
                0x080054ca       0x10 ./src/edge_comm/parson.o
                0x080054ca                json_value_get_string
 .text.json_object_get_string
                0x080054da        0xe ./src/edge_comm/parson.o
                0x080054da                json_object_get_string
 .text.json_value_get_number
                0x080054e8       0x14 ./src/edge_comm/parson.o
                0x080054e8                json_value_get_number
 .text.json_object_get_number
                0x080054fc        0xe ./src/edge_comm/parson.o
                0x080054fc                json_object_get_number
 .text.json_value_get_boolean
                0x0800550a       0x12 ./src/edge_comm/parson.o
                0x0800550a                json_value_get_boolean
 .text.json_serialize_to_buffer_r
                0x0800551c      0x2f4 ./src/edge_comm/parson.o
 .text.json_value_free
                0x08005810       0x90 ./src/edge_comm/parson.o
                0x08005810                json_value_free
 .text.json_value_init_object
                0x080058a0       0x48 ./src/edge_comm/parson.o
                0x080058a0                json_value_init_object
 .text.json_value_init_array
                0x080058e8       0x44 ./src/edge_comm/parson.o
                0x080058e8                json_value_init_array
 .text.json_value_init_string
                0x0800592c      0x134 ./src/edge_comm/parson.o
                0x0800592c                json_value_init_string
 .text.json_value_init_number
                0x08005a60       0x24 ./src/edge_comm/parson.o
                0x08005a60                json_value_init_number
 .text.json_value_init_boolean
                0x08005a84       0x24 ./src/edge_comm/parson.o
                0x08005a84                json_value_init_boolean
 .text.json_value_init_null
                0x08005aa8       0x1c ./src/edge_comm/parson.o
                0x08005aa8                json_value_init_null
 .text.parse_value.part.0
                0x08005ac4      0x370 ./src/edge_comm/parson.o
 .text.json_parse_string
                0x08005e34       0x30 ./src/edge_comm/parson.o
                0x08005e34                json_parse_string
 .text.json_serialization_size_pretty
                0x08005e64       0x24 ./src/edge_comm/parson.o
                0x08005e64                json_serialization_size_pretty
 .text.json_serialize_to_buffer_pretty
                0x08005e88       0x2c ./src/edge_comm/parson.o
                0x08005e88                json_serialize_to_buffer_pretty
 .text.json_free_serialized_string
                0x08005eb4        0xc ./src/edge_comm/parson.o
                0x08005eb4                json_free_serialized_string
 .text.json_serialize_to_string_pretty
                0x08005ec0       0x34 ./src/edge_comm/parson.o
                0x08005ec0                json_serialize_to_string_pretty
 .text.json_array_append_value
                0x08005ef4       0x12 ./src/edge_comm/parson.o
                0x08005ef4                json_array_append_value
 .text.json_array_append_string
                0x08005f06       0x30 ./src/edge_comm/parson.o
                0x08005f06                json_array_append_string
 .text.json_object_set_value
                0x08005f36       0x60 ./src/edge_comm/parson.o
                0x08005f36                json_object_set_value
 .text.json_object_set_string
                0x08005f96       0x1a ./src/edge_comm/parson.o
                0x08005f96                json_object_set_string
 .text.json_object_set_number
                0x08005fb0       0x1c ./src/edge_comm/parson.o
                0x08005fb0                json_object_set_number
 .text.json_object_dotset_value
                0x08005fcc       0x94 ./src/edge_comm/parson.o
                0x08005fcc                json_object_dotset_value
 .text.json_object_dotset_string
                0x08006060       0x34 ./src/edge_comm/parson.o
                0x08006060                json_object_dotset_string
 .text.json_object_dotset_number
                0x08006094       0x36 ./src/edge_comm/parson.o
                0x08006094                json_object_dotset_number
 .text.json_object
                0x080060ca        0x4 ./src/edge_comm/parson.o
                0x080060ca                json_object
 *fill*         0x080060ce        0x2 
 .text.disk_status
                0x080060d0       0x14 ./src/FatFs/diskio.o
                0x080060d0                disk_status
 .text.disk_initialize
                0x080060e4       0x20 ./src/FatFs/diskio.o
                0x080060e4                disk_initialize
 .text.disk_read
                0x08006104       0x1c ./src/FatFs/diskio.o
                0x08006104                disk_read
 .text.disk_write
                0x08006120       0x1c ./src/FatFs/diskio.o
                0x08006120                disk_write
 .text.disk_ioctl
                0x0800613c       0x18 ./src/FatFs/diskio.o
                0x0800613c                disk_ioctl
 .text.mem_cpy  0x08006154       0x14 ./src/FatFs/ff.o
 .text.mem_set  0x08006168        0xe ./src/FatFs/ff.o
 *fill*         0x08006176        0x2 
 .text.chk_lock
                0x08006178       0x70 ./src/FatFs/ff.o
 .text.inc_lock
                0x080061e8       0x9c ./src/FatFs/ff.o
 .text.dec_lock
                0x08006284       0x38 ./src/FatFs/ff.o
 .text.clmt_clust
                0x080062bc       0x28 ./src/FatFs/ff.o
 .text.sum_sfn  0x080062e4       0x1e ./src/FatFs/ff.o
 .text.get_ldnumber
                0x08006302       0x34 ./src/FatFs/ff.o
 .text.validate
                0x08006336       0x2e ./src/FatFs/ff.o
 .text.ld_clust.isra.0
                0x08006364       0x1c ./src/FatFs/ff.o
 .text.sync_window.part.1
                0x08006380       0x52 ./src/FatFs/ff.o
 .text.sync_window
                0x080063d2        0xe ./src/FatFs/ff.o
 .text.sync_fs  0x080063e0       0xb6 ./src/FatFs/ff.o
 .text.move_window
                0x08006496       0x3a ./src/FatFs/ff.o
 .text.check_fs
                0x080064d0       0x58 ./src/FatFs/ff.o
 .text.find_volume
                0x08006528      0x2a0 ./src/FatFs/ff.o
 .text.clust2sect
                0x080067c8       0x1c ./src/FatFs/ff.o
                0x080067c8                clust2sect
 .text.get_fat  0x080067e4       0xc2 ./src/FatFs/ff.o
                0x080067e4                get_fat
 .text.dir_sdi  0x080068a6       0x9c ./src/FatFs/ff.o
 .text.put_fat  0x08006942       0xec ./src/FatFs/ff.o
                0x08006942                put_fat
 .text.create_chain
                0x08006a2e       0xb4 ./src/FatFs/ff.o
 .text.dir_next
                0x08006ae2      0x122 ./src/FatFs/ff.o
 .text.remove_chain
                0x08006c04       0x64 ./src/FatFs/ff.o
 .text.f_mount  0x08006c68       0x70 ./src/FatFs/ff.o
                0x08006c68                f_mount
 .text.f_read   0x08006cd8      0x18a ./src/FatFs/ff.o
                0x08006cd8                f_read
 .text.f_write  0x08006e62      0x1da ./src/FatFs/ff.o
                0x08006e62                f_write
 .text.f_sync   0x0800703c       0xca ./src/FatFs/ff.o
                0x0800703c                f_sync
 .text.f_close  0x08007106       0x22 ./src/FatFs/ff.o
                0x08007106                f_close
 .text.ff_wtoupper
                0x08007128       0x18 ./src/FatFs/ff.o
                0x08007128                ff_wtoupper
 .text.dir_find.part.11
                0x08007140      0x138 ./src/FatFs/ff.o
 .text.dir_register
                0x08007278      0x260 ./src/FatFs/ff.o
 .text.follow_path
                0x080074d8      0x258 ./src/FatFs/ff.o
 .text.f_open   0x08007730      0x1a0 ./src/FatFs/ff.o
                0x08007730                f_open
 .text.FATFS_LinkDriverEx
                0x080078d0       0x44 ./src/FatFs/ff_gen_drv.o
                0x080078d0                FATFS_LinkDriverEx
 .text.FATFS_LinkDriver
                0x08007914        0x6 ./src/FatFs/ff_gen_drv.o
                0x08007914                FATFS_LinkDriver
 *fill*         0x0800791a        0x2 
 .text.SD_initialize
                0x0800791c       0x20 ./src/FatFs/sd_diskio.o
                0x0800791c                SD_initialize
 .text.SD_status
                0x0800793c       0x20 ./src/FatFs/sd_diskio.o
                0x0800793c                SD_status
 .text.SD_read  0x0800795c       0x20 ./src/FatFs/sd_diskio.o
                0x0800795c                SD_read
 .text.SD_write
                0x0800797c       0x20 ./src/FatFs/sd_diskio.o
                0x0800797c                SD_write
 .text.SD_ioctl
                0x0800799c       0x54 ./src/FatFs/sd_diskio.o
                0x0800799c                SD_ioctl
 .text.BSP_SD_Init
                0x080079f0       0x38 ./src/bsp_driver_sd.o
                0x080079f0                BSP_SD_Init
 .text.BSP_SD_ReadBlocks
                0x08007a28       0x24 ./src/bsp_driver_sd.o
                0x08007a28                BSP_SD_ReadBlocks
 .text.BSP_SD_WriteBlocks
                0x08007a4c       0x24 ./src/bsp_driver_sd.o
                0x08007a4c                BSP_SD_WriteBlocks
 .text.BSP_SD_GetStatus
                0x08007a70        0xc ./src/bsp_driver_sd.o
                0x08007a70                BSP_SD_GetStatus
 .text.BSP_SD_GetCardInfo
                0x08007a7c        0xc ./src/bsp_driver_sd.o
                0x08007a7c                BSP_SD_GetCardInfo
 .text.init_cBuff
                0x08007a88       0x10 ./src/circ_buff.o
                0x08007a88                init_cBuff
 .text.push_cBuff
                0x08007a98       0x26 ./src/circ_buff.o
                0x08007a98                push_cBuff
 .text.pop_cBuff
                0x08007abe       0x2a ./src/circ_buff.o
                0x08007abe                pop_cBuff
 .text.flush_cBuff
                0x08007ae8       0x22 ./src/circ_buff.o
                0x08007ae8                flush_cBuff
 *fill*         0x08007b0a        0x2 
 .text.MX_FATFS_Init
                0x08007b0c       0x1c ./src/fatfs.o
                0x08007b0c                MX_FATFS_Init
 .text.get_fattime
                0x08007b28        0x4 ./src/fatfs.o
                0x08007b28                get_fattime
 .text.SystemClock_Config
                0x08007b2c       0xd0 ./src/init.o
                0x08007b2c                SystemClock_Config
 .text.MX_ADC3_Init
                0x08007bfc       0xac ./src/init.o
                0x08007bfc                MX_ADC3_Init
 .text.MX_I2C2_Init
                0x08007ca8       0x40 ./src/init.o
                0x08007ca8                MX_I2C2_Init
 .text.MX_RTC_Init
                0x08007ce8       0x34 ./src/init.o
                0x08007ce8                MX_RTC_Init
 .text.MX_SDIO_SD_Init
                0x08007d1c       0x20 ./src/init.o
                0x08007d1c                MX_SDIO_SD_Init
 .text.MX_SPI1_Init
                0x08007d3c       0x48 ./src/init.o
                0x08007d3c                MX_SPI1_Init
 .text.MX_TIM2_Init
                0x08007d84       0x74 ./src/init.o
                0x08007d84                MX_TIM2_Init
 .text.MX_TIM4_Init
                0x08007df8       0x74 ./src/init.o
                0x08007df8                MX_TIM4_Init
 .text.MX_USART2_UART_Init
                0x08007e6c       0x38 ./src/init.o
                0x08007e6c                MX_USART2_UART_Init
 .text.MX_GPIO_Init
                0x08007ea4      0x10c ./src/init.o
                0x08007ea4                MX_GPIO_Init
 .text.config_error
                0x08007fb0        0xc ./src/init.o
                0x08007fb0                config_error
 .text.restart_init
                0x08007fbc       0x3c ./src/init.o
                0x08007fbc                restart_init
 .text.write_default_cfgfile
                0x08007ff8      0x134 ./src/init.o
                0x08007ff8                write_default_cfgfile
 .text.load_config_sd.part.0
                0x0800812c      0x190 ./src/init.o
 .text.load_config_sd
                0x080082bc       0x2c ./src/init.o
                0x080082bc                load_config_sd
 .text.modemPWR
                0x080082e8       0x50 ./src/init.o
                0x080082e8                modemPWR
 .text.setMAX   0x08008338       0x54 ./src/init.o
                0x08008338                setMAX
 .text.checkRTC
                0x0800838c       0x34 ./src/init.o
                0x0800838c                checkRTC
 .text.check_string
                0x080083c0       0x54 ./src/init.o
                0x080083c0                check_string
 .text.setRTC   0x08008414      0x488 ./src/init.o
                0x08008414                setRTC
 .text.init_settings
                0x0800889c       0x60 ./src/init.o
                0x0800889c                init_settings
 .text.startup.main
                0x080088fc      0x118 ./src/main.o
                0x080088fc                main
 .text.HAL_UART_RxCpltCallback
                0x08008a14       0x48 ./src/main.o
                0x08008a14                HAL_UART_RxCpltCallback
 .text.HAL_TIM_PeriodElapsedCallback
                0x08008a5c       0x38 ./src/main.o
                0x08008a5c                HAL_TIM_PeriodElapsedCallback
 .text.HAL_UART_ErrorCallback
                0x08008a94       0x2c ./src/main.o
                0x08008a94                HAL_UART_ErrorCallback
 .text.HAL_ADC_ConvCpltCallback
                0x08008ac0       0x54 ./src/measurement.o
                0x08008ac0                HAL_ADC_ConvCpltCallback
 .text.read_last
                0x08008b14       0x12 ./src/measurement.o
                0x08008b14                read_last
 .text.init_meas_flag_block
                0x08008b26       0x4a ./src/measurement.o
                0x08008b26                init_meas_flag_block
 .text.meas_datamove
                0x08008b70      0x394 ./src/measurement.o
                0x08008b70                meas_datamove
 .text.intoa_conv
                0x08008f04       0x52 ./src/measurement.o
                0x08008f04                intoa_conv
 *fill*         0x08008f56        0x2 
 .text.getTimeStamp
                0x08008f58      0x15c ./src/measurement.o
                0x08008f58                getTimeStamp
 .text.readTelaire
                0x080090b4       0x7c ./src/measurement.o
                0x080090b4                readTelaire
 .text.readPT   0x08009130      0x180 ./src/measurement.o
                0x08009130                readPT
 .text.envMeas  0x080092b0       0x3c ./src/measurement.o
                0x080092b0                envMeas
 .text.movMeas  0x080092ec      0x1d4 ./src/measurement.o
                0x080092ec                movMeas
 .text.p_error  0x080094c0       0x38 ./src/statemachine.o
                0x080094c0                p_error
 .text.p_low    0x080094f8       0x34 ./src/statemachine.o
                0x080094f8                p_low
 .text.p_high   0x0800952c       0x34 ./src/statemachine.o
                0x0800952c                p_high
 .text.p_meas_up
                0x08009560       0x70 ./src/statemachine.o
                0x08009560                p_meas_up
 .text.p_meas_down
                0x080095d0       0x70 ./src/statemachine.o
                0x080095d0                p_meas_down
 .text.p_start  0x08009640       0x54 ./src/statemachine.o
                0x08009640                p_start
 .text.statemachine_process
                0x08009694       0x1c ./src/statemachine.o
                0x08009694                statemachine_process
 .text.HAL_MspInit
                0x080096b0       0x60 ./src/stm32f4xx_hal_msp.o
                0x080096b0                HAL_MspInit
 .text.HAL_ADC_MspInit
                0x08009710       0x58 ./src/stm32f4xx_hal_msp.o
                0x08009710                HAL_ADC_MspInit
 .text.HAL_I2C_MspInit
                0x08009768       0x50 ./src/stm32f4xx_hal_msp.o
                0x08009768                HAL_I2C_MspInit
 .text.HAL_RTC_MspInit
                0x080097b8       0x18 ./src/stm32f4xx_hal_msp.o
                0x080097b8                HAL_RTC_MspInit
 .text.HAL_SD_MspInit
                0x080097d0       0x68 ./src/stm32f4xx_hal_msp.o
                0x080097d0                HAL_SD_MspInit
 .text.HAL_SPI_MspInit
                0x08009838       0x60 ./src/stm32f4xx_hal_msp.o
                0x08009838                HAL_SPI_MspInit
 .text.HAL_TIM_Base_MspInit
                0x08009898       0x6c ./src/stm32f4xx_hal_msp.o
                0x08009898                HAL_TIM_Base_MspInit
 .text.HAL_UART_MspInit
                0x08009904       0x60 ./src/stm32f4xx_hal_msp.o
                0x08009904                HAL_UART_MspInit
 .text.NMI_Handler
                0x08009964        0x2 ./src/stm32f4xx_it.o
                0x08009964                NMI_Handler
 .text.HardFault_Handler
                0x08009966        0x8 ./src/stm32f4xx_it.o
                0x08009966                HardFault_Handler
 .text.MemManage_Handler
                0x0800996e        0x2 ./src/stm32f4xx_it.o
                0x0800996e                MemManage_Handler
 .text.BusFault_Handler
                0x08009970        0x2 ./src/stm32f4xx_it.o
                0x08009970                BusFault_Handler
 .text.UsageFault_Handler
                0x08009972        0x2 ./src/stm32f4xx_it.o
                0x08009972                UsageFault_Handler
 .text.SVC_Handler
                0x08009974        0x2 ./src/stm32f4xx_it.o
                0x08009974                SVC_Handler
 .text.DebugMon_Handler
                0x08009976        0x2 ./src/stm32f4xx_it.o
                0x08009976                DebugMon_Handler
 .text.PendSV_Handler
                0x08009978        0x2 ./src/stm32f4xx_it.o
                0x08009978                PendSV_Handler
 .text.SysTick_Handler
                0x0800997a        0xe ./src/stm32f4xx_it.o
                0x0800997a                SysTick_Handler
 .text.ADC_IRQHandler
                0x08009988        0xc ./src/stm32f4xx_it.o
                0x08009988                ADC_IRQHandler
 .text.TIM2_IRQHandler
                0x08009994        0xc ./src/stm32f4xx_it.o
                0x08009994                TIM2_IRQHandler
 .text.TIM4_IRQHandler
                0x080099a0        0xc ./src/stm32f4xx_it.o
                0x080099a0                TIM4_IRQHandler
 .text.USART2_IRQHandler
                0x080099ac        0xc ./src/stm32f4xx_it.o
                0x080099ac                USART2_IRQHandler
 .text          0x080099b8      0x370 /usr/local/gcc-arm-none-eabi-5_4-2016q2/bin/../lib/gcc/arm-none-eabi/5.4.1/armv7e-m/libgcc.a(_arm_addsubdf3.o)
                0x080099b8                __aeabi_drsub
                0x080099c0                __aeabi_dsub
                0x080099c0                __subdf3
                0x080099c4                __adddf3
                0x080099c4                __aeabi_dadd
                0x08009c3c                __aeabi_ui2d
                0x08009c3c                __floatunsidf
                0x08009c5c                __floatsidf
                0x08009c5c                __aeabi_i2d
                0x08009c80                __extendsfdf2
                0x08009c80                __aeabi_f2d
                0x08009cbc                __aeabi_ul2d
                0x08009cbc                __floatundidf
                0x08009ccc                __floatdidf
                0x08009ccc                __aeabi_l2d
 .text          0x08009d28      0x424 /usr/local/gcc-arm-none-eabi-5_4-2016q2/bin/../lib/gcc/arm-none-eabi/5.4.1/armv7e-m/libgcc.a(_arm_muldivdf3.o)
                0x08009d28                __aeabi_dmul
                0x08009d28                __muldf3
                0x08009f7c                __aeabi_ddiv
                0x08009f7c                __divdf3
 .text          0x0800a14c      0x110 /usr/local/gcc-arm-none-eabi-5_4-2016q2/bin/../lib/gcc/arm-none-eabi/5.4.1/armv7e-m/libgcc.a(_arm_cmpdf2.o)
                0x0800a14c                __gtdf2
                0x0800a14c                __gedf2
                0x0800a154                __ltdf2
                0x0800a154                __ledf2
                0x0800a15c                __cmpdf2
                0x0800a15c                __eqdf2
                0x0800a15c                __nedf2
                0x0800a1d8                __aeabi_cdrcmple
                0x0800a1e8                __aeabi_cdcmple
                0x0800a1e8                __aeabi_cdcmpeq
                0x0800a1f8                __aeabi_dcmpeq
                0x0800a20c                __aeabi_dcmplt
                0x0800a220                __aeabi_dcmple
                0x0800a234                __aeabi_dcmpge
                0x0800a248                __aeabi_dcmpgt
 .text          0x0800a25c       0x50 /usr/local/gcc-arm-none-eabi-5_4-2016q2/bin/../lib/gcc/arm-none-eabi/5.4.1/armv7e-m/libgcc.a(_arm_fixdfsi.o)
                0x0800a25c                __fixdfsi
                0x0800a25c                __aeabi_d2iz
 .text          0x0800a2ac       0x40 /usr/local/gcc-arm-none-eabi-5_4-2016q2/bin/../lib/gcc/arm-none-eabi/5.4.1/armv7e-m/libgcc.a(_arm_fixunsdfsi.o)
                0x0800a2ac                __fixunsdfsi
                0x0800a2ac                __aeabi_d2uiz
 .text          0x0800a2ec       0xa0 /usr/local/gcc-arm-none-eabi-5_4-2016q2/bin/../lib/gcc/arm-none-eabi/5.4.1/armv7e-m/libgcc.a(_arm_truncdfsf2.o)
                0x0800a2ec                __aeabi_d2f
                0x0800a2ec                __truncdfsf2
 .text          0x0800a38c      0x21c /usr/local/gcc-arm-none-eabi-5_4-2016q2/bin/../lib/gcc/arm-none-eabi/5.4.1/armv7e-m/libgcc.a(_arm_addsubsf3.o)
                0x0800a38c                __aeabi_frsub
                0x0800a394                __subsf3
                0x0800a394                __aeabi_fsub
                0x0800a398                __aeabi_fadd
                0x0800a398                __addsf3
                0x0800a4f8                __aeabi_ui2f
                0x0800a4f8                __floatunsisf
                0x0800a500                __aeabi_i2f
                0x0800a500                __floatsisf
                0x0800a51c                __floatundisf
                0x0800a51c                __aeabi_ul2f
                0x0800a52c                __floatdisf
                0x0800a52c                __aeabi_l2f
 .text          0x0800a5a8      0x2a0 /usr/local/gcc-arm-none-eabi-5_4-2016q2/bin/../lib/gcc/arm-none-eabi/5.4.1/armv7e-m/libgcc.a(_arm_muldivsf3.o)
                0x0800a5a8                __mulsf3
                0x0800a5a8                __aeabi_fmul
                0x0800a710                __divsf3
                0x0800a710                __aeabi_fdiv
 .text.atoi     0x0800a848        0x8 /usr/local/gcc-arm-none-eabi-5_4-2016q2/bin/../lib/gcc/arm-none-eabi/5.4.1/../../../../arm-none-eabi/lib/armv7e-m/libg_nano.a(lib_a-atoi.o)
                0x0800a848                atoi
 .text.__errno  0x0800a850        0xc /usr/local/gcc-arm-none-eabi-5_4-2016q2/bin/../lib/gcc/arm-none-eabi/5.4.1/../../../../arm-none-eabi/lib/armv7e-m/libg_nano.a(lib_a-errno.o)
                0x0800a850                __errno
 .text.__itoa   0x0800a85c       0x2e /usr/local/gcc-arm-none-eabi-5_4-2016q2/bin/../lib/gcc/arm-none-eabi/5.4.1/../../../../arm-none-eabi/lib/armv7e-m/libg_nano.a(lib_a-itoa.o)
                0x0800a85c                __itoa
 .text.itoa     0x0800a88a        0x4 /usr/local/gcc-arm-none-eabi-5_4-2016q2/bin/../lib/gcc/arm-none-eabi/5.4.1/../../../../arm-none-eabi/lib/armv7e-m/libg_nano.a(lib_a-itoa.o)
                0x0800a88a                itoa
 *fill*         0x0800a88e        0x2 
 .text.malloc   0x0800a890       0x10 /usr/local/gcc-arm-none-eabi-5_4-2016q2/bin/../lib/gcc/arm-none-eabi/5.4.1/../../../../arm-none-eabi/lib/armv7e-m/libg_nano.a(lib_a-malloc.o)
                0x0800a890                malloc
 .text.free     0x0800a8a0       0x10 /usr/local/gcc-arm-none-eabi-5_4-2016q2/bin/../lib/gcc/arm-none-eabi/5.4.1/../../../../arm-none-eabi/lib/armv7e-m/libg_nano.a(lib_a-malloc.o)
                0x0800a8a0                free
 .text.memcpy   0x0800a8b0       0x16 /usr/local/gcc-arm-none-eabi-5_4-2016q2/bin/../lib/gcc/arm-none-eabi/5.4.1/../../../../arm-none-eabi/lib/armv7e-m/libg_nano.a(lib_a-memcpy-stub.o)
                0x0800a8b0                memcpy
 .text.memset   0x0800a8c6       0x10 /usr/local/gcc-arm-none-eabi-5_4-2016q2/bin/../lib/gcc/arm-none-eabi/5.4.1/../../../../arm-none-eabi/lib/armv7e-m/libg_nano.a(lib_a-memset.o)
                0x0800a8c6                memset
 *fill*         0x0800a8d6        0x2 
 .text._free_r  0x0800a8d8       0x9c /usr/local/gcc-arm-none-eabi-5_4-2016q2/bin/../lib/gcc/arm-none-eabi/5.4.1/../../../../arm-none-eabi/lib/armv7e-m/libg_nano.a(lib_a-nano-freer.o)
                0x0800a8d8                _free_r
 .text._malloc_r
                0x0800a974       0xbc /usr/local/gcc-arm-none-eabi-5_4-2016q2/bin/../lib/gcc/arm-none-eabi/5.4.1/../../../../arm-none-eabi/lib/armv7e-m/libg_nano.a(lib_a-nano-mallocr.o)
                0x0800a974                _malloc_r
 .text.__cvt    0x0800aa30       0xbe /usr/local/gcc-arm-none-eabi-5_4-2016q2/bin/../lib/gcc/arm-none-eabi/5.4.1/../../../../arm-none-eabi/lib/armv7e-m/libg_nano.a(lib_a-nano-vfprintf_float.o)
                0x0800aa30                __cvt
 .text.__exponent
                0x0800aaee       0x60 /usr/local/gcc-arm-none-eabi-5_4-2016q2/bin/../lib/gcc/arm-none-eabi/5.4.1/../../../../arm-none-eabi/lib/armv7e-m/libg_nano.a(lib_a-nano-vfprintf_float.o)
                0x0800aaee                __exponent
 *fill*         0x0800ab4e        0x2 
 .text._printf_float
                0x0800ab50      0x488 /usr/local/gcc-arm-none-eabi-5_4-2016q2/bin/../lib/gcc/arm-none-eabi/5.4.1/../../../../arm-none-eabi/lib/armv7e-m/libg_nano.a(lib_a-nano-vfprintf_float.o)
                0x0800ab50                _printf_float
 .text._printf_common
                0x0800afd8       0xec /usr/local/gcc-arm-none-eabi-5_4-2016q2/bin/../lib/gcc/arm-none-eabi/5.4.1/../../../../arm-none-eabi/lib/armv7e-m/libg_nano.a(lib_a-nano-vfprintf_i.o)
                0x0800afd8                _printf_common
 .text._printf_i
                0x0800b0c4      0x24c /usr/local/gcc-arm-none-eabi-5_4-2016q2/bin/../lib/gcc/arm-none-eabi/5.4.1/../../../../arm-none-eabi/lib/armv7e-m/libg_nano.a(lib_a-nano-vfprintf_i.o)
                0x0800b0c4                _printf_i
 .text._sbrk_r  0x0800b310       0x20 /usr/local/gcc-arm-none-eabi-5_4-2016q2/bin/../lib/gcc/arm-none-eabi/5.4.1/../../../../arm-none-eabi/lib/armv7e-m/libg_nano.a(lib_a-sbrkr.o)
                0x0800b310                _sbrk_r
 .text.sprintf  0x0800b330       0x48 /usr/local/gcc-arm-none-eabi-5_4-2016q2/bin/../lib/gcc/arm-none-eabi/5.4.1/../../../../arm-none-eabi/lib/armv7e-m/libg_nano.a(lib_a-sprintf.o)
                0x0800b330                sprintf
                0x0800b330                siprintf
 .text.strcat   0x0800b378       0x1e /usr/local/gcc-arm-none-eabi-5_4-2016q2/bin/../lib/gcc/arm-none-eabi/5.4.1/../../../../arm-none-eabi/lib/armv7e-m/libg_nano.a(lib_a-strcat.o)
                0x0800b378                strcat
 .text.strchr   0x0800b396       0x1c /usr/local/gcc-arm-none-eabi-5_4-2016q2/bin/../lib/gcc/arm-none-eabi/5.4.1/../../../../arm-none-eabi/lib/armv7e-m/libg_nano.a(lib_a-strchr.o)
                0x0800b396                strchr
 .text          0x0800b3b2       0x14 /usr/local/gcc-arm-none-eabi-5_4-2016q2/bin/../lib/gcc/arm-none-eabi/5.4.1/../../../../arm-none-eabi/lib/armv7e-m/libg_nano.a(lib_a-strcmp.o)
                0x0800b3b2                strcmp
 .text.strcpy   0x0800b3c6       0x10 /usr/local/gcc-arm-none-eabi-5_4-2016q2/bin/../lib/gcc/arm-none-eabi/5.4.1/../../../../arm-none-eabi/lib/armv7e-m/libg_nano.a(lib_a-strcpy.o)
                0x0800b3c6                strcpy
 .text          0x0800b3d6       0x10 /usr/local/gcc-arm-none-eabi-5_4-2016q2/bin/../lib/gcc/arm-none-eabi/5.4.1/../../../../arm-none-eabi/lib/armv7e-m/libg_nano.a(lib_a-strlen.o)
                0x0800b3d6                strlen
 .text.strncmp  0x0800b3e6       0x2a /usr/local/gcc-arm-none-eabi-5_4-2016q2/bin/../lib/gcc/arm-none-eabi/5.4.1/../../../../arm-none-eabi/lib/armv7e-m/libg_nano.a(lib_a-strncmp.o)
                0x0800b3e6                strncmp
 .text.strncpy  0x0800b410       0x26 /usr/local/gcc-arm-none-eabi-5_4-2016q2/bin/../lib/gcc/arm-none-eabi/5.4.1/../../../../arm-none-eabi/lib/armv7e-m/libg_nano.a(lib_a-strncpy.o)
                0x0800b410                strncpy
 .text.strstr   0x0800b436       0x34 /usr/local/gcc-arm-none-eabi-5_4-2016q2/bin/../lib/gcc/arm-none-eabi/5.4.1/../../../../arm-none-eabi/lib/armv7e-m/libg_nano.a(lib_a-strstr.o)
                0x0800b436                strstr
 .text.sulp     0x0800b46a       0x42 /usr/local/gcc-arm-none-eabi-5_4-2016q2/bin/../lib/gcc/arm-none-eabi/5.4.1/../../../../arm-none-eabi/lib/armv7e-m/libg_nano.a(lib_a-strtod.o)
 *fill*         0x0800b4ac        0x4 
 .text._strtod_r
                0x0800b4b0      0xbf8 /usr/local/gcc-arm-none-eabi-5_4-2016q2/bin/../lib/gcc/arm-none-eabi/5.4.1/../../../../arm-none-eabi/lib/armv7e-m/libg_nano.a(lib_a-strtod.o)
                0x0800b4b0                _strtod_r
 .text.strtod   0x0800c0a8       0x10 /usr/local/gcc-arm-none-eabi-5_4-2016q2/bin/../lib/gcc/arm-none-eabi/5.4.1/../../../../arm-none-eabi/lib/armv7e-m/libg_nano.a(lib_a-strtod.o)
                0x0800c0a8                strtod
 .text._strtol_r
                0x0800c0b8      0x10c /usr/local/gcc-arm-none-eabi-5_4-2016q2/bin/../lib/gcc/arm-none-eabi/5.4.1/../../../../arm-none-eabi/lib/armv7e-m/libg_nano.a(lib_a-strtol.o)
                0x0800c0b8                _strtol_r
 .text.strtol   0x0800c1c4       0x14 /usr/local/gcc-arm-none-eabi-5_4-2016q2/bin/../lib/gcc/arm-none-eabi/5.4.1/../../../../arm-none-eabi/lib/armv7e-m/libg_nano.a(lib_a-strtol.o)
                0x0800c1c4                strtol
 .text.__utoa   0x0800c1d8       0x78 /usr/local/gcc-arm-none-eabi-5_4-2016q2/bin/../lib/gcc/arm-none-eabi/5.4.1/../../../../arm-none-eabi/lib/armv7e-m/libg_nano.a(lib_a-utoa.o)
                0x0800c1d8                __utoa
 .text.quorem   0x0800c250      0x11e /usr/local/gcc-arm-none-eabi-5_4-2016q2/bin/../lib/gcc/arm-none-eabi/5.4.1/../../../../arm-none-eabi/lib/armv7e-m/libg_nano.a(lib_a-dtoa.o)
 *fill*         0x0800c36e        0x2 
 .text._dtoa_r  0x0800c370      0xb38 /usr/local/gcc-arm-none-eabi-5_4-2016q2/bin/../lib/gcc/arm-none-eabi/5.4.1/../../../../arm-none-eabi/lib/armv7e-m/libg_nano.a(lib_a-dtoa.o)
                0x0800c370                _dtoa_r
 .text.rshift   0x0800cea8       0x6c /usr/local/gcc-arm-none-eabi-5_4-2016q2/bin/../lib/gcc/arm-none-eabi/5.4.1/../../../../arm-none-eabi/lib/armv7e-m/libg_nano.a(lib_a-gdtoa-gethex.o)
 .text.__hexdig_fun
                0x0800cf14       0x2a /usr/local/gcc-arm-none-eabi-5_4-2016q2/bin/../lib/gcc/arm-none-eabi/5.4.1/../../../../arm-none-eabi/lib/armv7e-m/libg_nano.a(lib_a-gdtoa-gethex.o)
                0x0800cf14                __hexdig_fun
 .text.__gethex
                0x0800cf3e      0x43e /usr/local/gcc-arm-none-eabi-5_4-2016q2/bin/../lib/gcc/arm-none-eabi/5.4.1/../../../../arm-none-eabi/lib/armv7e-m/libg_nano.a(lib_a-gdtoa-gethex.o)
                0x0800cf3e                __gethex
 .text.L_shift  0x0800d37c       0x24 /usr/local/gcc-arm-none-eabi-5_4-2016q2/bin/../lib/gcc/arm-none-eabi/5.4.1/../../../../arm-none-eabi/lib/armv7e-m/libg_nano.a(lib_a-gdtoa-hexnan.o)
 .text.__match  0x0800d3a0       0x26 /usr/local/gcc-arm-none-eabi-5_4-2016q2/bin/../lib/gcc/arm-none-eabi/5.4.1/../../../../arm-none-eabi/lib/armv7e-m/libg_nano.a(lib_a-gdtoa-hexnan.o)
                0x0800d3a0                __match
 .text.__hexnan
                0x0800d3c6      0x11c /usr/local/gcc-arm-none-eabi-5_4-2016q2/bin/../lib/gcc/arm-none-eabi/5.4.1/../../../../arm-none-eabi/lib/armv7e-m/libg_nano.a(lib_a-gdtoa-hexnan.o)
                0x0800d3c6                __hexnan
 *fill*         0x0800d4e2        0x2 
 .text._localeconv_r
                0x0800d4e4        0x8 /usr/local/gcc-arm-none-eabi-5_4-2016q2/bin/../lib/gcc/arm-none-eabi/5.4.1/../../../../arm-none-eabi/lib/armv7e-m/libg_nano.a(lib_a-locale.o)
                0x0800d4e4                _localeconv_r
 *fill*         0x0800d4ec        0x4 
 .text          0x0800d4f0       0xa0 /usr/local/gcc-arm-none-eabi-5_4-2016q2/bin/../lib/gcc/arm-none-eabi/5.4.1/../../../../arm-none-eabi/lib/armv7e-m/libg_nano.a(lib_a-memchr.o)
                0x0800d4f0                memchr
 .text.__malloc_lock
                0x0800d590        0x2 /usr/local/gcc-arm-none-eabi-5_4-2016q2/bin/../lib/gcc/arm-none-eabi/5.4.1/../../../../arm-none-eabi/lib/armv7e-m/libg_nano.a(lib_a-mlock.o)
                0x0800d590                __malloc_lock
 .text.__malloc_unlock
                0x0800d592        0x2 /usr/local/gcc-arm-none-eabi-5_4-2016q2/bin/../lib/gcc/arm-none-eabi/5.4.1/../../../../arm-none-eabi/lib/armv7e-m/libg_nano.a(lib_a-mlock.o)
                0x0800d592                __malloc_unlock
 .text._Balloc  0x0800d594       0x6a /usr/local/gcc-arm-none-eabi-5_4-2016q2/bin/../lib/gcc/arm-none-eabi/5.4.1/../../../../arm-none-eabi/lib/armv7e-m/libg_nano.a(lib_a-mprec.o)
                0x0800d594                _Balloc
 .text._Bfree   0x0800d5fe       0x2e /usr/local/gcc-arm-none-eabi-5_4-2016q2/bin/../lib/gcc/arm-none-eabi/5.4.1/../../../../arm-none-eabi/lib/armv7e-m/libg_nano.a(lib_a-mprec.o)
                0x0800d5fe                _Bfree
 .text.__multadd
                0x0800d62c       0x76 /usr/local/gcc-arm-none-eabi-5_4-2016q2/bin/../lib/gcc/arm-none-eabi/5.4.1/../../../../arm-none-eabi/lib/armv7e-m/libg_nano.a(lib_a-mprec.o)
                0x0800d62c                __multadd
 .text.__s2b    0x0800d6a2       0x7c /usr/local/gcc-arm-none-eabi-5_4-2016q2/bin/../lib/gcc/arm-none-eabi/5.4.1/../../../../arm-none-eabi/lib/armv7e-m/libg_nano.a(lib_a-mprec.o)
                0x0800d6a2                __s2b
 .text.__hi0bits
                0x0800d71e       0x40 /usr/local/gcc-arm-none-eabi-5_4-2016q2/bin/../lib/gcc/arm-none-eabi/5.4.1/../../../../arm-none-eabi/lib/armv7e-m/libg_nano.a(lib_a-mprec.o)
                0x0800d71e                __hi0bits
 .text.__lo0bits
                0x0800d75e       0x5a /usr/local/gcc-arm-none-eabi-5_4-2016q2/bin/../lib/gcc/arm-none-eabi/5.4.1/../../../../arm-none-eabi/lib/armv7e-m/libg_nano.a(lib_a-mprec.o)
                0x0800d75e                __lo0bits
 .text.__i2b    0x0800d7b8       0x12 /usr/local/gcc-arm-none-eabi-5_4-2016q2/bin/../lib/gcc/arm-none-eabi/5.4.1/../../../../arm-none-eabi/lib/armv7e-m/libg_nano.a(lib_a-mprec.o)
                0x0800d7b8                __i2b
 .text.__multiply
                0x0800d7ca      0x122 /usr/local/gcc-arm-none-eabi-5_4-2016q2/bin/../lib/gcc/arm-none-eabi/5.4.1/../../../../arm-none-eabi/lib/armv7e-m/libg_nano.a(lib_a-mprec.o)
                0x0800d7ca                __multiply
 .text.__pow5mult
                0x0800d8ec       0x9c /usr/local/gcc-arm-none-eabi-5_4-2016q2/bin/../lib/gcc/arm-none-eabi/5.4.1/../../../../arm-none-eabi/lib/armv7e-m/libg_nano.a(lib_a-mprec.o)
                0x0800d8ec                __pow5mult
 .text.__lshift
                0x0800d988       0xa2 /usr/local/gcc-arm-none-eabi-5_4-2016q2/bin/../lib/gcc/arm-none-eabi/5.4.1/../../../../arm-none-eabi/lib/armv7e-m/libg_nano.a(lib_a-mprec.o)
                0x0800d988                __lshift
 .text.__mcmp   0x0800da2a       0x38 /usr/local/gcc-arm-none-eabi-5_4-2016q2/bin/../lib/gcc/arm-none-eabi/5.4.1/../../../../arm-none-eabi/lib/armv7e-m/libg_nano.a(lib_a-mprec.o)
                0x0800da2a                __mcmp
 .text.__mdiff  0x0800da62       0xbe /usr/local/gcc-arm-none-eabi-5_4-2016q2/bin/../lib/gcc/arm-none-eabi/5.4.1/../../../../arm-none-eabi/lib/armv7e-m/libg_nano.a(lib_a-mprec.o)
                0x0800da62                __mdiff
 .text.__ulp    0x0800db20       0x48 /usr/local/gcc-arm-none-eabi-5_4-2016q2/bin/../lib/gcc/arm-none-eabi/5.4.1/../../../../arm-none-eabi/lib/armv7e-m/libg_nano.a(lib_a-mprec.o)
                0x0800db20                __ulp
 .text.__b2d    0x0800db68       0x9a /usr/local/gcc-arm-none-eabi-5_4-2016q2/bin/../lib/gcc/arm-none-eabi/5.4.1/../../../../arm-none-eabi/lib/armv7e-m/libg_nano.a(lib_a-mprec.o)
                0x0800db68                __b2d
 .text.__d2b    0x0800dc02       0x9c /usr/local/gcc-arm-none-eabi-5_4-2016q2/bin/../lib/gcc/arm-none-eabi/5.4.1/../../../../arm-none-eabi/lib/armv7e-m/libg_nano.a(lib_a-mprec.o)
                0x0800dc02                __d2b
 .text.__ratio  0x0800dc9e       0x52 /usr/local/gcc-arm-none-eabi-5_4-2016q2/bin/../lib/gcc/arm-none-eabi/5.4.1/../../../../arm-none-eabi/lib/armv7e-m/libg_nano.a(lib_a-mprec.o)
                0x0800dc9e                __ratio
 .text.__copybits
                0x0800dcf0       0x34 /usr/local/gcc-arm-none-eabi-5_4-2016q2/bin/../lib/gcc/arm-none-eabi/5.4.1/../../../../arm-none-eabi/lib/armv7e-m/libg_nano.a(lib_a-mprec.o)
                0x0800dcf0                __copybits
 .text.__any_on
                0x0800dd24       0x44 /usr/local/gcc-arm-none-eabi-5_4-2016q2/bin/../lib/gcc/arm-none-eabi/5.4.1/../../../../arm-none-eabi/lib/armv7e-m/libg_nano.a(lib_a-mprec.o)
                0x0800dd24                __any_on
 .text._calloc_r
                0x0800dd68       0x1c /usr/local/gcc-arm-none-eabi-5_4-2016q2/bin/../lib/gcc/arm-none-eabi/5.4.1/../../../../arm-none-eabi/lib/armv7e-m/libg_nano.a(lib_a-nano-callocr.o)
                0x0800dd68                _calloc_r
 .text.__ssputs_r
                0x0800dd84       0xb2 /usr/local/gcc-arm-none-eabi-5_4-2016q2/bin/../lib/gcc/arm-none-eabi/5.4.1/../../../../arm-none-eabi/lib/armv7e-m/libg_nano.a(lib_a-nano-svfprintf.o)
                0x0800dd84                __ssputs_r
 *fill*         0x0800de36        0x2 
 .text._svfprintf_r
                0x0800de38      0x1e8 /usr/local/gcc-arm-none-eabi-5_4-2016q2/bin/../lib/gcc/arm-none-eabi/5.4.1/../../../../arm-none-eabi/lib/armv7e-m/libg_nano.a(lib_a-nano-svfprintf.o)
                0x0800de38                _svfprintf_r
                0x0800de38                _svfiprintf_r
 .text.memmove  0x0800e020       0x36 /usr/local/gcc-arm-none-eabi-5_4-2016q2/bin/../lib/gcc/arm-none-eabi/5.4.1/../../../../arm-none-eabi/lib/armv7e-m/libg_nano.a(lib_a-memmove.o)
                0x0800e020                memmove
 .text._realloc_r
                0x0800e056       0x4c /usr/local/gcc-arm-none-eabi-5_4-2016q2/bin/../lib/gcc/arm-none-eabi/5.4.1/../../../../arm-none-eabi/lib/armv7e-m/libg_nano.a(lib_a-nano-reallocr.o)
                0x0800e056                _realloc_r
 .text._malloc_usable_size_r
                0x0800e0a2       0x14 /usr/local/gcc-arm-none-eabi-5_4-2016q2/bin/../lib/gcc/arm-none-eabi/5.4.1/../../../../arm-none-eabi/lib/armv7e-m/libg_nano.a(lib_a-nano-msizer.o)
                0x0800e0a2                _malloc_usable_size_r
 *fill*         0x0800e0b6        0x2 
 .text          0x0800e0b8       0x2c /usr/local/gcc-arm-none-eabi-5_4-2016q2/bin/../lib/gcc/arm-none-eabi/5.4.1/armv7e-m/libgcc.a(_arm_unorddf2.o)
                0x0800e0b8                __aeabi_dcmpun
                0x0800e0b8                __unorddf2
 *(.rodata .rodata.* .constdata .constdata.*)
 .rodata.APBAHBPrescTable
                0x0800e0e4       0x10 ./system/src/stm32f4-hal/stm32f4xx_hal_rcc.o
                0x0800e0e4                APBAHBPrescTable
 .rodata.AHBPrescTable
                0x0800e0f4       0x10 ./system/src/cmsis/system_stm32f4xx.o
                0x0800e0f4                AHBPrescTable
 .rodata.str1.1
                0x0800e104      0x191 ./src/edge_comm/GSM_MQTT.o
                                0x1a4 (size before relaxing)
 .rodata.str1.1
                0x0800e295      0x12b ./src/edge_comm/edge_comm.o
                                0x131 (size before relaxing)
 .rodata.str1.1
                0x0800e3c0      0x10c ./src/edge_comm/parson.o
                                0x11b (size before relaxing)
 .rodata.str1.1
                0x0800e4cc       0x44 ./src/FatFs/ff.o
 .rodata.LfnOfs
                0x0800e510        0xd ./src/FatFs/ff.o
 *fill*         0x0800e51d        0x3 
 .rodata.SD_Driver
                0x0800e520       0x14 ./src/FatFs/sd_diskio.o
                0x0800e520                SD_Driver
 .rodata.str1.1
                0x0800e534      0x114 ./src/init.o
                                0x18a (size before relaxing)
 .rodata.str1.1
                0x0800e648        0x8 ./src/measurement.o
                                 0x17 (size before relaxing)
 .rodata._ctype_
                0x0800e650      0x101 /usr/local/gcc-arm-none-eabi-5_4-2016q2/bin/../lib/gcc/arm-none-eabi/5.4.1/../../../../arm-none-eabi/lib/armv7e-m/libg_nano.a(lib_a-ctype_.o)
                0x0800e650                _ctype_
 *fill*         0x0800e751        0x3 
 .rodata.__sf_fake_stdin
                0x0800e754       0x20 /usr/local/gcc-arm-none-eabi-5_4-2016q2/bin/../lib/gcc/arm-none-eabi/5.4.1/../../../../arm-none-eabi/lib/armv7e-m/libg_nano.a(lib_a-findfp.o)
                0x0800e754                __sf_fake_stdin
 .rodata.__sf_fake_stdout
                0x0800e774       0x20 /usr/local/gcc-arm-none-eabi-5_4-2016q2/bin/../lib/gcc/arm-none-eabi/5.4.1/../../../../arm-none-eabi/lib/armv7e-m/libg_nano.a(lib_a-findfp.o)
                0x0800e774                __sf_fake_stdout
 .rodata.__sf_fake_stderr
                0x0800e794       0x20 /usr/local/gcc-arm-none-eabi-5_4-2016q2/bin/../lib/gcc/arm-none-eabi/5.4.1/../../../../arm-none-eabi/lib/armv7e-m/libg_nano.a(lib_a-findfp.o)
                0x0800e794                __sf_fake_stderr
 .rodata.str1.1
                0x0800e7b4        0x2 /usr/local/gcc-arm-none-eabi-5_4-2016q2/bin/../lib/gcc/arm-none-eabi/5.4.1/../../../../arm-none-eabi/lib/armv7e-m/libg_nano.a(lib_a-impure.o)
 .rodata.str1.1
                0x0800e7b6       0x10 /usr/local/gcc-arm-none-eabi-5_4-2016q2/bin/../lib/gcc/arm-none-eabi/5.4.1/../../../../arm-none-eabi/lib/armv7e-m/libg_nano.a(lib_a-nano-vfprintf_float.o)
                                 0x12 (size before relaxing)
 .rodata.str1.1
                0x0800e7c6       0x22 /usr/local/gcc-arm-none-eabi-5_4-2016q2/bin/../lib/gcc/arm-none-eabi/5.4.1/../../../../arm-none-eabi/lib/armv7e-m/libg_nano.a(lib_a-nano-vfprintf_i.o)
 .rodata.fpinan.5401
                0x0800e7e8       0x14 /usr/local/gcc-arm-none-eabi-5_4-2016q2/bin/../lib/gcc/arm-none-eabi/5.4.1/../../../../arm-none-eabi/lib/armv7e-m/libg_nano.a(lib_a-strtod.o)
 .rodata.str1.1
                0x0800e7fc       0x22 /usr/local/gcc-arm-none-eabi-5_4-2016q2/bin/../lib/gcc/arm-none-eabi/5.4.1/../../../../arm-none-eabi/lib/armv7e-m/libg_nano.a(lib_a-strtod.o)
                                  0xc (size before relaxing)
 .rodata.fpi.5365
                0x0800e7fc       0x14 /usr/local/gcc-arm-none-eabi-5_4-2016q2/bin/../lib/gcc/arm-none-eabi/5.4.1/../../../../arm-none-eabi/lib/armv7e-m/libg_nano.a(lib_a-strtod.o)
 .rodata.tinytens
                0x0800e810       0x28 /usr/local/gcc-arm-none-eabi-5_4-2016q2/bin/../lib/gcc/arm-none-eabi/5.4.1/../../../../arm-none-eabi/lib/armv7e-m/libg_nano.a(lib_a-strtod.o)
 .rodata.str1.1
                0x0800e838       0x25 /usr/local/gcc-arm-none-eabi-5_4-2016q2/bin/../lib/gcc/arm-none-eabi/5.4.1/../../../../arm-none-eabi/lib/armv7e-m/libg_nano.a(lib_a-utoa.o)
 .rodata.str1.1
                0x0800e85d        0xd /usr/local/gcc-arm-none-eabi-5_4-2016q2/bin/../lib/gcc/arm-none-eabi/5.4.1/../../../../arm-none-eabi/lib/armv7e-m/libg_nano.a(lib_a-dtoa.o)
                                  0xf (size before relaxing)
 .rodata.str1.1
                0x0800e86a        0x6 /usr/local/gcc-arm-none-eabi-5_4-2016q2/bin/../lib/gcc/arm-none-eabi/5.4.1/../../../../arm-none-eabi/lib/armv7e-m/libg_nano.a(lib_a-locale.o)
                                  0xb (size before relaxing)
 .rodata.__mprec_tens
                0x0800e870       0xc8 /usr/local/gcc-arm-none-eabi-5_4-2016q2/bin/../lib/gcc/arm-none-eabi/5.4.1/../../../../arm-none-eabi/lib/armv7e-m/libg_nano.a(lib_a-mprec.o)
                0x0800e870                __mprec_tens
 .rodata.p05.5408
                0x0800e938        0xc /usr/local/gcc-arm-none-eabi-5_4-2016q2/bin/../lib/gcc/arm-none-eabi/5.4.1/../../../../arm-none-eabi/lib/armv7e-m/libg_nano.a(lib_a-mprec.o)
 *fill*         0x0800e944        0x4 
 .rodata.__mprec_bigtens
                0x0800e948       0x28 /usr/local/gcc-arm-none-eabi-5_4-2016q2/bin/../lib/gcc/arm-none-eabi/5.4.1/../../../../arm-none-eabi/lib/armv7e-m/libg_nano.a(lib_a-mprec.o)
                0x0800e948                __mprec_bigtens
 .rodata.str1.1
                0x0800e970       0x11 /usr/local/gcc-arm-none-eabi-5_4-2016q2/bin/../lib/gcc/arm-none-eabi/5.4.1/../../../../arm-none-eabi/lib/armv7e-m/libg_nano.a(lib_a-nano-svfprintf.o)
 *(vtable)
 *(.eh_frame*)
 *(.glue_7)
 .glue_7        0x0800e981        0x0 linker stubs
 *(.glue_7t)
 .glue_7t       0x0800e981        0x0 linker stubs

.vfp11_veneer   0x0800e984        0x0
 .vfp11_veneer  0x0800e984        0x0 linker stubs

.v4_bx          0x0800e984        0x0
 .v4_bx         0x0800e984        0x0 linker stubs

.iplt           0x0800e984        0x0
 .iplt          0x0800e984        0x0 ./system/src/stm32f4-hal/stm32f4xx_hal.o

.rel.dyn        0x0800e984        0x0
 .rel.iplt      0x0800e984        0x0 ./system/src/stm32f4-hal/stm32f4xx_hal.o

.ARM.extab
 *(.ARM.extab* .gnu.linkonce.armextab.*)
                0x0800e984                . = ALIGN (0x4)
                0x0800e984                __exidx_start = .

.ARM.exidx
 *(.ARM.exidx* .gnu.linkonce.armexidx.*)
                0x0800e984                __exidx_end = .
                0x0800e984                . = ALIGN (0x4)
                0x0800e984                _etext = .
                0x0800e984                __etext = .

.data_CCMRAM    0x10000000        0x0 load address 0x0800e984
 FILL mask 0xff
 *(.data.CCMRAM .data.CCMRAM.*)
                0x10000000                . = ALIGN (0x4)
                0x0800e984                _sidata = LOADADDR (.data)

.data           0x20000000       0xe8 load address 0x0800e984
 FILL mask 0xff
                0x20000000                _sdata = .
                0x20000000                __data_start__ = .
 *(.data_begin .data_begin.*)
 *(.data .data.*)
 .data.argv.4762
                0x20000000        0x8 ./system/src/newlib/_syscalls.o
 .data.SystemCoreClock
                0x20000008        0x4 ./system/src/cmsis/system_stm32f4xx.o
                0x20000008                SystemCoreClock
 .data.rt_eevd_uuid
                0x2000000c        0x4 ./src/edge_comm/edge_comm.o
                0x2000000c                rt_eevd_uuid
 .data.mevd_uuid
                0x20000010        0x5 ./src/edge_comm/edge_comm.o
                0x20000010                mevd_uuid
 .data.at_eevd_uuid
                0x20000015        0x4 ./src/edge_comm/edge_comm.o
                0x20000015                at_eevd_uuid
 .data.h_eevd_uuid
                0x20000019        0x4 ./src/edge_comm/edge_comm.o
                0x20000019                h_eevd_uuid
 .data.eevd_uuid
                0x2000001d        0x5 ./src/edge_comm/edge_comm.o
                0x2000001d                eevd_uuid
 *fill*         0x20000022        0x2 ff
 .data.parson_free
                0x20000024        0x4 ./src/edge_comm/parson.o
 .data.parson_malloc
                0x20000028        0x4 ./src/edge_comm/parson.o
 .data.Stat     0x2000002c        0x1 ./src/FatFs/sd_diskio.o
 *fill*         0x2000002d        0x3 ff
 .data.func_arr
                0x20000030       0x14 ./src/statemachine.o
                0x20000030                func_arr
 .data.m_state  0x20000044        0x1 ./src/statemachine.o
                0x20000044                m_state
 *fill*         0x20000045        0x3 ff
 .data.__ctype_ptr__
                0x20000048        0x4 /usr/local/gcc-arm-none-eabi-5_4-2016q2/bin/../lib/gcc/arm-none-eabi/5.4.1/../../../../arm-none-eabi/lib/armv7e-m/libg_nano.a(lib_a-ctype_.o)
                0x20000048                __ctype_ptr__
 .data.impure_data
                0x2000004c       0x60 /usr/local/gcc-arm-none-eabi-5_4-2016q2/bin/../lib/gcc/arm-none-eabi/5.4.1/../../../../arm-none-eabi/lib/armv7e-m/libg_nano.a(lib_a-impure.o)
 .data._impure_ptr
                0x200000ac        0x4 /usr/local/gcc-arm-none-eabi-5_4-2016q2/bin/../lib/gcc/arm-none-eabi/5.4.1/../../../../arm-none-eabi/lib/armv7e-m/libg_nano.a(lib_a-impure.o)
                0x200000ac                _impure_ptr
 .data.lconv    0x200000b0       0x38 /usr/local/gcc-arm-none-eabi-5_4-2016q2/bin/../lib/gcc/arm-none-eabi/5.4.1/../../../../arm-none-eabi/lib/armv7e-m/libg_nano.a(lib_a-locale.o)
 *(.data_end .data_end.*)
                0x200000e8                . = ALIGN (0x4)
                0x200000e8                _edata = .
                0x200000e8                __data_end__ = .

.igot.plt       0x200000e8        0x0 load address 0x0800ea6c
 .igot.plt      0x200000e8        0x0 ./system/src/stm32f4-hal/stm32f4xx_hal.o

.bss_CCMRAM     0x10000000        0x0
 *(.bss.CCMRAM .bss.CCMRAM.*)

.bss            0x200000e8    0x1a064
                0x200000e8                __bss_start__ = .
                0x200000e8                _sbss = .
 *(.bss_begin .bss_begin.*)
 *(.bss .bss.*)
 .bss.current_heap_end.4453
                0x200000e8        0x4 ./system/src/newlib/_sbrk.o
 .bss.name.4761
                0x200000ec        0x1 ./system/src/newlib/_syscalls.o
 .bss.stringComplete
                0x200000ed        0x1 ./src/edge_comm/GSM_MQTT.o
                0x200000ed                stringComplete
 .bss.commandFlag
                0x200000ee        0x1 ./src/edge_comm/GSM_MQTT.o
                0x200000ee                commandFlag
 .bss.pingSentCounter
                0x200000ef        0x1 ./src/edge_comm/GSM_MQTT.o
                0x200000ef                pingSentCounter
 .bss.GSM_Response
                0x200000f0        0x1 ./src/edge_comm/GSM_MQTT.o
                0x200000f0                GSM_Response
 *fill*         0x200000f1        0x1 
 .bss.Fsid      0x200000f2        0x2 ./src/FatFs/ff.o
 .bss.LfnBuf    0x200000f4      0x200 ./src/FatFs/ff.o
 .bss.Files     0x200002f4       0x24 ./src/FatFs/ff.o
 .bss.FatFs     0x20000318        0x4 ./src/FatFs/ff.o
 .bss.disk      0x2000031c        0xc ./src/FatFs/ff_gen_drv.o
                0x2000031c                disk
 .bss.env_counter
                0x20000328        0x2 ./src/main.o
                0x20000328                env_counter
 .bss.HOLDFlag  0x2000032a        0x1 ./src/main.o
                0x2000032a                HOLDFlag
 .bss.timeFlag  0x2000032b        0x1 ./src/main.o
                0x2000032b                timeFlag
 .bss.envMeasFlag
                0x2000032c        0x1 ./src/main.o
                0x2000032c                envMeasFlag
 .bss.bcounter  0x2000032d        0x1 ./src/measurement.o
                0x2000032d                bcounter
 *fill*         0x2000032e        0x2 
 .bss.timer     0x20000330        0x4 ./src/statemachine.o
                0x20000330                timer
 .bss.__malloc_sbrk_start
                0x20000334        0x4 /usr/local/gcc-arm-none-eabi-5_4-2016q2/bin/../lib/gcc/arm-none-eabi/5.4.1/../../../../arm-none-eabi/lib/armv7e-m/libg_nano.a(lib_a-nano-mallocr.o)
                0x20000334                __malloc_sbrk_start
 .bss.__malloc_free_list
                0x20000338        0x4 /usr/local/gcc-arm-none-eabi-5_4-2016q2/bin/../lib/gcc/arm-none-eabi/5.4.1/../../../../arm-none-eabi/lib/armv7e-m/libg_nano.a(lib_a-nano-mallocr.o)
                0x20000338                __malloc_free_list
 *(COMMON)
 COMMON         0x2000033c        0x4 ./system/src/stm32f4-hal/stm32f4xx_hal.o
                0x2000033c                uwTick
 COMMON         0x20000340        0x4 ./system/src/newlib/_syscalls.o
                0x20000340                errno
 COMMON         0x20000344      0x3ec ./src/edge_comm/edge_comm.o
                0x20000344                MQTT
                0x200005f0                QoSVal
                0x200005f4                uartBuffer
 COMMON         0x20000730        0x5 ./src/fatfs.o
                0x20000730                retSD
                0x20000731                SD_Path
 *fill*         0x20000735        0x3 
 COMMON         0x20000738      0x621 ./src/init.o
                0x20000738                serial_time_value
                0x20000740                SDCardInfo
                0x20000798                hsd
                0x200007f8                serial_time_buff
                0x200008fc                FS
                0x20000b2c                CONFIG_F
                0x20000d58                config_status
 *fill*         0x20000d59        0x3 
 COMMON         0x20000d5c     0x824e ./src/main.o
                0x20000d5c                htim4
                0x20000d98                hi2c2
                0x20000ddc                gBuffer0
                0x20001de0                gBuffer1
                0x20002de4                cont_1
                0x20003de8                hadc3
                0x20003e30                gBuffer3
                0x20004e34                hrtc
                0x20004e54                cont_3
                0x20005e58                hspi1
                0x20005eb0                htim2
                0x20005eec                huart2
                0x20005f2c                cont_2
                0x20006f30                config_s
                0x20006fa2                gBuffer2
                0x20007fa6                cont_0
 *fill*         0x20008faa        0x2 
 COMMON         0x20008fac    0x111a0 ./src/measurement.o
                0x20008fac                mfb
                0x20008fdc                outputString
 *(.bss_end .bss_end.*)
                0x2001a14c                . = ALIGN (0x4)
                0x2001a14c                __bss_end__ = .
                0x2001a14c                _ebss = .

.noinit_CCMRAM
 *(.noinit.CCMRAM .noinit.CCMRAM.*)

.noinit         0x2001a14c        0x0
                0x2001a14c                _noinit = .
 *(.noinit .noinit.*)
                0x2001a14c                . = ALIGN (0x4)
                0x2001a14c                _end_noinit = .
                [!provide]                PROVIDE (end, _end_noinit)
                [!provide]                PROVIDE (_end, _end_noinit)
                [!provide]                PROVIDE (__end, _end_noinit)
                [!provide]                PROVIDE (__end__, _end_noinit)

._check_stack   0x2001a14c      0x100
                0x2001a24c                . = (. + _Minimum_Stack_Size)
 *fill*         0x2001a14c      0x100 

.b1text
 *(.b1text)
 *(.b1rodata)
 *(.b1rodata.*)

.eb0text
 *(.eb0text)
 *(.eb0rodata)
 *(.eb0rodata.*)

.eb1text
 *(.eb1text)
 *(.eb1rodata)
 *(.eb1rodata.*)

.eb2text
 *(.eb2text)
 *(.eb2rodata)
 *(.eb2rodata.*)

.eb3text
 *(.eb3text)
 *(.eb3rodata)
 *(.eb3rodata.*)

.stab
 *(.stab)

.stabstr
 *(.stabstr)

.stab.excl
 *(.stab.excl)

.stab.exclstr
 *(.stab.exclstr)

.stab.index
 *(.stab.index)

.stab.indexstr
 *(.stab.indexstr)

.comment        0x00000000       0x6e
 *(.comment)
 .comment       0x00000000       0x6e ./system/src/stm32f4-hal/stm32f4xx_hal.o
                                 0x6f (size before relaxing)
 .comment       0x0000006e       0x6f ./system/src/stm32f4-hal/stm32f4xx_hal_adc.o
 .comment       0x0000006e       0x6f ./system/src/stm32f4-hal/stm32f4xx_hal_adc_ex.o