Archive member included to satisfy reference by file (symbol)

/usr/local/gcc-arm-none-eabi-5_4-2016q2/bin/../lib/gcc/arm-none-eabi/5.4.1/armv7e-m/libgcc.a(_arm_addsubdf3.o)
                              ./src/edge_comm/parson.o (__aeabi_dsub)
/usr/local/gcc-arm-none-eabi-5_4-2016q2/bin/../lib/gcc/arm-none-eabi/5.4.1/armv7e-m/libgcc.a(_arm_cmpdf2.o)
                              ./src/edge_comm/parson.o (__aeabi_dcmpeq)
/usr/local/gcc-arm-none-eabi-5_4-2016q2/bin/../lib/gcc/arm-none-eabi/5.4.1/armv7e-m/libgcc.a(_arm_fixdfsi.o)
                              ./src/edge_comm/parson.o (__aeabi_d2iz)
/usr/local/gcc-arm-none-eabi-5_4-2016q2/bin/../lib/gcc/arm-none-eabi/5.4.1/armv7e-m/libgcc.a(_arm_fixunsdfsi.o)
                              ./src/edge_comm/parson.o (__aeabi_d2uiz)
/usr/local/gcc-arm-none-eabi-5_4-2016q2/bin/../lib/gcc/arm-none-eabi/5.4.1/../../../../arm-none-eabi/lib/armv7e-m/libg_nano.a(lib_a-atoi.o)
                              ./src/init.o (atoi)
/usr/local/gcc-arm-none-eabi-5_4-2016q2/bin/../lib/gcc/arm-none-eabi/5.4.1/../../../../arm-none-eabi/lib/armv7e-m/libg_nano.a(lib_a-ctype_.o)
                              ./src/edge_comm/parson.o (__ctype_ptr__)
/usr/local/gcc-arm-none-eabi-5_4-2016q2/bin/../lib/gcc/arm-none-eabi/5.4.1/../../../../arm-none-eabi/lib/armv7e-m/libg_nano.a(lib_a-errno.o)
                              ./system/src/newlib/_sbrk.o (__errno)
/usr/local/gcc-arm-none-eabi-5_4-2016q2/bin/../lib/gcc/arm-none-eabi/5.4.1/../../../../arm-none-eabi/lib/armv7e-m/libg_nano.a(lib_a-fclose.o)
                              ./src/edge_comm/parson.o (fclose)
/usr/local/gcc-arm-none-eabi-5_4-2016q2/bin/../lib/gcc/arm-none-eabi/5.4.1/../../../../arm-none-eabi/lib/armv7e-m/libg_nano.a(lib_a-fflush.o)
                              /usr/local/gcc-arm-none-eabi-5_4-2016q2/bin/../lib/gcc/arm-none-eabi/5.4.1/../../../../arm-none-eabi/lib/armv7e-m/libg_nano.a(lib_a-fclose.o) (__sflush_r)
/usr/local/gcc-arm-none-eabi-5_4-2016q2/bin/../lib/gcc/arm-none-eabi/5.4.1/../../../../arm-none-eabi/lib/armv7e-m/libg_nano.a(lib_a-findfp.o)
                              /usr/local/gcc-arm-none-eabi-5_4-2016q2/bin/../lib/gcc/arm-none-eabi/5.4.1/../../../../arm-none-eabi/lib/armv7e-m/libg_nano.a(lib_a-fclose.o) (__sinit)
/usr/local/gcc-arm-none-eabi-5_4-2016q2/bin/../lib/gcc/arm-none-eabi/5.4.1/../../../../arm-none-eabi/lib/armv7e-m/libg_nano.a(lib_a-fopen.o)
                              ./src/edge_comm/parson.o (fopen)
/usr/local/gcc-arm-none-eabi-5_4-2016q2/bin/../lib/gcc/arm-none-eabi/5.4.1/../../../../arm-none-eabi/lib/armv7e-m/libg_nano.a(lib_a-fputs.o)
                              ./src/edge_comm/parson.o (fputs)
/usr/local/gcc-arm-none-eabi-5_4-2016q2/bin/../lib/gcc/arm-none-eabi/5.4.1/../../../../arm-none-eabi/lib/armv7e-m/libg_nano.a(lib_a-fread.o)
                              ./src/edge_comm/parson.o (fread)
/usr/local/gcc-arm-none-eabi-5_4-2016q2/bin/../lib/gcc/arm-none-eabi/5.4.1/../../../../arm-none-eabi/lib/armv7e-m/libg_nano.a(lib_a-fseek.o)
                              /usr/local/gcc-arm-none-eabi-5_4-2016q2/bin/../lib/gcc/arm-none-eabi/5.4.1/../../../../arm-none-eabi/lib/armv7e-m/libg_nano.a(lib_a-fopen.o) (_fseek_r)
/usr/local/gcc-arm-none-eabi-5_4-2016q2/bin/../lib/gcc/arm-none-eabi/5.4.1/../../../../arm-none-eabi/lib/armv7e-m/libg_nano.a(lib_a-fseeko.o)
                              /usr/local/gcc-arm-none-eabi-5_4-2016q2/bin/../lib/gcc/arm-none-eabi/5.4.1/../../../../arm-none-eabi/lib/armv7e-m/libg_nano.a(lib_a-fseek.o) (_fseeko_r)
/usr/local/gcc-arm-none-eabi-5_4-2016q2/bin/../lib/gcc/arm-none-eabi/5.4.1/../../../../arm-none-eabi/lib/armv7e-m/libg_nano.a(lib_a-ftell.o)
                              ./src/edge_comm/parson.o (ftell)
/usr/local/gcc-arm-none-eabi-5_4-2016q2/bin/../lib/gcc/arm-none-eabi/5.4.1/../../../../arm-none-eabi/lib/armv7e-m/libg_nano.a(lib_a-ftello.o)
                              /usr/local/gcc-arm-none-eabi-5_4-2016q2/bin/../lib/gcc/arm-none-eabi/5.4.1/../../../../arm-none-eabi/lib/armv7e-m/libg_nano.a(lib_a-ftell.o) (_ftello_r)
/usr/local/gcc-arm-none-eabi-5_4-2016q2/bin/../lib/gcc/arm-none-eabi/5.4.1/../../../../arm-none-eabi/lib/armv7e-m/libg_nano.a(lib_a-fwalk.o)
                              /usr/local/gcc-arm-none-eabi-5_4-2016q2/bin/../lib/gcc/arm-none-eabi/5.4.1/../../../../arm-none-eabi/lib/armv7e-m/libg_nano.a(lib_a-findfp.o) (_fwalk)
/usr/local/gcc-arm-none-eabi-5_4-2016q2/bin/../lib/gcc/arm-none-eabi/5.4.1/../../../../arm-none-eabi/lib/armv7e-m/libg_nano.a(lib_a-impure.o)
                              /usr/local/gcc-arm-none-eabi-5_4-2016q2/bin/../lib/gcc/arm-none-eabi/5.4.1/../../../../arm-none-eabi/lib/armv7e-m/libg_nano.a(lib_a-fflush.o) (_global_impure_ptr)
/usr/local/gcc-arm-none-eabi-5_4-2016q2/bin/../lib/gcc/arm-none-eabi/5.4.1/../../../../arm-none-eabi/lib/armv7e-m/libg_nano.a(lib_a-itoa.o)
                              ./src/edge_comm/GSM_MQTT.o (itoa)
[...]
Memory Configuration

Name             Origin             Length             Attributes
RAM              0x20000000         0x00020000         xrw
CCMRAM           0x10000000         0x00010000         xrw
FLASH            0x08000000         0x00100000         xr
FLASHB1          0x00000000         0x00000000         xr
EXTMEMB0         0x00000000         0x00000000         xr
EXTMEMB1         0x00000000         0x00000000         xr
EXTMEMB2         0x00000000         0x00000000         xr
EXTMEMB3         0x00000000         0x00000000         xr
MEMORY_ARRAY     0x20002000         0x00000020         xrw
*default*        0x00000000         0xffffffff

Linker script and memory map

LOAD ./system/src/stm32f4-hal/stm32f4xx_hal.o
LOAD ./system/src/stm32f4-hal/stm32f4xx_hal_adc.o
LOAD ./system/src/stm32f4-hal/stm32f4xx_hal_adc_ex.o
LOAD ./system/src/stm32f4-hal/stm32f4xx_hal_can.o
LOAD ./system/src/stm32f4-hal/stm32f4xx_hal_cec.o
LOAD ./system/src/stm32f4-hal/stm32f4xx_hal_cortex.o
LOAD ./system/src/stm32f4-hal/stm32f4xx_hal_crc.o
LOAD ./system/src/stm32f4-hal/stm32f4xx_hal_cryp.o
LOAD ./system/src/stm32f4-hal/stm32f4xx_hal_cryp_ex.o
LOAD ./system/src/stm32f4-hal/stm32f4xx_hal_dac.o
LOAD ./system/src/stm32f4-hal/stm32f4xx_hal_dac_ex.o
LOAD ./system/src/stm32f4-hal/stm32f4xx_hal_dcmi.o
LOAD ./system/src/stm32f4-hal/stm32f4xx_hal_dcmi_ex.o
LOAD ./system/src/stm32f4-hal/stm32f4xx_hal_dma.o
LOAD ./system/src/stm32f4-hal/stm32f4xx_hal_dma2d.o
LOAD ./system/src/stm32f4-hal/stm32f4xx_hal_dma_ex.o
LOAD ./system/src/stm32f4-hal/stm32f4xx_hal_dsi.o
LOAD ./system/src/stm32f4-hal/stm32f4xx_hal_eth.o
LOAD ./system/src/stm32f4-hal/stm32f4xx_hal_flash.o
LOAD ./system/src/stm32f4-hal/stm32f4xx_hal_flash_ex.o
LOAD ./system/src/stm32f4-hal/stm32f4xx_hal_flash_ramfunc.o
LOAD ./system/src/stm32f4-hal/stm32f4xx_hal_fmpi2c.o
LOAD ./system/src/stm32f4-hal/stm32f4xx_hal_fmpi2c_ex.o
LOAD ./system/src/stm32f4-hal/stm32f4xx_hal_gpio.o
LOAD ./system/src/stm32f4-hal/stm32f4xx_hal_hash.o
LOAD ./system/src/stm32f4-hal/stm32f4xx_hal_hash_ex.o
LOAD ./system/src/stm32f4-hal/stm32f4xx_hal_hcd.o
LOAD ./system/src/stm32f4-hal/stm32f4xx_hal_i2c.o
LOAD ./system/src/stm32f4-hal/stm32f4xx_hal_i2c_ex.o
LOAD ./system/src/stm32f4-hal/stm32f4xx_hal_i2s.o
LOAD ./system/src/stm32f4-hal/stm32f4xx_hal_i2s_ex.o
LOAD ./system/src/stm32f4-hal/stm32f4xx_hal_irda.o
LOAD ./system/src/stm32f4-hal/stm32f4xx_hal_iwdg.o
LOAD ./system/src/stm32f4-hal/stm32f4xx_hal_lptim.o
LOAD ./system/src/stm32f4-hal/stm32f4xx_hal_ltdc.o
LOAD ./system/src/stm32f4-hal/stm32f4xx_hal_ltdc_ex.o
LOAD ./system/src/stm32f4-hal/stm32f4xx_hal_nand.o
LOAD ./system/src/stm32f4-hal/stm32f4xx_hal_nor.o
LOAD ./system/src/stm32f4-hal/stm32f4xx_hal_pccard.o
LOAD ./system/src/stm32f4-hal/stm32f4xx_hal_pcd.o
LOAD ./system/src/stm32f4-hal/stm32f4xx_hal_pcd_ex.o
LOAD ./system/src/stm32f4-hal/stm32f4xx_hal_pwr.o
LOAD ./system/src/stm32f4-hal/stm32f4xx_hal_pwr_ex.o
LOAD ./system/src/stm32f4-hal/stm32f4xx_hal_qspi.o
LOAD ./system/src/stm32f4-hal/stm32f4xx_hal_rcc.o
LOAD ./system/src/stm32f4-hal/stm32f4xx_hal_rcc_ex.o
LOAD ./system/src/stm32f4-hal/stm32f4xx_hal_rng.o
LOAD ./system/src/stm32f4-hal/stm32f4xx_hal_rtc.o
LOAD ./system/src/stm32f4-hal/stm32f4xx_hal_rtc_ex.o
LOAD ./system/src/stm32f4-hal/stm32f4xx_hal_sai.o
LOAD ./system/src/stm32f4-hal/stm32f4xx_hal_sai_ex.o
LOAD ./system/src/stm32f4-hal/stm32f4xx_hal_sd.o
LOAD ./system/src/stm32f4-hal/stm32f4xx_hal_sdram.o
LOAD ./system/src/stm32f4-hal/stm32f4xx_hal_smartcard.o
LOAD ./system/src/stm32f4-hal/stm32f4xx_hal_spdifrx.o
LOAD ./system/src/stm32f4-hal/stm32f4xx_hal_spi.o
LOAD ./system/src/stm32f4-hal/stm32f4xx_hal_sram.o
LOAD ./system/src/stm32f4-hal/stm32f4xx_hal_tim.o
LOAD ./system/src/stm32f4-hal/stm32f4xx_hal_tim_ex.o
LOAD ./system/src/stm32f4-hal/stm32f4xx_hal_uart.o
LOAD ./system/src/stm32f4-hal/stm32f4xx_hal_usart.o
LOAD ./system/src/stm32f4-hal/stm32f4xx_hal_wwdg.o
LOAD ./system/src/stm32f4-hal/stm32f4xx_ll_fmc.o
LOAD ./system/src/stm32f4-hal/stm32f4xx_ll_fsmc.o
LOAD ./system/src/stm32f4-hal/stm32f4xx_ll_sdmmc.o
LOAD ./system/src/stm32f4-hal/stm32f4xx_ll_usb.o
LOAD ./system/src/newlib/_cxx.o
LOAD ./system/src/newlib/_exit.o
LOAD ./system/src/newlib/_sbrk.o
LOAD ./system/src/newlib/_startup.o
LOAD ./system/src/newlib/_syscalls.o
LOAD ./system/src/newlib/assert.o
LOAD ./system/src/diag/Trace.o
LOAD ./system/src/diag/trace_impl.o
LOAD ./system/src/cortexm/_initialize_hardware.o
LOAD ./system/src/cortexm/_reset_hardware.o
LOAD ./system/src/cortexm/exception_handlers.o
LOAD ./system/src/cmsis/system_stm32f4xx.o
LOAD ./system/src/cmsis/vectors_stm32f407xx.o
LOAD ./src/edge_comm/GSM_MQTT.o
LOAD ./src/edge_comm/edge_comm.o
LOAD ./src/edge_comm/parson.o
LOAD ./src/FatFs/diskio.o
LOAD ./src/FatFs/ff.o
LOAD ./src/FatFs/ff_gen_drv.o
LOAD ./src/FatFs/sd_diskio.o
LOAD ./src/FatFs/syscall.o
LOAD ./src/bsp_driver_sd.o
LOAD ./src/circ_buff.o
LOAD ./src/fatfs.o
LOAD ./src/init.o
LOAD ./src/main.o
LOAD ./src/measurement.o
LOAD ./src/statemachine.o
LOAD ./src/stm32f4xx_hal_msp.o
LOAD ./src/stm32f4xx_it.o
LOAD /usr/local/gcc-arm-none-eabi-5_4-2016q2/bin/../lib/gcc/arm-none-eabi/5.4.1/../../../../arm-none-eabi/lib/armv7e-m/libstdc++_nano.a
LOAD /usr/local/gcc-arm-none-eabi-5_4-2016q2/bin/../lib/gcc/arm-none-eabi/5.4.1/../../../../arm-none-eabi/lib/armv7e-m/libm.a
START GROUP
LOAD /usr/local/gcc-arm-none-eabi-5_4-2016q2/bin/../lib/gcc/arm-none-eabi/5.4.1/armv7e-m/libgcc.a
LOAD /usr/local/gcc-arm-none-eabi-5_4-2016q2/bin/../lib/gcc/arm-none-eabi/5.4.1/../../../../arm-none-eabi/lib/armv7e-m/libg_nano.a
LOAD /usr/local/gcc-arm-none-eabi-5_4-2016q2/bin/../lib/gcc/arm-none-eabi/5.4.1/../../../../arm-none-eabi/lib/armv7e-m/libc_nano.a
END GROUP
START GROUP
LOAD /usr/local/gcc-arm-none-eabi-5_4-2016q2/bin/../lib/gcc/arm-none-eabi/5.4.1/armv7e-m/libgcc.a
LOAD /usr/local/gcc-arm-none-eabi-5_4-2016q2/bin/../lib/gcc/arm-none-eabi/5.4.1/../../../../arm-none-eabi/lib/armv7e-m/libc_nano.a
END GROUP
                0x20020000                __stack = (ORIGIN (RAM) + LENGTH (RAM))
                0x20020000                _estack = __stack
                0x00000400                __Main_Stack_Size = 0x400
                [!provide]                PROVIDE (_Main_Stack_Size, __Main_Stack_Size)
                0x2001fc00                __Main_Stack_Limit = (__stack - __Main_Stack_Size)
                [!provide]                PROVIDE (_Main_Stack_Limit, __Main_Stack_Limit)
                0x00000100                _Minimum_Stack_Size = 0x100
                0x2001a0e4                PROVIDE (_Heap_Begin, _end_noinit)
                0x2001fc00                PROVIDE (_Heap_Limit, (__stack - __Main_Stack_Size))

.isr_vector     0x08000000      0x2ea
 FILL mask 0xff
                0x08000000                __vectors_start = ABSOLUTE (.)
                0x08000000                __vectors_start__ = ABSOLUTE (.)
 *(.isr_vector)
 .isr_vector    0x08000000      0x188 ./system/src/cmsis/vectors_stm32f407xx.o
                0x08000000                __isr_vectors
 *(.cfmconfig)
 *(.after_vectors .after_vectors.*)
 .after_vectors
                0x08000188       0xd4 ./system/src/newlib/_startup.o
                0x08000188                _start
 .after_vectors
                0x0800025c       0x8c ./system/src/cortexm/exception_handlers.o
                0x0800025c                Reset_Handler
                0x08000276                HardFault_Handler_C
                0x080002b6                BusFault_Handler_C
                0x080002cc                UsageFault_Handler_C
 .after_vectors
                0x080002e8        0x2 ./system/src/cmsis/vectors_stm32f407xx.o
                0x080002e8                RTC_Alarm_IRQHandler
                0x080002e8                HASH_RNG_IRQHandler
                0x080002e8                EXTI2_IRQHandler
                0x080002e8                TIM8_CC_IRQHandler
                0x080002e8                TIM1_CC_IRQHandler
                0x080002e8                DMA2_Stream5_IRQHandler
                0x080002e8                DMA1_Stream5_IRQHandler
                0x080002e8                PVD_IRQHandler
                0x080002e8                SDIO_IRQHandler
                0x080002e8                TAMP_STAMP_IRQHandler
                0x080002e8                CAN2_RX1_IRQHandler
                0x080002e8                EXTI3_IRQHandler
                0x080002e8                TIM8_TRG_COM_TIM14_IRQHandler
                0x080002e8                TIM1_UP_TIM10_IRQHandler
                0x080002e8                TIM8_UP_TIM13_IRQHandler
                0x080002e8                I2C3_ER_IRQHandler
                0x080002e8                EXTI0_IRQHandler
                0x080002e8                I2C2_EV_IRQHandler
                0x080002e8                DMA1_Stream2_IRQHandler
                0x080002e8                CAN1_RX0_IRQHandler
                0x080002e8                FPU_IRQHandler
                0x080002e8                OTG_HS_WKUP_IRQHandler
                0x080002e8                CAN2_SCE_IRQHandler
                0x080002e8                DMA2_Stream2_IRQHandler
                0x080002e8                SPI1_IRQHandler
                0x080002e8                TIM6_DAC_IRQHandler
                0x080002e8                TIM1_BRK_TIM9_IRQHandler
                0x080002e8                DCMI_IRQHandler
                0x080002e8                CAN2_RX0_IRQHandler
                0x080002e8                DMA2_Stream3_IRQHandler
                0x080002e8                USART6_IRQHandler
                0x080002e8                CAN1_RX1_IRQHandler
                0x080002e8                UART5_IRQHandler
                0x080002e8                DMA2_Stream0_IRQHandler
                0x080002e8                I2C1_EV_IRQHandler
                0x080002e8                DMA1_Stream6_IRQHandler
                0x080002e8                DMA1_Stream1_IRQHandler
                0x080002e8                UART4_IRQHandler
                0x080002e8                TIM3_IRQHandler
                0x080002e8                RCC_IRQHandler
                0x080002e8                TIM8_BRK_TIM12_IRQHandler
                0x080002e8                Default_Handler
                0x080002e8                EXTI15_10_IRQHandler
                0x080002e8                DMA1_Stream7_IRQHandler
                0x080002e8                TIM7_IRQHandler
                0x080002e8                CAN2_TX_IRQHandler
                0x080002e8                TIM5_IRQHandler
                0x080002e8                DMA2_Stream7_IRQHandler
                0x080002e8                I2C3_EV_IRQHandler
                0x080002e8                EXTI9_5_IRQHandler
                0x080002e8                RTC_WKUP_IRQHandler
                0x080002e8                ETH_WKUP_IRQHandler
                0x080002e8                SPI2_IRQHandler
                0x080002e8                OTG_HS_EP1_IN_IRQHandler
                0x080002e8                DMA1_Stream0_IRQHandler
                0x080002e8                CAN1_TX_IRQHandler
                0x080002e8                EXTI4_IRQHandler
                0x080002e8                ETH_IRQHandler
                0x080002e8                OTG_HS_EP1_OUT_IRQHandler
                0x080002e8                WWDG_IRQHandler
                0x080002e8                OTG_FS_WKUP_IRQHandler
                0x080002e8                TIM1_TRG_COM_TIM11_IRQHandler
                0x080002e8                OTG_HS_IRQHandler
                0x080002e8                EXTI1_IRQHandler
                0x080002e8                USART2_IRQHandler
                0x080002e8                I2C2_ER_IRQHandler
                0x080002e8                DMA2_Stream1_IRQHandler
                0x080002e8                CAN1_SCE_IRQHandler
                0x080002e8                FLASH_IRQHandler
                0x080002e8                DMA2_Stream4_IRQHandler
                0x080002e8                USART1_IRQHandler
                0x080002e8                OTG_FS_IRQHandler
                0x080002e8                SPI3_IRQHandler
                0x080002e8                DMA1_Stream4_IRQHandler
                0x080002e8                I2C1_ER_IRQHandler
                0x080002e8                FMC_IRQHandler
                0x080002e8                DMA2_Stream6_IRQHandler
                0x080002e8                DMA1_Stream3_IRQHandler

.inits          0x080002ec       0x28
                0x080002ec                __data_regions_array_start = .
                0x080002ec        0x4 LONG 0x800c0bc LOADADDR (.data)
                0x080002f0        0x4 LONG 0x20000000 ADDR (.data)
                0x080002f4        0x4 LONG 0x200000d8 (ADDR (.data) + SIZEOF (.data))
                0x080002f8        0x4 LONG 0x800c0bc LOADADDR (.data_CCMRAM)
                0x080002fc        0x4 LONG 0x10000000 ADDR (.data_CCMRAM)
                0x08000300        0x4 LONG 0x10000000 (ADDR (.data_CCMRAM) + SIZEOF (.data_CCMRAM))
                0x08000304                __data_regions_array_end = .
                0x08000304                __bss_regions_array_start = .
                0x08000304        0x4 LONG 0x200000d8 ADDR (.bss)
                0x08000308        0x4 LONG 0x2001a0e4 (ADDR (.bss) + SIZEOF (.bss))
                0x0800030c        0x4 LONG 0x10000000 ADDR (.bss_CCMRAM)
                0x08000310        0x4 LONG 0x10000000 (ADDR (.bss_CCMRAM) + SIZEOF (.bss_CCMRAM))
                0x08000314                __bss_regions_array_end = .
 *(.init)
 *(.fini)
                0x08000314                . = ALIGN (0x4)
                0x08000314                PROVIDE (__preinit_array_start, .)
 *(.preinit_array_sysinit .preinit_array_sysinit.*)
 *(.preinit_array_platform .preinit_array_platform.*)
 *(.preinit_array .preinit_array.*)
                0x08000314                PROVIDE (__preinit_array_end, .)
                0x08000314                . = ALIGN (0x4)
                0x08000314                PROVIDE (__init_array_start, .)
 *(SORT(.init_array.*))
 *(.init_array)
                0x08000314                PROVIDE (__init_array_end, .)
                0x08000314                . = ALIGN (0x4)
                0x08000314                PROVIDE (__fini_array_start, .)
 *(SORT(.fini_array.*))
 *(.fini_array)
                0x08000314                PROVIDE (__fini_array_end, .)

.flashtext
 *(.flashtext .flashtext.*)

.text           0x08000320     0xbd9b
 *(.text .text.*)
 .text.HAL_InitTick
                0x08000320       0x24 ./system/src/stm32f4-hal/stm32f4xx_hal.o
                0x08000320                HAL_InitTick
 .text.HAL_Init
                0x08000344       0x34 ./system/src/stm32f4-hal/stm32f4xx_hal.o
                0x08000344                HAL_Init
 .text.HAL_IncTick
                0x08000378       0x10 ./system/src/stm32f4-hal/stm32f4xx_hal.o
                0x08000378                HAL_IncTick
 .text.HAL_GetTick
                0x08000388        0xc ./system/src/stm32f4-hal/stm32f4xx_hal.o
                0x08000388                HAL_GetTick
 .text.HAL_Delay
                0x08000394       0x1a ./system/src/stm32f4-hal/stm32f4xx_hal.o
                0x08000394                HAL_Delay
 *fill*         0x080003ae        0x2 
 .text.HAL_ADC_Init
                0x080003b0      0x154 ./system/src/stm32f4-hal/stm32f4xx_hal_adc.o
                0x080003b0                HAL_ADC_Init
 .text.HAL_ADC_Start_IT
                0x08000504       0xcc ./system/src/stm32f4-hal/stm32f4xx_hal_adc.o
                0x08000504                HAL_ADC_Start_IT
 .text.HAL_ADC_GetValue
                0x080005d0        0x6 ./system/src/stm32f4-hal/stm32f4xx_hal_adc.o
                0x080005d0                HAL_ADC_GetValue
 .text.HAL_ADC_LevelOutOfWindowCallback
                0x080005d6        0x2 ./system/src/stm32f4-hal/stm32f4xx_hal_adc.o
                0x080005d6                HAL_ADC_LevelOutOfWindowCallback
 .text.HAL_ADC_ErrorCallback
                0x080005d8        0x2 ./system/src/stm32f4-hal/stm32f4xx_hal_adc.o
                0x080005d8                HAL_ADC_ErrorCallback
 .text.HAL_ADC_IRQHandler
                0x080005da      0x128 ./system/src/stm32f4-hal/stm32f4xx_hal_adc.o
                0x080005da                HAL_ADC_IRQHandler
 *fill*         0x08000702        0x2 
 .text.HAL_ADC_ConfigChannel
                0x08000704      0x12c ./system/src/stm32f4-hal/stm32f4xx_hal_adc.o
                0x08000704                HAL_ADC_ConfigChannel
 .text.HAL_ADCEx_InjectedConvCpltCallback
                0x08000830        0x2 ./system/src/stm32f4-hal/stm32f4xx_hal_adc_ex.o
                0x08000830                HAL_ADCEx_InjectedConvCpltCallback
 *fill*         0x08000832        0x2 
 .text.HAL_NVIC_SetPriorityGrouping
                0x08000834       0x24 ./system/src/stm32f4-hal/stm32f4xx_hal_cortex.o
                0x08000834                HAL_NVIC_SetPriorityGrouping
 .text.HAL_NVIC_SetPriority
                0x08000858       0x68 ./system/src/stm32f4-hal/stm32f4xx_hal_cortex.o
                0x08000858                HAL_NVIC_SetPriority
 .text.HAL_NVIC_EnableIRQ
                0x080008c0       0x18 ./system/src/stm32f4-hal/stm32f4xx_hal_cortex.o
                0x080008c0                HAL_NVIC_EnableIRQ
 .text.HAL_NVIC_SystemReset
                0x080008d8       0x24 ./system/src/stm32f4-hal/stm32f4xx_hal_cortex.o
                0x080008d8                HAL_NVIC_SystemReset
 .text.HAL_SYSTICK_Config
                0x080008fc       0x2c ./system/src/stm32f4-hal/stm32f4xx_hal_cortex.o
                0x080008fc                HAL_SYSTICK_Config
 .text.HAL_SYSTICK_CLKSourceConfig
                0x08000928       0x18 ./system/src/stm32f4-hal/stm32f4xx_hal_cortex.o
                0x08000928                HAL_SYSTICK_CLKSourceConfig
 .text.HAL_SYSTICK_Callback
                0x08000940        0x2 ./system/src/stm32f4-hal/stm32f4xx_hal_cortex.o
                0x08000940                HAL_SYSTICK_Callback
 .text.HAL_SYSTICK_IRQHandler
                0x08000942        0x8 ./system/src/stm32f4-hal/stm32f4xx_hal_cortex.o
                0x08000942                HAL_SYSTICK_IRQHandler
 *fill*         0x0800094a        0x2 
 .text.HAL_GPIO_Init
                0x0800094c      0x1cc ./system/src/stm32f4-hal/stm32f4xx_hal_gpio.o
                0x0800094c                HAL_GPIO_Init
 .text.HAL_GPIO_WritePin
                0x08000b18        0x8 ./system/src/stm32f4-hal/stm32f4xx_hal_gpio.o
                0x08000b18                HAL_GPIO_WritePin
 .text.HAL_I2C_Init
                0x08000b20       0xdc ./system/src/stm32f4-hal/stm32f4xx_hal_i2c.o
                0x08000b20                HAL_I2C_Init
 .text.HAL_RCC_OscConfig
                0x08000bfc      0x2d0 ./system/src/stm32f4-hal/stm32f4xx_hal_rcc.o
                0x08000bfc                HAL_RCC_OscConfig
 .text.HAL_RCC_ClockConfig
                0x08000ecc      0x140 ./system/src/stm32f4-hal/stm32f4xx_hal_rcc.o
                0x08000ecc                HAL_RCC_ClockConfig
 .text.HAL_RCC_GetSysClockFreq
                0x0800100c       0x7c ./system/src/stm32f4-hal/stm32f4xx_hal_rcc.o
                0x0800100c                HAL_RCC_GetSysClockFreq
 .text.HAL_RCC_GetHCLKFreq
                0x08001088       0x34 ./system/src/stm32f4-hal/stm32f4xx_hal_rcc.o
                0x08001088                HAL_RCC_GetHCLKFreq
 .text.HAL_RCC_GetPCLK1Freq
                0x080010bc       0x2c ./system/src/stm32f4-hal/stm32f4xx_hal_rcc.o
                0x080010bc                HAL_RCC_GetPCLK1Freq
 .text.HAL_RCC_GetPCLK2Freq
                0x080010e8       0x2c ./system/src/stm32f4-hal/stm32f4xx_hal_rcc.o
                0x080010e8                HAL_RCC_GetPCLK2Freq
 .text.HAL_RCCEx_PeriphCLKConfig
                0x08001114      0x144 ./system/src/stm32f4-hal/stm32f4xx_hal_rcc_ex.o
                0x08001114                HAL_RCCEx_PeriphCLKConfig
 .text.HAL_RTC_WaitForSynchro
                0x08001258       0x30 ./system/src/stm32f4-hal/stm32f4xx_hal_rtc.o
                0x08001258                HAL_RTC_WaitForSynchro
 .text.RTC_EnterInitMode
                0x08001288       0x34 ./system/src/stm32f4-hal/stm32f4xx_hal_rtc.o
                0x08001288                RTC_EnterInitMode
 .text.HAL_RTC_Init
                0x080012bc       0x88 ./system/src/stm32f4-hal/stm32f4xx_hal_rtc.o
                0x080012bc                HAL_RTC_Init
 .text.RTC_ByteToBcd2
                0x08001344       0x16 ./system/src/stm32f4-hal/stm32f4xx_hal_rtc.o
                0x08001344                RTC_ByteToBcd2
 .text.HAL_RTC_SetTime
                0x0800135a       0xde ./system/src/stm32f4-hal/stm32f4xx_hal_rtc.o
                0x0800135a                HAL_RTC_SetTime
 .text.HAL_RTC_SetDate
                0x08001438       0xc2 ./system/src/stm32f4-hal/stm32f4xx_hal_rtc.o
                0x08001438                HAL_RTC_SetDate
 .text.RTC_Bcd2ToByte
                0x080014fa       0x12 ./system/src/stm32f4-hal/stm32f4xx_hal_rtc.o
                0x080014fa                RTC_Bcd2ToByte
 .text.HAL_RTC_GetTime
                0x0800150c       0x50 ./system/src/stm32f4-hal/stm32f4xx_hal_rtc.o
                0x0800150c                HAL_RTC_GetTime
 .text.HAL_RTC_GetDate
                0x0800155c       0x40 ./system/src/stm32f4-hal/stm32f4xx_hal_rtc.o
                0x0800155c                HAL_RTC_GetDate
 .text.SD_CmdResp2Error
                0x0800159c       0x2c ./system/src/stm32f4-hal/stm32f4xx_hal_sd.o
 .text.SD_IsCardProgramming
                0x080015c8      0x144 ./system/src/stm32f4-hal/stm32f4xx_hal_sd.o
 .text.SD_CmdResp1Error
                0x0800170c       0xec ./system/src/stm32f4-hal/stm32f4xx_hal_sd.o
 .text.SD_FindSCR
                0x080017f8       0xfe ./system/src/stm32f4-hal/stm32f4xx_hal_sd.o
 .text.HAL_SD_Get_CardInfo
                0x080018f6      0x284 ./system/src/stm32f4-hal/stm32f4xx_hal_sd.o
                0x080018f6                HAL_SD_Get_CardInfo
 *fill*         0x08001b7a        0x2 
 .text.HAL_SD_Init
                0x08001b7c      0x38c ./system/src/stm32f4-hal/stm32f4xx_hal_sd.o
                0x08001b7c                HAL_SD_Init
 .text.HAL_SD_WideBusOperation_Config
                0x08001f08      0x12c ./system/src/stm32f4-hal/stm32f4xx_hal_sd.o
                0x08001f08                HAL_SD_WideBusOperation_Config
 .text.HAL_SD_StopTransfer
                0x08002034       0x2e ./system/src/stm32f4-hal/stm32f4xx_hal_sd.o
                0x08002034                HAL_SD_StopTransfer
 .text.HAL_SD_ReadBlocks
                0x08002062      0x184 ./system/src/stm32f4-hal/stm32f4xx_hal_sd.o
                0x08002062                HAL_SD_ReadBlocks
 .text.HAL_SD_WriteBlocks
                0x080021e6      0x1ec ./system/src/stm32f4-hal/stm32f4xx_hal_sd.o
                0x080021e6                HAL_SD_WriteBlocks
 .text.HAL_SD_GetStatus
                0x080023d2       0x46 ./system/src/stm32f4-hal/stm32f4xx_hal_sd.o
                0x080023d2                HAL_SD_GetStatus
 .text.HAL_TIM_Base_Start
                0x08002418       0x1a ./system/src/stm32f4-hal/stm32f4xx_hal_tim.o
                0x08002418                HAL_TIM_Base_Start
 .text.HAL_TIM_Base_Start_IT
                0x08002432       0x16 ./system/src/stm32f4-hal/stm32f4xx_hal_tim.o
                0x08002432                HAL_TIM_Base_Start_IT
 .text.HAL_TIM_ConfigClockSource
                0x08002448      0x174 ./system/src/stm32f4-hal/stm32f4xx_hal_tim.o
                0x08002448                HAL_TIM_ConfigClockSource
 .text.HAL_TIM_OC_DelayElapsedCallback
                0x080025bc        0x2 ./system/src/stm32f4-hal/stm32f4xx_hal_tim.o
                0x080025bc                HAL_TIM_OC_DelayElapsedCallback
 .text.HAL_TIM_IC_CaptureCallback
                0x080025be        0x2 ./system/src/stm32f4-hal/stm32f4xx_hal_tim.o
                0x080025be                HAL_TIM_IC_CaptureCallback
 .text.HAL_TIM_PWM_PulseFinishedCallback
                0x080025c0        0x2 ./system/src/stm32f4-hal/stm32f4xx_hal_tim.o
                0x080025c0                HAL_TIM_PWM_PulseFinishedCallback
 .text.HAL_TIM_TriggerCallback
                0x080025c2        0x2 ./system/src/stm32f4-hal/stm32f4xx_hal_tim.o
                0x080025c2                HAL_TIM_TriggerCallback
 .text.HAL_TIM_IRQHandler
                0x080025c4      0x144 ./system/src/stm32f4-hal/stm32f4xx_hal_tim.o
                0x080025c4                HAL_TIM_IRQHandler
 .text.TIM_Base_SetConfig
                0x08002708       0xc8 ./system/src/stm32f4-hal/stm32f4xx_hal_tim.o
                0x08002708                TIM_Base_SetConfig
 .text.HAL_TIM_Base_Init
                0x080027d0       0x34 ./system/src/stm32f4-hal/stm32f4xx_hal_tim.o
                0x080027d0                HAL_TIM_Base_Init
 .text.HAL_TIMEx_MasterConfigSynchronization
                0x08002804       0x44 ./system/src/stm32f4-hal/stm32f4xx_hal_tim_ex.o
                0x08002804                HAL_TIMEx_MasterConfigSynchronization
 .text.HAL_TIMEx_CommutationCallback
                0x08002848        0x2 ./system/src/stm32f4-hal/stm32f4xx_hal_tim_ex.o
                0x08002848                HAL_TIMEx_CommutationCallback
 .text.HAL_TIMEx_BreakCallback
                0x0800284a        0x2 ./system/src/stm32f4-hal/stm32f4xx_hal_tim_ex.o
                0x0800284a                HAL_TIMEx_BreakCallback
 .text.UART_SetConfig
                0x0800284c      0x23c ./system/src/stm32f4-hal/stm32f4xx_hal_uart.o
 .text.UART_WaitOnFlagUntilTimeout.constprop.1
                0x08002a88       0x64 ./system/src/stm32f4-hal/stm32f4xx_hal_uart.o
 .text.HAL_UART_Init
                0x08002aec       0x5c ./system/src/stm32f4-hal/stm32f4xx_hal_uart.o
                0x08002aec                HAL_UART_Init
 .text.HAL_UART_Transmit
                0x08002b48       0x9c ./system/src/stm32f4-hal/stm32f4xx_hal_uart.o
                0x08002b48                HAL_UART_Transmit
 .text.HAL_UART_Receive_IT
                0x08002be4       0x4e ./system/src/stm32f4-hal/stm32f4xx_hal_uart.o
                0x08002be4                HAL_UART_Receive_IT
 .text.HAL_UART_TxCpltCallback
                0x08002c32        0x2 ./system/src/stm32f4-hal/stm32f4xx_hal_uart.o
                0x08002c32                HAL_UART_TxCpltCallback
 .text.HAL_UART_IRQHandler
                0x08002c34      0x19c ./system/src/stm32f4-hal/stm32f4xx_hal_uart.o
                0x08002c34                HAL_UART_IRQHandler
 .text.SDIO_Init
                0x08002dd0       0x36 ./system/src/stm32f4-hal/stm32f4xx_ll_sdmmc.o
                0x08002dd0                SDIO_Init
 .text.SDIO_ReadFIFO
                0x08002e06        0x6 ./system/src/stm32f4-hal/stm32f4xx_ll_sdmmc.o
                0x08002e06                SDIO_ReadFIFO
 .text.SDIO_WriteFIFO
                0x08002e0c        0xa ./system/src/stm32f4-hal/stm32f4xx_ll_sdmmc.o
                0x08002e0c                SDIO_WriteFIFO
 .text.SDIO_PowerState_ON
                0x08002e16        0x8 ./system/src/stm32f4-hal/stm32f4xx_ll_sdmmc.o
                0x08002e16                SDIO_PowerState_ON
 .text.SDIO_GetPowerState
                0x08002e1e        0x8 ./system/src/stm32f4-hal/stm32f4xx_ll_sdmmc.o
                0x08002e1e                SDIO_GetPowerState
 .text.SDIO_SendCommand
                0x08002e26       0x26 ./system/src/stm32f4-hal/stm32f4xx_ll_sdmmc.o
                0x08002e26                SDIO_SendCommand
 .text.SDIO_GetCommandResponse
                0x08002e4c        0x6 ./system/src/stm32f4-hal/stm32f4xx_ll_sdmmc.o
                0x08002e4c                SDIO_GetCommandResponse
 *fill*         0x08002e52        0x2 
 .text.SDIO_GetResponse
                0x08002e54       0x18 ./system/src/stm32f4-hal/stm32f4xx_ll_sdmmc.o
                0x08002e54                SDIO_GetResponse
 .text.SDIO_DataConfig
                0x08002e6c       0x26 ./system/src/stm32f4-hal/stm32f4xx_ll_sdmmc.o
                0x08002e6c                SDIO_DataConfig
 .text._exit    0x08002e92        0x6 ./system/src/newlib/_exit.o
                0x08002e92                _exit
 .text._sbrk    0x08002e98       0x40 ./system/src/newlib/_sbrk.o
                0x08002e98                _sbrk
 .text.__initialize_args
                0x08002ed8       0x10 ./system/src/newlib/_syscalls.o
                0x08002ed8                __initialize_args
 .text.__initialize_hardware_early
                0x08002ee8       0x18 ./system/src/cortexm/_initialize_hardware.o
                0x08002ee8                __initialize_hardware_early
 .text.__initialize_hardware
                0x08002f00        0x4 ./system/src/cortexm/_initialize_hardware.o
                0x08002f00                __initialize_hardware
 .text.__reset_hardware
                0x08002f04       0x24 ./system/src/cortexm/_reset_hardware.o
                0x08002f04                __reset_hardware
 .text.isSemihosting
                0x08002f28       0x1c ./system/src/cortexm/exception_handlers.o
                0x08002f28                isSemihosting
 .text.SystemInit
                0x08002f44       0x40 ./system/src/cmsis/system_stm32f4xx.o
                0x08002f44                SystemInit
 .text.SystemCoreClockUpdate
                0x08002f84       0x74 ./system/src/cmsis/system_stm32f4xx.o
                0x08002f84                SystemCoreClockUpdate
 .text.OnMessage
                0x08002ff8       0x1c ./src/edge_comm/GSM_MQTT.o
                0x08002ff8                OnMessage
 .text.initSerialBuf
                0x08003014       0x12 ./src/edge_comm/GSM_MQTT.o
                0x08003014                initSerialBuf
 *fill*         0x08003026        0x2 
 .text.serialAvailable
                0x08003028       0x34 ./src/edge_comm/GSM_MQTT.o
                0x08003028                serialAvailable
 .text.serialGet
                0x0800305c       0x40 ./src/edge_comm/GSM_MQTT.o
                0x0800305c                serialGet
 .text.serialRead
                0x0800309c       0x1a ./src/edge_comm/GSM_MQTT.o
                0x0800309c                serialRead
 .text.serialPrint
                0x080030b6       0x20 ./src/edge_comm/GSM_MQTT.o
                0x080030b6                serialPrint
 .text.serialWrite
                0x080030d6       0x40 ./src/edge_comm/GSM_MQTT.o
                0x080030d6                serialWrite
 .text.GSM_MQTT_constructor
                0x08003116       0x54 ./src/edge_comm/GSM_MQTT.o
                0x08003116                GSM_MQTT_constructor
 *fill*         0x0800316a        0x2 
 .text.MQTT_start
                0x0800316c        0xc ./src/edge_comm/GSM_MQTT.o
                0x0800316c                MQTT_start
 .text._sendUTFString
                0x08003178       0x48 ./src/edge_comm/GSM_MQTT.o
                0x08003178                _sendUTFString
 .text._sendLength
                0x080031c0       0x24 ./src/edge_comm/GSM_MQTT.o
                0x080031c0                _sendLength
 .text._ping    0x080031e4       0x44 ./src/edge_comm/GSM_MQTT.o
                0x080031e4                _ping
 .text._connect
                0x08003228      0x110 ./src/edge_comm/GSM_MQTT.o
                0x08003228                _connect
 .text.AutoConnect
                0x08003338       0x30 ./src/edge_comm/GSM_MQTT.o
                0x08003338                AutoConnect
 .text.publish  0x08003368       0x6c ./src/edge_comm/GSM_MQTT.o
                0x08003368                publish
 .text.publishACK
                0x080033d4       0x2a ./src/edge_comm/GSM_MQTT.o
                0x080033d4                publishACK
 .text.publishREC
                0x080033fe       0x2a ./src/edge_comm/GSM_MQTT.o
                0x080033fe                publishREC
 .text.publishREL
                0x08003428       0x2e ./src/edge_comm/GSM_MQTT.o
                0x08003428                publishREL
 .text.publishCOMP
                0x08003456       0x2a ./src/edge_comm/GSM_MQTT.o
                0x08003456                publishCOMP
 .text.subscribe
                0x08003480       0x4a ./src/edge_comm/GSM_MQTT.o
                0x08003480                subscribe
 .text.disconnect
                0x080034ca       0x1a ./src/edge_comm/GSM_MQTT.o
                0x080034ca                disconnect
 .text._generateMessageID
                0x080034e4       0x26 ./src/edge_comm/GSM_MQTT.o
                0x080034e4                _generateMessageID
 *fill*         0x0800350a        0x2 
 .text.OnConnect
                0x0800350c       0x68 ./src/edge_comm/GSM_MQTT.o
                0x0800350c                OnConnect
 .text.available
                0x08003574        0x4 ./src/edge_comm/GSM_MQTT.o
                0x08003574                available
 .text.serialEvent
                0x08003578      0x434 ./src/edge_comm/GSM_MQTT.o
                0x08003578                serialEvent
 .text._sendAT  0x080039ac       0x48 ./src/edge_comm/GSM_MQTT.o
                0x080039ac                _sendAT
 .text.sendATreply
                0x080039f4       0x3c ./src/edge_comm/GSM_MQTT.o
                0x080039f4                sendATreply
 .text._pingRespHandler
                0x08003a30       0x54 ./src/edge_comm/GSM_MQTT.o
                0x08003a30                _pingRespHandler
 .text._tcpInit
                0x08003a84      0x274 ./src/edge_comm/GSM_MQTT.o
                0x08003a84                _tcpInit
 .text.begin    0x08003cf8       0x38 ./src/edge_comm/GSM_MQTT.o
                0x08003cf8                begin
 .text.processing
                0x08003d30       0x3c ./src/edge_comm/GSM_MQTT.o
                0x08003d30                processing
 .text.init_miniBuff
                0x08003d6c        0x8 ./src/edge_comm/GSM_MQTT.o
                0x08003d6c                init_miniBuff
 .text.push_miniBuff
                0x08003d74       0x1e ./src/edge_comm/GSM_MQTT.o
                0x08003d74                push_miniBuff
 .text.pop_miniBuff
                0x08003d92       0x1c ./src/edge_comm/GSM_MQTT.o
                0x08003d92                pop_miniBuff
 *fill*         0x08003dae        0x2 
 .text.CommInit
                0x08003db0       0x38 ./src/edge_comm/edge_comm.o
                0x08003db0                CommInit
 .text.parseMovementMessage
                0x08003de8      0x19c ./src/edge_comm/edge_comm.o
                0x08003de8                parseMovementMessage
 .text.sendMovementMessage
                0x08003f84       0x7c ./src/edge_comm/edge_comm.o
                0x08003f84                sendMovementMessage
 .text.MQTTProcessing
                0x08004000       0x24 ./src/edge_comm/edge_comm.o
                0x08004000                MQTTProcessing
 .text.hex_char_to_int
                0x08004024       0x28 ./src/edge_comm/parson.o
 .text.parse_utf16_hex
                0x0800404c       0x78 ./src/edge_comm/parson.o
 .text.json_value_init_string_no_copy
                0x080040c4       0x20 ./src/edge_comm/parson.o
 .text.get_quoted_string
                0x080040e4      0x21c ./src/edge_comm/parson.o
 .text.json_object_resize
                0x08004300       0x8c ./src/edge_comm/parson.o
 .text.json_array_resize
                0x0800438c       0x44 ./src/edge_comm/parson.o
 .text.json_array_add
                0x080043d0       0x40 ./src/edge_comm/parson.o
 .text.parson_strndup
                0x08004410       0x28 ./src/edge_comm/parson.o
 .text.parson_strdup
                0x08004438       0x14 ./src/edge_comm/parson.o
 .text.json_object_nget_value
                0x0800444c       0x4e ./src/edge_comm/parson.o
 *fill*         0x0800449a        0x2 
 .text.append_string
                0x0800449c       0x14 ./src/edge_comm/parson.o
 .text.append_indent
                0x080044b0       0x34 ./src/edge_comm/parson.o
 .text.json_serialize_string
                0x080044e4      0x1e0 ./src/edge_comm/parson.o
 .text.json_object_get_value
                0x080046c4       0x22 ./src/edge_comm/parson.o
                0x080046c4                json_object_get_value
 .text.json_object_add
                0x080046e6       0x76 ./src/edge_comm/parson.o
 .text.json_object_get_name
                0x0800475c       0x14 ./src/edge_comm/parson.o
                0x0800475c                json_object_get_name
 .text.json_array_get_value
                0x08004770       0x14 ./src/edge_comm/parson.o
                0x08004770                json_array_get_value
 .text.json_value_get_object
                0x08004784       0x10 ./src/edge_comm/parson.o
                0x08004784                json_value_get_object
 .text.json_object_get_object
                0x08004794        0xe ./src/edge_comm/parson.o
                0x08004794                json_object_get_object
 .text.json_value_get_array
                0x080047a2       0x10 ./src/edge_comm/parson.o
                0x080047a2                json_value_get_array
 .text.json_value_get_string
                0x080047b2       0x10 ./src/edge_comm/parson.o
                0x080047b2                json_value_get_string
 .text.json_object_get_string
                0x080047c2        0xe ./src/edge_comm/parson.o
                0x080047c2                json_object_get_string
 .text.json_value_get_number
                0x080047d0       0x14 ./src/edge_comm/parson.o
                0x080047d0                json_value_get_number
 .text.json_object_get_number
                0x080047e4        0xe ./src/edge_comm/parson.o
                0x080047e4                json_object_get_number
 .text.json_value_get_boolean
                0x080047f2       0x12 ./src/edge_comm/parson.o
                0x080047f2                json_value_get_boolean
 .text.json_serialize_to_buffer_r
                0x08004804      0x2f4 ./src/edge_comm/parson.o
 .text.json_value_free
                0x08004af8       0x90 ./src/edge_comm/parson.o
                0x08004af8                json_value_free
 .text.json_value_init_object
                0x08004b88       0x48 ./src/edge_comm/parson.o
                0x08004b88                json_value_init_object
 .text.json_value_init_array
                0x08004bd0       0x44 ./src/edge_comm/parson.o
                0x08004bd0                json_value_init_array
 .text.json_value_init_string
                0x08004c14      0x134 ./src/edge_comm/parson.o
                0x08004c14                json_value_init_string
 .text.json_value_init_number
                0x08004d48       0x24 ./src/edge_comm/parson.o
                0x08004d48                json_value_init_number
 .text.json_value_init_boolean
                0x08004d6c       0x24 ./src/edge_comm/parson.o
                0x08004d6c                json_value_init_boolean
 .text.json_value_init_null
                0x08004d90       0x1c ./src/edge_comm/parson.o
                0x08004d90                json_value_init_null
 .text.parse_value.part.0
                0x08004dac      0x370 ./src/edge_comm/parson.o
 .text.json_parse_string
                0x0800511c       0x30 ./src/edge_comm/parson.o
                0x0800511c                json_parse_string
 .text.json_serialization_size_pretty
                0x0800514c       0x24 ./src/edge_comm/parson.o
                0x0800514c                json_serialization_size_pretty
 .text.json_serialize_to_buffer_pretty
                0x08005170       0x2c ./src/edge_comm/parson.o
                0x08005170                json_serialize_to_buffer_pretty
 .text.json_free_serialized_string
                0x0800519c        0xc ./src/edge_comm/parson.o
                0x0800519c                json_free_serialized_string
 .text.json_serialize_to_string_pretty
                0x080051a8       0x34 ./src/edge_comm/parson.o
                0x080051a8                json_serialize_to_string_pretty
 .text.json_array_append_value
                0x080051dc       0x12 ./src/edge_comm/parson.o
                0x080051dc                json_array_append_value
 .text.json_array_append_string
                0x080051ee       0x30 ./src/edge_comm/parson.o
                0x080051ee                json_array_append_string
 .text.json_object_set_value
                0x0800521e       0x60 ./src/edge_comm/parson.o
                0x0800521e                json_object_set_value
 .text.json_object_set_string
                0x0800527e       0x1a ./src/edge_comm/parson.o
                0x0800527e                json_object_set_string
 .text.json_object_set_number
                0x08005298       0x1c ./src/edge_comm/parson.o
                0x08005298                json_object_set_number
 .text.json_object_dotset_value
                0x080052b4       0x94 ./src/edge_comm/parson.o
                0x080052b4                json_object_dotset_value
 .text.json_object_dotset_string
                0x08005348       0x34 ./src/edge_comm/parson.o
                0x08005348                json_object_dotset_string
 .text.json_object_dotset_number
                0x0800537c       0x36 ./src/edge_comm/parson.o
                0x0800537c                json_object_dotset_number
 .text.json_object
                0x080053b2        0x4 ./src/edge_comm/parson.o
                0x080053b2                json_object
 *fill*         0x080053b6        0x2 
 .text.disk_status
                0x080053b8       0x14 ./src/FatFs/diskio.o
                0x080053b8                disk_status
 .text.disk_initialize
                0x080053cc       0x20 ./src/FatFs/diskio.o
                0x080053cc                disk_initialize
 .text.disk_read
                0x080053ec       0x1c ./src/FatFs/diskio.o
                0x080053ec                disk_read
 .text.disk_write
                0x08005408       0x1c ./src/FatFs/diskio.o
                0x08005408                disk_write
 .text.disk_ioctl
                0x08005424       0x18 ./src/FatFs/diskio.o
                0x08005424                disk_ioctl
 .text.mem_cpy  0x0800543c       0x14 ./src/FatFs/ff.o
 .text.mem_set  0x08005450        0xe ./src/FatFs/ff.o
 *fill*         0x0800545e        0x2 
 .text.chk_lock
                0x08005460       0x70 ./src/FatFs/ff.o
 .text.inc_lock
                0x080054d0       0x9c ./src/FatFs/ff.o
 .text.dec_lock
                0x0800556c       0x38 ./src/FatFs/ff.o
 .text.clmt_clust
                0x080055a4       0x28 ./src/FatFs/ff.o
 .text.sum_sfn  0x080055cc       0x1e ./src/FatFs/ff.o
 .text.get_ldnumber
                0x080055ea       0x34 ./src/FatFs/ff.o
 .text.validate
                0x0800561e       0x2e ./src/FatFs/ff.o
 .text.ld_clust.isra.0
                0x0800564c       0x1c ./src/FatFs/ff.o
 .text.sync_window.part.1
                0x08005668       0x52 ./src/FatFs/ff.o
 .text.sync_window
                0x080056ba        0xe ./src/FatFs/ff.o
 .text.sync_fs  0x080056c8       0xb6 ./src/FatFs/ff.o
 .text.move_window
                0x0800577e       0x3a ./src/FatFs/ff.o
 .text.check_fs
                0x080057b8       0x58 ./src/FatFs/ff.o
 .text.find_volume
                0x08005810      0x2a0 ./src/FatFs/ff.o
 .text.clust2sect
                0x08005ab0       0x1c ./src/FatFs/ff.o
                0x08005ab0                clust2sect
 .text.get_fat  0x08005acc       0xc2 ./src/FatFs/ff.o
                0x08005acc                get_fat
 .text.dir_sdi  0x08005b8e       0x9c ./src/FatFs/ff.o
 .text.put_fat  0x08005c2a       0xec ./src/FatFs/ff.o
                0x08005c2a                put_fat
 .text.create_chain
                0x08005d16       0xb4 ./src/FatFs/ff.o
 .text.dir_next
                0x08005dca      0x122 ./src/FatFs/ff.o
 .text.remove_chain
                0x08005eec       0x64 ./src/FatFs/ff.o
 .text.f_mount  0x08005f50       0x70 ./src/FatFs/ff.o
                0x08005f50                f_mount
 .text.f_read   0x08005fc0      0x18a ./src/FatFs/ff.o
                0x08005fc0                f_read
 .text.f_write  0x0800614a      0x1da ./src/FatFs/ff.o
                0x0800614a                f_write
 .text.f_sync   0x08006324       0xca ./src/FatFs/ff.o
                0x08006324                f_sync
 .text.f_close  0x080063ee       0x22 ./src/FatFs/ff.o
                0x080063ee                f_close
 .text.ff_wtoupper
                0x08006410       0x18 ./src/FatFs/ff.o
                0x08006410                ff_wtoupper
 .text.dir_find.part.11
                0x08006428      0x138 ./src/FatFs/ff.o
 .text.dir_register
                0x08006560      0x260 ./src/FatFs/ff.o
 .text.follow_path
                0x080067c0      0x258 ./src/FatFs/ff.o
 .text.f_open   0x08006a18      0x1a0 ./src/FatFs/ff.o
                0x08006a18                f_open
 .text.FATFS_LinkDriverEx
                0x08006bb8       0x44 ./src/FatFs/ff_gen_drv.o
                0x08006bb8                FATFS_LinkDriverEx
 .text.FATFS_LinkDriver
                0x08006bfc        0x6 ./src/FatFs/ff_gen_drv.o
                0x08006bfc                FATFS_LinkDriver
 *fill*         0x08006c02        0x2 
 .text.SD_initialize
                0x08006c04       0x20 ./src/FatFs/sd_diskio.o
                0x08006c04                SD_initialize
 .text.SD_status
                0x08006c24       0x20 ./src/FatFs/sd_diskio.o
                0x08006c24                SD_status
 .text.SD_read  0x08006c44       0x20 ./src/FatFs/sd_diskio.o
                0x08006c44                SD_read
 .text.SD_write
                0x08006c64       0x20 ./src/FatFs/sd_diskio.o
                0x08006c64                SD_write
 .text.SD_ioctl
                0x08006c84       0x54 ./src/FatFs/sd_diskio.o
                0x08006c84                SD_ioctl
 .text.BSP_SD_Init
                0x08006cd8       0x38 ./src/bsp_driver_sd.o
                0x08006cd8                BSP_SD_Init
 .text.BSP_SD_ReadBlocks
                0x08006d10       0x24 ./src/bsp_driver_sd.o
                0x08006d10                BSP_SD_ReadBlocks
 .text.BSP_SD_WriteBlocks
                0x08006d34       0x24 ./src/bsp_driver_sd.o
                0x08006d34                BSP_SD_WriteBlocks
 .text.BSP_SD_GetStatus
                0x08006d58        0xc ./src/bsp_driver_sd.o
                0x08006d58                BSP_SD_GetStatus
 .text.BSP_SD_GetCardInfo
                0x08006d64        0xc ./src/bsp_driver_sd.o
                0x08006d64                BSP_SD_GetCardInfo
 .text.init_cBuff
                0x08006d70       0x10 ./src/circ_buff.o
                0x08006d70                init_cBuff
 .text.push_cBuff
                0x08006d80       0x26 ./src/circ_buff.o
                0x08006d80                push_cBuff
 .text.pop_cBuff
                0x08006da6       0x2a ./src/circ_buff.o
                0x08006da6                pop_cBuff
 .text.flush_cBuff
                0x08006dd0       0x22 ./src/circ_buff.o
                0x08006dd0                flush_cBuff
 *fill*         0x08006df2        0x2 
 .text.MX_FATFS_Init
                0x08006df4       0x1c ./src/fatfs.o
                0x08006df4                MX_FATFS_Init
 .text.get_fattime
                0x08006e10        0x4 ./src/fatfs.o
                0x08006e10                get_fattime
 .text.SystemClock_Config
                0x08006e14       0xd0 ./src/init.o
                0x08006e14                SystemClock_Config
 .text.MX_ADC3_Init
                0x08006ee4       0xac ./src/init.o
                0x08006ee4                MX_ADC3_Init
 .text.MX_I2C2_Init
                0x08006f90       0x40 ./src/init.o
                0x08006f90                MX_I2C2_Init
 .text.MX_RTC_Init
                0x08006fd0       0x34 ./src/init.o
                0x08006fd0                MX_RTC_Init
 .text.MX_SDIO_SD_Init
                0x08007004       0x20 ./src/init.o
                0x08007004                MX_SDIO_SD_Init
 .text.MX_TIM2_Init
                0x08007024       0x74 ./src/init.o
                0x08007024                MX_TIM2_Init
 .text.MX_TIM4_Init
                0x08007098       0x74 ./src/init.o
                0x08007098                MX_TIM4_Init
 .text.MX_USART3_UART_Init
                0x0800710c       0x38 ./src/init.o
                0x0800710c                MX_USART3_UART_Init
 .text.MX_GPIO_Init
                0x08007144       0x9c ./src/init.o
                0x08007144                MX_GPIO_Init
 .text.config_error
                0x080071e0        0xc ./src/init.o
                0x080071e0                config_error
 .text.restart_init
                0x080071ec       0x3c ./src/init.o
                0x080071ec                restart_init
 .text.write_default_cfgfile
                0x08007228      0x134 ./src/init.o
                0x08007228                write_default_cfgfile
 .text.load_config_sd.part.0
                0x0800735c      0x190 ./src/init.o
 .text.load_config_sd
                0x080074ec       0x2c ./src/init.o
                0x080074ec                load_config_sd
 .text.checkRTC
                0x08007518       0x34 ./src/init.o
                0x08007518                checkRTC
 .text.check_string
                0x0800754c       0x54 ./src/init.o
                0x0800754c                check_string
 .text.setRTC   0x080075a0      0x48c ./src/init.o
                0x080075a0                setRTC
 .text.init_settings
                0x08007a2c       0x58 ./src/init.o
                0x08007a2c                init_settings
 .text.startup.main
                0x08007a84      0x108 ./src/main.o
                0x08007a84                main
 .text.HAL_UART_RxCpltCallback
                0x08007b8c       0x48 ./src/main.o
                0x08007b8c                HAL_UART_RxCpltCallback
 .text.HAL_TIM_PeriodElapsedCallback
                0x08007bd4       0x38 ./src/main.o
                0x08007bd4                HAL_TIM_PeriodElapsedCallback
 .text.HAL_UART_ErrorCallback
                0x08007c0c       0x2c ./src/main.o
                0x08007c0c                HAL_UART_ErrorCallback
 .text.HAL_ADC_ConvCpltCallback
                0x08007c38       0x54 ./src/measurement.o
                0x08007c38                HAL_ADC_ConvCpltCallback
 .text.read_last
                0x08007c8c       0x12 ./src/measurement.o
                0x08007c8c                read_last
 .text.init_meas_flag_block
                0x08007c9e       0x4a ./src/measurement.o
                0x08007c9e                init_meas_flag_block
 .text.meas_datamove
                0x08007ce8      0x394 ./src/measurement.o
                0x08007ce8                meas_datamove
 .text.intoa_conv
                0x0800807c       0x52 ./src/measurement.o
                0x0800807c                intoa_conv
 *fill*         0x080080ce        0x2 
 .text.getTimeStamp
                0x080080d0      0x15c ./src/measurement.o
                0x080080d0                getTimeStamp
 .text.envMeas  0x0800822c        0xe ./src/measurement.o
                0x0800822c                envMeas
 *fill*         0x0800823a        0x2 
 .text.movMeas  0x0800823c      0x1d4 ./src/measurement.o
                0x0800823c                movMeas
 .text.p_error  0x08008410       0x38 ./src/statemachine.o
                0x08008410                p_error
 .text.p_low    0x08008448       0x34 ./src/statemachine.o
                0x08008448                p_low
 .text.p_high   0x0800847c       0x34 ./src/statemachine.o
                0x0800847c                p_high
 .text.p_meas_up
                0x080084b0       0x70 ./src/statemachine.o
                0x080084b0                p_meas_up
 .text.p_meas_down
                0x08008520       0x70 ./src/statemachine.o
                0x08008520                p_meas_down
 .text.p_start  0x08008590       0x54 ./src/statemachine.o
                0x08008590                p_start
 .text.statemachine_process
                0x080085e4       0x1c ./src/statemachine.o
                0x080085e4                statemachine_process
 .text.HAL_MspInit
                0x08008600       0x60 ./src/stm32f4xx_hal_msp.o
                0x08008600                HAL_MspInit
 .text.HAL_ADC_MspInit
                0x08008660       0x58 ./src/stm32f4xx_hal_msp.o
                0x08008660                HAL_ADC_MspInit
 .text.HAL_I2C_MspInit
                0x080086b8       0x50 ./src/stm32f4xx_hal_msp.o
                0x080086b8                HAL_I2C_MspInit
 .text.HAL_RTC_MspInit
                0x08008708       0x18 ./src/stm32f4xx_hal_msp.o
                0x08008708                HAL_RTC_MspInit
 .text.HAL_SD_MspInit
                0x08008720       0x68 ./src/stm32f4xx_hal_msp.o
                0x08008720                HAL_SD_MspInit
 .text.HAL_TIM_Base_MspInit
                0x08008788       0x6c ./src/stm32f4xx_hal_msp.o
                0x08008788                HAL_TIM_Base_MspInit
 .text.HAL_UART_MspInit
                0x080087f4       0x60 ./src/stm32f4xx_hal_msp.o
                0x080087f4                HAL_UART_MspInit
 .text.NMI_Handler
                0x08008854        0x2 ./src/stm32f4xx_it.o
                0x08008854                NMI_Handler
 .text.HardFault_Handler
                0x08008856        0x2 ./src/stm32f4xx_it.o
                0x08008856                HardFault_Handler
 .text.MemManage_Handler
                0x08008858        0x2 ./src/stm32f4xx_it.o
                0x08008858                MemManage_Handler
 .text.BusFault_Handler
                0x0800885a        0x2 ./src/stm32f4xx_it.o
                0x0800885a                BusFault_Handler
 .text.UsageFault_Handler
                0x0800885c        0x2 ./src/stm32f4xx_it.o
                0x0800885c                UsageFault_Handler
 .text.SVC_Handler
                0x0800885e        0x2 ./src/stm32f4xx_it.o
                0x0800885e                SVC_Handler
 .text.DebugMon_Handler
                0x08008860        0x2 ./src/stm32f4xx_it.o
                0x08008860                DebugMon_Handler
 .text.PendSV_Handler
                0x08008862        0x2 ./src/stm32f4xx_it.o
                0x08008862                PendSV_Handler
 .text.SysTick_Handler
                0x08008864        0xe ./src/stm32f4xx_it.o
                0x08008864                SysTick_Handler
 *fill*         0x08008872        0x2 
 .text.ADC_IRQHandler
                0x08008874        0xc ./src/stm32f4xx_it.o
                0x08008874                ADC_IRQHandler
 .text.TIM2_IRQHandler
                0x08008880        0xc ./src/stm32f4xx_it.o
                0x08008880                TIM2_IRQHandler
 .text.TIM4_IRQHandler
                0x0800888c        0xc ./src/stm32f4xx_it.o
                0x0800888c                TIM4_IRQHandler
 .text.USART3_IRQHandler
                0x08008898        0xc ./src/stm32f4xx_it.o
                0x08008898                USART3_IRQHandler
 .text          0x080088a4      0x370 /usr/local/gcc-arm-none-eabi-5_4-2016q2/bin/../lib/gcc/arm-none-eabi/5.4.1/armv7e-m/libgcc.a(_arm_addsubdf3.o)
                0x080088a4                __aeabi_drsub
                0x080088ac                __aeabi_dsub
                0x080088ac                __subdf3
                0x080088b0                __adddf3
                0x080088b0                __aeabi_dadd
                0x08008b28                __aeabi_ui2d
                0x08008b28                __floatunsidf
                0x08008b48                __floatsidf
                0x08008b48                __aeabi_i2d
                0x08008b6c                __extendsfdf2
                0x08008b6c                __aeabi_f2d
                0x08008ba8                __aeabi_ul2d
                0x08008ba8                __floatundidf
                0x08008bb8                __floatdidf
                0x08008bb8                __aeabi_l2d
 .text          0x08008c14      0x110 /usr/local/gcc-arm-none-eabi-5_4-2016q2/bin/../lib/gcc/arm-none-eabi/5.4.1/armv7e-m/libgcc.a(_arm_cmpdf2.o)
                0x08008c14                __gtdf2
                0x08008c14                __gedf2
                0x08008c1c                __ltdf2
                0x08008c1c                __ledf2
                0x08008c24                __cmpdf2
                0x08008c24                __eqdf2
                0x08008c24                __nedf2
                0x08008ca0                __aeabi_cdrcmple
                0x08008cb0                __aeabi_cdcmple
                0x08008cb0                __aeabi_cdcmpeq
                0x08008cc0                __aeabi_dcmpeq
                0x08008cd4                __aeabi_dcmplt
                0x08008ce8                __aeabi_dcmple
                0x08008cfc                __aeabi_dcmpge
                0x08008d10                __aeabi_dcmpgt
 .text          0x08008d24       0x50 /usr/local/gcc-arm-none-eabi-5_4-2016q2/bin/../lib/gcc/arm-none-eabi/5.4.1/armv7e-m/libgcc.a(_arm_fixdfsi.o)
                0x08008d24                __fixdfsi
                0x08008d24                __aeabi_d2iz
 .text          0x08008d74       0x40 /usr/local/gcc-arm-none-eabi-5_4-2016q2/bin/../lib/gcc/arm-none-eabi/5.4.1/armv7e-m/libgcc.a(_arm_fixunsdfsi.o)
                0x08008d74                __fixunsdfsi
                0x08008d74                __aeabi_d2uiz
 .text.atoi     0x08008db4        0x8 /usr/local/gcc-arm-none-eabi-5_4-2016q2/bin/../lib/gcc/arm-none-eabi/5.4.1/../../../../arm-none-eabi/lib/armv7e-m/libg_nano.a(lib_a-atoi.o)
                0x08008db4                atoi
 .text.__errno  0x08008dbc        0xc /usr/local/gcc-arm-none-eabi-5_4-2016q2/bin/../lib/gcc/arm-none-eabi/5.4.1/../../../../arm-none-eabi/lib/armv7e-m/libg_nano.a(lib_a-errno.o)
                0x08008dbc                __errno
 .text.__itoa   0x08008dc8       0x2e /usr/local/gcc-arm-none-eabi-5_4-2016q2/bin/../lib/gcc/arm-none-eabi/5.4.1/../../../../arm-none-eabi/lib/armv7e-m/libg_nano.a(lib_a-itoa.o)
                0x08008dc8                __itoa
 .text.itoa     0x08008df6        0x4 /usr/local/gcc-arm-none-eabi-5_4-2016q2/bin/../lib/gcc/arm-none-eabi/5.4.1/../../../../arm-none-eabi/lib/armv7e-m/libg_nano.a(lib_a-itoa.o)
                0x08008df6                itoa
 *fill*         0x08008dfa        0x2 
 .text.malloc   0x08008dfc       0x10 /usr/local/gcc-arm-none-eabi-5_4-2016q2/bin/../lib/gcc/arm-none-eabi/5.4.1/../../../../arm-none-eabi/lib/armv7e-m/libg_nano.a(lib_a-malloc.o)
                0x08008dfc                malloc
 .text.free     0x08008e0c       0x10 /usr/local/gcc-arm-none-eabi-5_4-2016q2/bin/../lib/gcc/arm-none-eabi/5.4.1/../../../../arm-none-eabi/lib/armv7e-m/libg_nano.a(lib_a-malloc.o)
                0x08008e0c                free
 .text.memcpy   0x08008e1c       0x16 /usr/local/gcc-arm-none-eabi-5_4-2016q2/bin/../lib/gcc/arm-none-eabi/5.4.1/../../../../arm-none-eabi/lib/armv7e-m/libg_nano.a(lib_a-memcpy-stub.o)
                0x08008e1c                memcpy
 .text.memset   0x08008e32       0x10 /usr/local/gcc-arm-none-eabi-5_4-2016q2/bin/../lib/gcc/arm-none-eabi/5.4.1/../../../../arm-none-eabi/lib/armv7e-m/libg_nano.a(lib_a-memset.o)
                0x08008e32                memset
 *fill*         0x08008e42        0x2 
 .text._free_r  0x08008e44       0x9c /usr/local/gcc-arm-none-eabi-5_4-2016q2/bin/../lib/gcc/arm-none-eabi/5.4.1/../../../../arm-none-eabi/lib/armv7e-m/libg_nano.a(lib_a-nano-freer.o)
                0x08008e44                _free_r
 .text._malloc_r
                0x08008ee0       0xbc /usr/local/gcc-arm-none-eabi-5_4-2016q2/bin/../lib/gcc/arm-none-eabi/5.4.1/../../../../arm-none-eabi/lib/armv7e-m/libg_nano.a(lib_a-nano-mallocr.o)
                0x08008ee0                _malloc_r
 .text._sbrk_r  0x08008f9c       0x20 /usr/local/gcc-arm-none-eabi-5_4-2016q2/bin/../lib/gcc/arm-none-eabi/5.4.1/../../../../arm-none-eabi/lib/armv7e-m/libg_nano.a(lib_a-sbrkr.o)
                0x08008f9c                _sbrk_r
 .text.sprintf  0x08008fbc       0x48 /usr/local/gcc-arm-none-eabi-5_4-2016q2/bin/../lib/gcc/arm-none-eabi/5.4.1/../../../../arm-none-eabi/lib/armv7e-m/libg_nano.a(lib_a-sprintf.o)
                0x08008fbc                sprintf
                0x08008fbc                siprintf
 .text.strcat   0x08009004       0x1e /usr/local/gcc-arm-none-eabi-5_4-2016q2/bin/../lib/gcc/arm-none-eabi/5.4.1/../../../../arm-none-eabi/lib/armv7e-m/libg_nano.a(lib_a-strcat.o)
                0x08009004                strcat
 .text.strchr   0x08009022       0x1c /usr/local/gcc-arm-none-eabi-5_4-2016q2/bin/../lib/gcc/arm-none-eabi/5.4.1/../../../../arm-none-eabi/lib/armv7e-m/libg_nano.a(lib_a-strchr.o)
                0x08009022                strchr
 .text          0x0800903e       0x14 /usr/local/gcc-arm-none-eabi-5_4-2016q2/bin/../lib/gcc/arm-none-eabi/5.4.1/../../../../arm-none-eabi/lib/armv7e-m/libg_nano.a(lib_a-strcmp.o)
                0x0800903e                strcmp
 .text.strcpy   0x08009052       0x10 /usr/local/gcc-arm-none-eabi-5_4-2016q2/bin/../lib/gcc/arm-none-eabi/5.4.1/../../../../arm-none-eabi/lib/armv7e-m/libg_nano.a(lib_a-strcpy.o)
                0x08009052                strcpy
 .text          0x08009062       0x10 /usr/local/gcc-arm-none-eabi-5_4-2016q2/bin/../lib/gcc/arm-none-eabi/5.4.1/../../../../arm-none-eabi/lib/armv7e-m/libg_nano.a(lib_a-strlen.o)
                0x08009062                strlen
 .text.strncmp  0x08009072       0x2a /usr/local/gcc-arm-none-eabi-5_4-2016q2/bin/../lib/gcc/arm-none-eabi/5.4.1/../../../../arm-none-eabi/lib/armv7e-m/libg_nano.a(lib_a-strncmp.o)
                0x08009072                strncmp
 .text.strncpy  0x0800909c       0x26 /usr/local/gcc-arm-none-eabi-5_4-2016q2/bin/../lib/gcc/arm-none-eabi/5.4.1/../../../../arm-none-eabi/lib/armv7e-m/libg_nano.a(lib_a-strncpy.o)
                0x0800909c                strncpy
 .text.strstr   0x080090c2       0x34 /usr/local/gcc-arm-none-eabi-5_4-2016q2/bin/../lib/gcc/arm-none-eabi/5.4.1/../../../../arm-none-eabi/lib/armv7e-m/libg_nano.a(lib_a-strstr.o)
                0x080090c2                strstr
 .text.sulp     0x080090f6       0x42 /usr/local/gcc-arm-none-eabi-5_4-2016q2/bin/../lib/gcc/arm-none-eabi/5.4.1/../../../../arm-none-eabi/lib/armv7e-m/libg_nano.a(lib_a-strtod.o)
 .text._strtod_r
                0x08009138      0xbf8 /usr/local/gcc-arm-none-eabi-5_4-2016q2/bin/../lib/gcc/arm-none-eabi/5.4.1/../../../../arm-none-eabi/lib/armv7e-m/libg_nano.a(lib_a-strtod.o)
                0x08009138                _strtod_r
 .text.strtod   0x08009d30       0x10 /usr/local/gcc-arm-none-eabi-5_4-2016q2/bin/../lib/gcc/arm-none-eabi/5.4.1/../../../../arm-none-eabi/lib/armv7e-m/libg_nano.a(lib_a-strtod.o)
                0x08009d30                strtod
 .text._strtol_r
                0x08009d40      0x10c /usr/local/gcc-arm-none-eabi-5_4-2016q2/bin/../lib/gcc/arm-none-eabi/5.4.1/../../../../arm-none-eabi/lib/armv7e-m/libg_nano.a(lib_a-strtol.o)
                0x08009d40                _strtol_r
 .text.strtol   0x08009e4c       0x14 /usr/local/gcc-arm-none-eabi-5_4-2016q2/bin/../lib/gcc/arm-none-eabi/5.4.1/../../../../arm-none-eabi/lib/armv7e-m/libg_nano.a(lib_a-strtol.o)
                0x08009e4c                strtol
 .text.__utoa   0x08009e60       0x78 /usr/local/gcc-arm-none-eabi-5_4-2016q2/bin/../lib/gcc/arm-none-eabi/5.4.1/../../../../arm-none-eabi/lib/armv7e-m/libg_nano.a(lib_a-utoa.o)
                0x08009e60                __utoa
 .text.rshift   0x08009ed8       0x6c /usr/local/gcc-arm-none-eabi-5_4-2016q2/bin/../lib/gcc/arm-none-eabi/5.4.1/../../../../arm-none-eabi/lib/armv7e-m/libg_nano.a(lib_a-gdtoa-gethex.o)
 .text.__hexdig_fun
                0x08009f44       0x2a /usr/local/gcc-arm-none-eabi-5_4-2016q2/bin/../lib/gcc/arm-none-eabi/5.4.1/../../../../arm-none-eabi/lib/armv7e-m/libg_nano.a(lib_a-gdtoa-gethex.o)
                0x08009f44                __hexdig_fun
 .text.__gethex
                0x08009f6e      0x43e /usr/local/gcc-arm-none-eabi-5_4-2016q2/bin/../lib/gcc/arm-none-eabi/5.4.1/../../../../arm-none-eabi/lib/armv7e-m/libg_nano.a(lib_a-gdtoa-gethex.o)
                0x08009f6e                __gethex
 .text.L_shift  0x0800a3ac       0x24 /usr/local/gcc-arm-none-eabi-5_4-2016q2/bin/../lib/gcc/arm-none-eabi/5.4.1/../../../../arm-none-eabi/lib/armv7e-m/libg_nano.a(lib_a-gdtoa-hexnan.o)
 .text.__match  0x0800a3d0       0x26 /usr/local/gcc-arm-none-eabi-5_4-2016q2/bin/../lib/gcc/arm-none-eabi/5.4.1/../../../../arm-none-eabi/lib/armv7e-m/libg_nano.a(lib_a-gdtoa-hexnan.o)
                0x0800a3d0                __match
 .text.__hexnan
                0x0800a3f6      0x11c /usr/local/gcc-arm-none-eabi-5_4-2016q2/bin/../lib/gcc/arm-none-eabi/5.4.1/../../../../arm-none-eabi/lib/armv7e-m/libg_nano.a(lib_a-gdtoa-hexnan.o)
                0x0800a3f6                __hexnan
 *fill*         0x0800a512        0x2 
 .text._localeconv_r
                0x0800a514        0x8 /usr/local/gcc-arm-none-eabi-5_4-2016q2/bin/../lib/gcc/arm-none-eabi/5.4.1/../../../../arm-none-eabi/lib/armv7e-m/libg_nano.a(lib_a-locale.o)
                0x0800a514                _localeconv_r
 .text.__malloc_lock
                0x0800a51c        0x2 /usr/local/gcc-arm-none-eabi-5_4-2016q2/bin/../lib/gcc/arm-none-eabi/5.4.1/../../../../arm-none-eabi/lib/armv7e-m/libg_nano.a(lib_a-mlock.o)
                0x0800a51c                __malloc_lock
 .text.__malloc_unlock
                0x0800a51e        0x2 /usr/local/gcc-arm-none-eabi-5_4-2016q2/bin/../lib/gcc/arm-none-eabi/5.4.1/../../../../arm-none-eabi/lib/armv7e-m/libg_nano.a(lib_a-mlock.o)
                0x0800a51e                __malloc_unlock
 .text._Balloc  0x0800a520       0x6a /usr/local/gcc-arm-none-eabi-5_4-2016q2/bin/../lib/gcc/arm-none-eabi/5.4.1/../../../../arm-none-eabi/lib/armv7e-m/libg_nano.a(lib_a-mprec.o)
                0x0800a520                _Balloc
 .text._Bfree   0x0800a58a       0x2e /usr/local/gcc-arm-none-eabi-5_4-2016q2/bin/../lib/gcc/arm-none-eabi/5.4.1/../../../../arm-none-eabi/lib/armv7e-m/libg_nano.a(lib_a-mprec.o)
                0x0800a58a                _Bfree
 .text.__multadd
                0x0800a5b8       0x76 /usr/local/gcc-arm-none-eabi-5_4-2016q2/bin/../lib/gcc/arm-none-eabi/5.4.1/../../../../arm-none-eabi/lib/armv7e-m/libg_nano.a(lib_a-mprec.o)
                0x0800a5b8                __multadd
 .text.__s2b    0x0800a62e       0x7c /usr/local/gcc-arm-none-eabi-5_4-2016q2/bin/../lib/gcc/arm-none-eabi/5.4.1/../../../../arm-none-eabi/lib/armv7e-m/libg_nano.a(lib_a-mprec.o)
                0x0800a62e                __s2b
 .text.__hi0bits
                0x0800a6aa       0x40 /usr/local/gcc-arm-none-eabi-5_4-2016q2/bin/../lib/gcc/arm-none-eabi/5.4.1/../../../../arm-none-eabi/lib/armv7e-m/libg_nano.a(lib_a-mprec.o)
                0x0800a6aa                __hi0bits
 .text.__lo0bits
                0x0800a6ea       0x5a /usr/local/gcc-arm-none-eabi-5_4-2016q2/bin/../lib/gcc/arm-none-eabi/5.4.1/../../../../arm-none-eabi/lib/armv7e-m/libg_nano.a(lib_a-mprec.o)
                0x0800a6ea                __lo0bits
 .text.__i2b    0x0800a744       0x12 /usr/local/gcc-arm-none-eabi-5_4-2016q2/bin/../lib/gcc/arm-none-eabi/5.4.1/../../../../arm-none-eabi/lib/armv7e-m/libg_nano.a(lib_a-mprec.o)
                0x0800a744                __i2b
 .text.__multiply
                0x0800a756      0x122 /usr/local/gcc-arm-none-eabi-5_4-2016q2/bin/../lib/gcc/arm-none-eabi/5.4.1/../../../../arm-none-eabi/lib/armv7e-m/libg_nano.a(lib_a-mprec.o)
                0x0800a756                __multiply
 .text.__pow5mult
                0x0800a878       0x9c /usr/local/gcc-arm-none-eabi-5_4-2016q2/bin/../lib/gcc/arm-none-eabi/5.4.1/../../../../arm-none-eabi/lib/armv7e-m/libg_nano.a(lib_a-mprec.o)
                0x0800a878                __pow5mult
 .text.__lshift
                0x0800a914       0xa2 /usr/local/gcc-arm-none-eabi-5_4-2016q2/bin/../lib/gcc/arm-none-eabi/5.4.1/../../../../arm-none-eabi/lib/armv7e-m/libg_nano.a(lib_a-mprec.o)
                0x0800a914                __lshift
 .text.__mcmp   0x0800a9b6       0x38 /usr/local/gcc-arm-none-eabi-5_4-2016q2/bin/../lib/gcc/arm-none-eabi/5.4.1/../../../../arm-none-eabi/lib/armv7e-m/libg_nano.a(lib_a-mprec.o)
                0x0800a9b6                __mcmp
 .text.__mdiff  0x0800a9ee       0xbe /usr/local/gcc-arm-none-eabi-5_4-2016q2/bin/../lib/gcc/arm-none-eabi/5.4.1/../../../../arm-none-eabi/lib/armv7e-m/libg_nano.a(lib_a-mprec.o)
                0x0800a9ee                __mdiff
 .text.__ulp    0x0800aaac       0x48 /usr/local/gcc-arm-none-eabi-5_4-2016q2/bin/../lib/gcc/arm-none-eabi/5.4.1/../../../../arm-none-eabi/lib/armv7e-m/libg_nano.a(lib_a-mprec.o)
                0x0800aaac                __ulp
 .text.__b2d    0x0800aaf4       0x9a /usr/local/gcc-arm-none-eabi-5_4-2016q2/bin/../lib/gcc/arm-none-eabi/5.4.1/../../../../arm-none-eabi/lib/armv7e-m/libg_nano.a(lib_a-mprec.o)
                0x0800aaf4                __b2d
 .text.__d2b    0x0800ab8e       0x9c /usr/local/gcc-arm-none-eabi-5_4-2016q2/bin/../lib/gcc/arm-none-eabi/5.4.1/../../../../arm-none-eabi/lib/armv7e-m/libg_nano.a(lib_a-mprec.o)
                0x0800ab8e                __d2b
 .text.__ratio  0x0800ac2a       0x52 /usr/local/gcc-arm-none-eabi-5_4-2016q2/bin/../lib/gcc/arm-none-eabi/5.4.1/../../../../arm-none-eabi/lib/armv7e-m/libg_nano.a(lib_a-mprec.o)
                0x0800ac2a                __ratio
 .text.__copybits
                0x0800ac7c       0x34 /usr/local/gcc-arm-none-eabi-5_4-2016q2/bin/../lib/gcc/arm-none-eabi/5.4.1/../../../../arm-none-eabi/lib/armv7e-m/libg_nano.a(lib_a-mprec.o)
                0x0800ac7c                __copybits
 .text.__any_on
                0x0800acb0       0x44 /usr/local/gcc-arm-none-eabi-5_4-2016q2/bin/../lib/gcc/arm-none-eabi/5.4.1/../../../../arm-none-eabi/lib/armv7e-m/libg_nano.a(lib_a-mprec.o)
                0x0800acb0                __any_on
 .text._calloc_r
                0x0800acf4       0x1c /usr/local/gcc-arm-none-eabi-5_4-2016q2/bin/../lib/gcc/arm-none-eabi/5.4.1/../../../../arm-none-eabi/lib/armv7e-m/libg_nano.a(lib_a-nano-callocr.o)
                0x0800acf4                _calloc_r
 .text.__ssputs_r
                0x0800ad10       0xb2 /usr/local/gcc-arm-none-eabi-5_4-2016q2/bin/../lib/gcc/arm-none-eabi/5.4.1/../../../../arm-none-eabi/lib/armv7e-m/libg_nano.a(lib_a-nano-svfprintf.o)
                0x0800ad10                __ssputs_r
 *fill*         0x0800adc2        0x2 
 .text._svfprintf_r
                0x0800adc4      0x1e8 /usr/local/gcc-arm-none-eabi-5_4-2016q2/bin/../lib/gcc/arm-none-eabi/5.4.1/../../../../arm-none-eabi/lib/armv7e-m/libg_nano.a(lib_a-nano-svfprintf.o)
                0x0800adc4                _svfprintf_r
                0x0800adc4                _svfiprintf_r
 .text._printf_common
                0x0800afac       0xec /usr/local/gcc-arm-none-eabi-5_4-2016q2/bin/../lib/gcc/arm-none-eabi/5.4.1/../../../../arm-none-eabi/lib/armv7e-m/libg_nano.a(lib_a-nano-vfprintf_i.o)
                0x0800afac                _printf_common
 .text._printf_i
                0x0800b098      0x24c /usr/local/gcc-arm-none-eabi-5_4-2016q2/bin/../lib/gcc/arm-none-eabi/5.4.1/../../../../arm-none-eabi/lib/armv7e-m/libg_nano.a(lib_a-nano-vfprintf_i.o)
                0x0800b098                _printf_i
 *fill*         0x0800b2e4        0xc 
 .text          0x0800b2f0       0xa0 /usr/local/gcc-arm-none-eabi-5_4-2016q2/bin/../lib/gcc/arm-none-eabi/5.4.1/../../../../arm-none-eabi/lib/armv7e-m/libg_nano.a(lib_a-memchr.o)
                0x0800b2f0                memchr
 .text.memmove  0x0800b390       0x36 /usr/local/gcc-arm-none-eabi-5_4-2016q2/bin/../lib/gcc/arm-none-eabi/5.4.1/../../../../arm-none-eabi/lib/armv7e-m/libg_nano.a(lib_a-memmove.o)
                0x0800b390                memmove
 .text._realloc_r
                0x0800b3c6       0x4c /usr/local/gcc-arm-none-eabi-5_4-2016q2/bin/../lib/gcc/arm-none-eabi/5.4.1/../../../../arm-none-eabi/lib/armv7e-m/libg_nano.a(lib_a-nano-reallocr.o)
                0x0800b3c6                _realloc_r
 .text._malloc_usable_size_r
                0x0800b412       0x14 /usr/local/gcc-arm-none-eabi-5_4-2016q2/bin/../lib/gcc/arm-none-eabi/5.4.1/../../../../arm-none-eabi/lib/armv7e-m/libg_nano.a(lib_a-nano-msizer.o)
                0x0800b412                _malloc_usable_size_r
 *fill*         0x0800b426        0x2 
 .text          0x0800b428      0x424 /usr/local/gcc-arm-none-eabi-5_4-2016q2/bin/../lib/gcc/arm-none-eabi/5.4.1/armv7e-m/libgcc.a(_arm_muldivdf3.o)
                0x0800b428                __aeabi_dmul
                0x0800b428                __muldf3
                0x0800b67c                __aeabi_ddiv
                0x0800b67c                __divdf3
 *(.rodata .rodata.* .constdata .constdata.*)
 .rodata.APBAHBPrescTable
                0x0800b84c       0x10 ./system/src/stm32f4-hal/stm32f4xx_hal_rcc.o
                0x0800b84c                APBAHBPrescTable
 .rodata.AHBPrescTable
                0x0800b85c       0x10 ./system/src/cmsis/system_stm32f4xx.o
                0x0800b85c                AHBPrescTable
 .rodata.str1.1
                0x0800b86c      0x16f ./src/edge_comm/GSM_MQTT.o
                                0x182 (size before relaxing)
 .rodata.str1.1
                0x0800b9db      0x12b ./src/edge_comm/edge_comm.o
                                0x131 (size before relaxing)
 .rodata.str1.1
                0x0800bb06      0x10c ./src/edge_comm/parson.o
                                0x11b (size before relaxing)
 .rodata.str1.1
                0x0800bc12       0x44 ./src/FatFs/ff.o
 .rodata.LfnOfs
                0x0800bc56        0xd ./src/FatFs/ff.o
 *fill*         0x0800bc63        0x1 
 .rodata.SD_Driver
                0x0800bc64       0x14 ./src/FatFs/sd_diskio.o
                0x0800bc64                SD_Driver
 .rodata.str1.1
                0x0800bc78      0x114 ./src/init.o
                                0x18d (size before relaxing)
 .rodata.str1.1
                0x0800bd8c        0x8 ./src/measurement.o
                                 0x17 (size before relaxing)
 .rodata._ctype_
                0x0800bd94      0x101 /usr/local/gcc-arm-none-eabi-5_4-2016q2/bin/../lib/gcc/arm-none-eabi/5.4.1/../../../../arm-none-eabi/lib/armv7e-m/libg_nano.a(lib_a-ctype_.o)
                0x0800bd94                _ctype_
 *fill*         0x0800be95        0x3 
 .rodata.__sf_fake_stdin
                0x0800be98       0x20 /usr/local/gcc-arm-none-eabi-5_4-2016q2/bin/../lib/gcc/arm-none-eabi/5.4.1/../../../../arm-none-eabi/lib/armv7e-m/libg_nano.a(lib_a-findfp.o)
                0x0800be98                __sf_fake_stdin
 .rodata.__sf_fake_stdout
                0x0800beb8       0x20 /usr/local/gcc-arm-none-eabi-5_4-2016q2/bin/../lib/gcc/arm-none-eabi/5.4.1/../../../../arm-none-eabi/lib/armv7e-m/libg_nano.a(lib_a-findfp.o)
                0x0800beb8                __sf_fake_stdout
 .rodata.__sf_fake_stderr
                0x0800bed8       0x20 /usr/local/gcc-arm-none-eabi-5_4-2016q2/bin/../lib/gcc/arm-none-eabi/5.4.1/../../../../arm-none-eabi/lib/armv7e-m/libg_nano.a(lib_a-findfp.o)
                0x0800bed8                __sf_fake_stderr
 .rodata.str1.1
                0x0800bef8        0x2 /usr/local/gcc-arm-none-eabi-5_4-2016q2/bin/../lib/gcc/arm-none-eabi/5.4.1/../../../../arm-none-eabi/lib/armv7e-m/libg_nano.a(lib_a-impure.o)
 *fill*         0x0800befa        0x2 
 .rodata.fpinan.5401
                0x0800befc       0x14 /usr/local/gcc-arm-none-eabi-5_4-2016q2/bin/../lib/gcc/arm-none-eabi/5.4.1/../../../../arm-none-eabi/lib/armv7e-m/libg_nano.a(lib_a-strtod.o)
 .rodata.str1.1
                0x0800bf10        0xc /usr/local/gcc-arm-none-eabi-5_4-2016q2/bin/../lib/gcc/arm-none-eabi/5.4.1/../../../../arm-none-eabi/lib/armv7e-m/libg_nano.a(lib_a-strtod.o)
 .rodata.fpi.5365
                0x0800bf1c       0x14 /usr/local/gcc-arm-none-eabi-5_4-2016q2/bin/../lib/gcc/arm-none-eabi/5.4.1/../../../../arm-none-eabi/lib/armv7e-m/libg_nano.a(lib_a-strtod.o)
 .rodata.tinytens
                0x0800bf30       0x28 /usr/local/gcc-arm-none-eabi-5_4-2016q2/bin/../lib/gcc/arm-none-eabi/5.4.1/../../../../arm-none-eabi/lib/armv7e-m/libg_nano.a(lib_a-strtod.o)
 .rodata.str1.1
                0x0800bf58       0x25 /usr/local/gcc-arm-none-eabi-5_4-2016q2/bin/../lib/gcc/arm-none-eabi/5.4.1/../../../../arm-none-eabi/lib/armv7e-m/libg_nano.a(lib_a-utoa.o)
 .rodata.str1.1
                0x0800bf7d        0x6 /usr/local/gcc-arm-none-eabi-5_4-2016q2/bin/../lib/gcc/arm-none-eabi/5.4.1/../../../../arm-none-eabi/lib/armv7e-m/libg_nano.a(lib_a-locale.o)
                                  0xb (size before relaxing)
 *fill*         0x0800bf83        0x5 
 .rodata.__mprec_tens
                0x0800bf88       0xc8 /usr/local/gcc-arm-none-eabi-5_4-2016q2/bin/../lib/gcc/arm-none-eabi/5.4.1/../../../../arm-none-eabi/lib/armv7e-m/libg_nano.a(lib_a-mprec.o)
                0x0800bf88                __mprec_tens
 .rodata.p05.5408
                0x0800c050        0xc /usr/local/gcc-arm-none-eabi-5_4-2016q2/bin/../lib/gcc/arm-none-eabi/5.4.1/../../../../arm-none-eabi/lib/armv7e-m/libg_nano.a(lib_a-mprec.o)
 *fill*         0x0800c05c        0x4 
 .rodata.__mprec_bigtens
                0x0800c060       0x28 /usr/local/gcc-arm-none-eabi-5_4-2016q2/bin/../lib/gcc/arm-none-eabi/5.4.1/../../../../arm-none-eabi/lib/armv7e-m/libg_nano.a(lib_a-mprec.o)
                0x0800c060                __mprec_bigtens
 .rodata.str1.1
                0x0800c088       0x11 /usr/local/gcc-arm-none-eabi-5_4-2016q2/bin/../lib/gcc/arm-none-eabi/5.4.1/../../../../arm-none-eabi/lib/armv7e-m/libg_nano.a(lib_a-nano-svfprintf.o)
 .rodata.str1.1
                0x0800c099       0x22 /usr/local/gcc-arm-none-eabi-5_4-2016q2/bin/../lib/gcc/arm-none-eabi/5.4.1/../../../../arm-none-eabi/lib/armv7e-m/libg_nano.a(lib_a-nano-vfprintf_i.o)
 *(vtable)
 *(.eh_frame*)
 *(.glue_7)
 .glue_7        0x0800c0bb        0x0 linker stubs
 *(.glue_7t)
 .glue_7t       0x0800c0bb        0x0 linker stubs

.vfp11_veneer   0x0800c0bc        0x0
 .vfp11_veneer  0x0800c0bc        0x0 linker stubs

.v4_bx          0x0800c0bc        0x0
 .v4_bx         0x0800c0bc        0x0 linker stubs

.iplt           0x0800c0bc        0x0
 .iplt          0x0800c0bc        0x0 ./system/src/stm32f4-hal/stm32f4xx_hal.o

.rel.dyn        0x0800c0bc        0x0
 .rel.iplt      0x0800c0bc        0x0 ./system/src/stm32f4-hal/stm32f4xx_hal.o

.ARM.extab
 *(.ARM.extab* .gnu.linkonce.armextab.*)
                0x0800c0bc                . = ALIGN (0x4)
                0x0800c0bc                __exidx_start = .

.ARM.exidx
 *(.ARM.exidx* .gnu.linkonce.armexidx.*)
                0x0800c0bc                __exidx_end = .
                0x0800c0bc                . = ALIGN (0x4)
                0x0800c0bc                _etext = .
                0x0800c0bc                __etext = .

.data_CCMRAM    0x10000000        0x0 load address 0x0800c0bc
 FILL mask 0xff
 *(.data.CCMRAM .data.CCMRAM.*)
                0x10000000                . = ALIGN (0x4)
                0x0800c0bc                _sidata = LOADADDR (.data)

.data           0x20000000       0xd8 load address 0x0800c0bc
 FILL mask 0xff
                0x20000000                _sdata = .
                0x20000000                __data_start__ = .
 *(.data_begin .data_begin.*)
 *(.data .data.*)
 .data.argv.4762
                0x20000000        0x8 ./system/src/newlib/_syscalls.o
 .data.SystemCoreClock
                0x20000008        0x4 ./system/src/cmsis/system_stm32f4xx.o
                0x20000008                SystemCoreClock
 .data.mevd_uuid
                0x2000000c        0x5 ./src/edge_comm/edge_comm.o
                0x2000000c                mevd_uuid
 *fill*         0x20000011        0x3 ff
 .data.parson_free
                0x20000014        0x4 ./src/edge_comm/parson.o
 .data.parson_malloc
                0x20000018        0x4 ./src/edge_comm/parson.o
 .data.Stat     0x2000001c        0x1 ./src/FatFs/sd_diskio.o
 *fill*         0x2000001d        0x3 ff
 .data.func_arr
                0x20000020       0x14 ./src/statemachine.o
                0x20000020                func_arr
 .data.m_state  0x20000034        0x1 ./src/statemachine.o
                0x20000034                m_state
 *fill*         0x20000035        0x3 ff
 .data.__ctype_ptr__
                0x20000038        0x4 /usr/local/gcc-arm-none-eabi-5_4-2016q2/bin/../lib/gcc/arm-none-eabi/5.4.1/../../../../arm-none-eabi/lib/armv7e-m/libg_nano.a(lib_a-ctype_.o)
                0x20000038                __ctype_ptr__
 .data.impure_data
                0x2000003c       0x60 /usr/local/gcc-arm-none-eabi-5_4-2016q2/bin/../lib/gcc/arm-none-eabi/5.4.1/../../../../arm-none-eabi/lib/armv7e-m/libg_nano.a(lib_a-impure.o)
 .data._impure_ptr
                0x2000009c        0x4 /usr/local/gcc-arm-none-eabi-5_4-2016q2/bin/../lib/gcc/arm-none-eabi/5.4.1/../../../../arm-none-eabi/lib/armv7e-m/libg_nano.a(lib_a-impure.o)
                0x2000009c                _impure_ptr
 .data.lconv    0x200000a0       0x38 /usr/local/gcc-arm-none-eabi-5_4-2016q2/bin/../lib/gcc/arm-none-eabi/5.4.1/../../../../arm-none-eabi/lib/armv7e-m/libg_nano.a(lib_a-locale.o)
 *(.data_end .data_end.*)
                0x200000d8                . = ALIGN (0x4)
                0x200000d8                _edata = .
                0x200000d8                __data_end__ = .

.igot.plt       0x200000d8        0x0 load address 0x0800c194
 .igot.plt      0x200000d8        0x0 ./system/src/stm32f4-hal/stm32f4xx_hal.o

.bss_CCMRAM     0x10000000        0x0
 *(.bss.CCMRAM .bss.CCMRAM.*)

.bss            0x200000d8    0x1a00c
                0x200000d8                __bss_start__ = .
                0x200000d8                _sbss = .
 *(.bss_begin .bss_begin.*)
 *(.bss .bss.*)
 .bss.current_heap_end.4453
                0x200000d8        0x4 ./system/src/newlib/_sbrk.o
 .bss.name.4761
                0x200000dc        0x1 ./system/src/newlib/_syscalls.o
 .bss.stringComplete
                0x200000dd        0x1 ./src/edge_comm/GSM_MQTT.o
                0x200000dd                stringComplete
 .bss.commandFlag
                0x200000de        0x1 ./src/edge_comm/GSM_MQTT.o
                0x200000de                commandFlag
 .bss.pingSentCounter
                0x200000df        0x1 ./src/edge_comm/GSM_MQTT.o
                0x200000df                pingSentCounter
 .bss.GSM_Response
                0x200000e0        0x1 ./src/edge_comm/GSM_MQTT.o
                0x200000e0                GSM_Response
 *fill*         0x200000e1        0x1 
 .bss.Fsid      0x200000e2        0x2 ./src/FatFs/ff.o
 .bss.LfnBuf    0x200000e4      0x200 ./src/FatFs/ff.o
 .bss.Files     0x200002e4       0x24 ./src/FatFs/ff.o
 .bss.FatFs     0x20000308        0x4 ./src/FatFs/ff.o
 .bss.disk      0x2000030c        0xc ./src/FatFs/ff_gen_drv.o
                0x2000030c                disk
 .bss.env_counter
                0x20000318        0x2 ./src/main.o
                0x20000318                env_counter
 .bss.HOLDFlag  0x2000031a        0x1 ./src/main.o
                0x2000031a                HOLDFlag
 .bss.timeFlag  0x2000031b        0x1 ./src/main.o
                0x2000031b                timeFlag
 .bss.envMeasFlag
                0x2000031c        0x1 ./src/main.o
                0x2000031c                envMeasFlag
 .bss.bcounter  0x2000031d        0x1 ./src/measurement.o
                0x2000031d                bcounter
 *fill*         0x2000031e        0x2 
 .bss.timer     0x20000320        0x4 ./src/statemachine.o
                0x20000320                timer
 .bss.__malloc_sbrk_start
                0x20000324        0x4 /usr/local/gcc-arm-none-eabi-5_4-2016q2/bin/../lib/gcc/arm-none-eabi/5.4.1/../../../../arm-none-eabi/lib/armv7e-m/libg_nano.a(lib_a-nano-mallocr.o)
                0x20000324                __malloc_sbrk_start
 .bss.__malloc_free_list
                0x20000328        0x4 /usr/local/gcc-arm-none-eabi-5_4-2016q2/bin/../lib/gcc/arm-none-eabi/5.4.1/../../../../arm-none-eabi/lib/armv7e-m/libg_nano.a(lib_a-nano-mallocr.o)
                0x20000328                __malloc_free_list
 *(COMMON)
 COMMON         0x2000032c        0x4 ./system/src/stm32f4-hal/stm32f4xx_hal.o
                0x2000032c                uwTick
 COMMON         0x20000330        0x4 ./system/src/newlib/_syscalls.o
                0x20000330                errno
 COMMON         0x20000334      0x3ec ./src/edge_comm/edge_comm.o
                0x20000334                MQTT
                0x200005e0                QoSVal
                0x200005e4                uartBuffer
 COMMON         0x20000720        0x5 ./src/fatfs.o
                0x20000720                retSD
                0x20000721                SD_Path
 *fill*         0x20000725        0x3 
 COMMON         0x20000728      0x621 ./src/init.o
                0x20000728                serial_time_value
                0x20000730                SDCardInfo
                0x20000788                hsd
                0x200007e8                serial_time_buff
                0x200008ec                FS
                0x20000b1c                CONFIG_F
                0x20000d48                config_status
 *fill*         0x20000d49        0x3 
 COMMON         0x20000d4c     0x81f6 ./src/main.o
                0x20000d4c                htim4
                0x20000d88                huart3
                0x20000dc8                hi2c2
                0x20000e0c                gBuffer0
                0x20001e10                gBuffer1
                0x20002e14                cont_1
                0x20003e18                hadc3
                0x20003e60                gBuffer3
                0x20004e64                hrtc
                0x20004e84                cont_3
                0x20005e88                htim2
                0x20005ec4                cont_2
                0x20006ec8                config_s
                0x20006f3a                gBuffer2
                0x20007f3e                cont_0
 *fill*         0x20008f42        0x2 
 COMMON         0x20008f44    0x111a0 ./src/measurement.o
                0x20008f44                mfb
                0x20008f74                outputString
 *(.bss_end .bss_end.*)
                0x2001a0e4                . = ALIGN (0x4)
                0x2001a0e4                __bss_end__ = .
                0x2001a0e4                _ebss = .

.noinit_CCMRAM
 *(.noinit.CCMRAM .noinit.CCMRAM.*)

.noinit         0x2001a0e4        0x0
                0x2001a0e4                _noinit = .
 *(.noinit .noinit.*)
                0x2001a0e4                . = ALIGN (0x4)
                0x2001a0e4                _end_noinit = .
                [!provide]                PROVIDE (end, _end_noinit)
                [!provide]                PROVIDE (_end, _end_noinit)
                [!provide]                PROVIDE (__end, _end_noinit)
                [!provide]                PROVIDE (__end__, _end_noinit)

._check_stack   0x2001a0e4      0x100
                0x2001a1e4                . = (. + _Minimum_Stack_Size)
 *fill*         0x2001a0e4      0x100 

.b1text
 *(.b1text)
 *(.b1rodata)
 *(.b1rodata.*)

.eb0text
 *(.eb0text)
 *(.eb0rodata)
 *(.eb0rodata.*)

.eb1text
 *(.eb1text)
 *(.eb1rodata)
 *(.eb1rodata.*)

.eb2text
 *(.eb2text)
 *(.eb2rodata)
 *(.eb2rodata.*)

.eb3text
 *(.eb3text)
 *(.eb3rodata)
 *(.eb3rodata.*)

.stab
 *(.stab)

.stabstr
 *(.stabstr)

.stab.excl
 *(.stab.excl)

.stab.exclstr
 *(.stab.exclstr)

.stab.index
 *(.stab.index)

.stab.indexstr
 *(.stab.indexstr)

.comment        0x00000000       0x6e
 *(.comment)
 .comment       0x00000000       0x6e ./system/src/stm32f4-hal/stm32f4xx_hal.o
                                 0x6f (size before relaxing)
 .comment       0x0000006e       0x6f ./system/src/stm32f4-hal/stm32f4xx_hal_adc.o
 .comment       0x0000006e       0x6f ./system/src/stm32f4-hal/stm32f4xx_hal_adc_ex.o
 .comment       0x0000006e       0x6f ./system/src/stm32f4-hal/stm32f4xx_hal_cortex.o
 .comment       0x0000006e       0x6f ./system/src/stm32f4-hal/stm32f4xx_hal_gpio.o
 .comment       0x0000006e       0x6f ./system/src/stm32f4-hal/stm32f4xx_hal_i2c.o
 .comment       0x0000006e       0x6f ./system/src/stm32f4-hal/stm32f4xx_hal_rcc.o
 .comment       0x0000006e       0x6f ./system/src/stm32f4-hal/stm32f4xx_hal_rcc_ex.o
 .comment       0x0000006e       0x6f ./system/src/stm32f4-hal/stm32f4xx_hal_rtc.o
 .comment       0x0000006e       0x6f ./system/src/stm32f4-hal/stm32f4xx_hal_sd.o
 .comment       0x0000006e       0x6f ./system/src/stm32f4-hal/stm32f4xx_hal_tim.o
 .comment       0x0000006e       0x6f ./system/src/stm32f4-hal/stm32f4xx_hal_tim_ex.o
 .comment       0x0000006e       0x6f ./system/src/stm32f4-hal/stm32f4xx_hal_uart.o
 .comment       0x0000006e       0x6f ./system/src/stm32f4-hal/stm32f4xx_ll_sdmmc.o
 .comment       0x0000006e       0x6f ./system/src/newlib/_exit.o
 .comment       0x0000006e       0x6f ./system/src/newlib/_sbrk.o
 .comment       0x0000006e       0x6f ./system/src/newlib/_startup.o
 .comment       0x0000006e       0x6f ./system/src/newlib/_syscalls.o
 .comment       0x0000006e       0x6f ./system/src/cortexm/_initialize_hardware.o
 .comment       0x0000006e       0x6f ./system/src/cortexm/_reset_hardware.o
 .comment       0x0000006e       0x6f ./system/src/cortexm/exception_handlers.o
 .comment       0x0000006e       0x6f ./system/src/cmsis/system_stm32f4xx.o
 .comment       0x0000006e       0x6f ./system/src/cmsis/vectors_stm32f407xx.o
 .comment       0x0000006e       0x6f ./src/edge_comm/GSM_MQTT.o
 .comment       0x0000006e       0x6f ./src/edge_comm/edge_comm.o
 .comment       0x0000006e       0x6f ./src/edge_comm/parson.o
 .comment       0x0000006e       0x6f ./src/FatFs/diskio.o
 .comment       0x0000006e       0x6f ./src/FatFs/ff.o
 .comment       0x0000006e       0x6f ./src/FatFs/ff_gen_drv.o
 .comment       0x0000006e       0x6f ./src/FatFs/sd_diskio.o
 .comment       0x0000006e       0x6f ./src/bsp_driver_sd.o
 .comment       0x0000006e       0x6f ./src/circ_buff.o
 .comment       0x0000006e       0x6f ./src/fatfs.o
 .comment       0x0000006e       0x6f ./src/init.o
 .comment       0x0000006e       0x6f ./src/main.o
 .comment       0x0000006e       0x6f ./src/measurement.o
 .comment       0x0000006e       0x6f ./src/statemachine.o
 .comment       0x0000006e       0x6f ./src/stm32f4xx_hal_msp.o
 .comment       0x0000006e       0x6f ./src/stm32f4xx_it.o

.ARM.attributes
                0x00000000       0x31
 .ARM.attributes
                0x00000000       0x33 ./system/src/stm32f4-hal/stm32f4xx_hal.o
 .ARM.attributes
                0x00000033       0x33 ./system/src/stm32f4-hal/stm32f4xx_hal_adc.o
 .ARM.attributes
                0x00000066       0x33 ./system/src/stm32f4-hal/stm32f4xx_hal_adc_ex.o
 .ARM.attributes
                0x00000099       0x33 ./system/src/stm32f4-hal/stm32f4xx_hal_cortex.o
 .ARM.attributes
                0x000000cc       0x33 ./system/src/stm32f4-hal/stm32f4xx_hal_gpio.o
 .ARM.attributes
                0x000000ff       0x33 ./system/src/stm32f4-hal/stm32f4xx_hal_i2c.o
 .ARM.attributes
                0x00000132       0x33 ./system/src/stm32f4-hal/stm32f4xx_hal_rcc.o
 .ARM.attributes
                0x00000165       0x33 ./system/src/stm32f4-hal/stm32f4xx_hal_rcc_ex.o
 .ARM.attributes
                0x00000198       0x33 ./system/src/stm32f4-hal/stm32f4xx_hal_rtc.o
 .ARM.attributes
                0x000001cb       0x33 ./system/src/stm32f4-hal/stm32f4xx_hal_sd.o
 .ARM.attributes
                0x000001fe       0x33 ./system/src/stm32f4-hal/stm32f4xx_hal_tim.o
 .ARM.attributes
                0x00000231       0x33 ./system/src/stm32f4-hal/stm32f4xx_hal_tim_ex.o
 .ARM.attributes
                0x00000264       0x33 ./system/src/stm32f4-hal/stm32f4xx_hal_uart.o
 .ARM.attributes
                0x00000297       0x33 ./system/src/stm32f4-hal/stm32f4xx_ll_sdmmc.o
 .ARM.attributes
                0x000002ca       0x33 ./system/src/newlib/_exit.o
 .ARM.attributes
                0x000002fd       0x33 ./system/src/newlib/_sbrk.o
 .ARM.attributes
                0x00000330       0x33 ./system/src/newlib/_startup.o
 .ARM.attributes
                0x00000363       0x33 ./system/src/newlib/_syscalls.o
 .ARM.attributes
                0x00000396       0x33 ./system/src/cortexm/_initialize_hardware.o
 .ARM.attributes
                0x000003c9       0x33 ./system/src/cortexm/_reset_hardware.o
 .ARM.attributes
                0x000003fc       0x33 ./system/src/cortexm/exception_handlers.o
 .ARM.attributes
                0x0000042f       0x33 ./system/src/cmsis/system_stm32f4xx.o
 .ARM.attributes
                0x00000462       0x33 ./system/src/cmsis/vectors_stm32f407xx.o
 .ARM.attributes
                0x00000495       0x33 ./src/edge_comm/GSM_MQTT.o
 .ARM.attributes
                0x000004c8       0x33 ./src/edge_comm/edge_comm.o
 .ARM.attributes
                0x000004fb       0x33 ./src/edge_comm/parson.o
 .ARM.attributes
                0x0000052e       0x33 ./src/FatFs/diskio.o
 .ARM.attributes
                0x00000561       0x33 ./src/FatFs/ff.o
 .ARM.attributes
                0x00000594       0x33 ./src/FatFs/ff_gen_drv.o
 .ARM.attributes
                0x000005c7       0x33 ./src/FatFs/sd_diskio.o
 .ARM.attributes
                0x000005fa       0x33 ./src/bsp_driver_sd.o
 .ARM.attributes
                0x0000062d       0x33 ./src/circ_buff.o
 .ARM.attributes
                0x00000660       0x33 ./src/fatfs.o
 .ARM.attributes
                0x00000693       0x33 ./src/init.o
 .ARM.attributes
                0x000006c6       0x33 ./src/main.o
 .ARM.attributes
                0x000006f9       0x33 ./src/measurement.o
 .ARM.attributes
                0x0000072c       0x33 ./src/statemachine.o
 .ARM.attributes
                0x0000075f       0x33 ./src/stm32f4xx_hal_msp.o
 .ARM.attributes
                0x00000792       0x33 ./src/stm32f4xx_it.o
 .ARM.attributes
                0x000007c5       0x1e /usr/local/gcc-arm-none-eabi-5_4-2016q2/bin/../lib/gcc/arm-none-eabi/5.4.1/armv7e-m/libgcc.a(_arm_addsubdf3.o)
 .ARM.attributes
                0x000007e3       0x1e /usr/local/gcc-arm-none-eabi-5_4-2016q2/bin/../lib/gcc/arm-none-eabi/5.4.1/armv7e-m/libgcc.a(_arm_cmpdf2.o)
 .ARM.attributes
                0x00000801       0x1e /usr/local/gcc-arm-none-eabi-5_4-2016q2/bin/../lib/gcc/arm-none-eabi/5.4.1/armv7e-m/libgcc.a(_arm_fixdfsi.o)
 .ARM.attributes
                0x0000081f       0x1e /usr/local/gcc-arm-none-eabi-5_4-2016q2/bin/../lib/gcc/arm-none-eabi/5.4.1/armv7e-m/libgcc.a(_arm_fixunsdfsi.o)
 .ARM.attributes