Archive member included to satisfy reference by file (symbol)

/usr/local/gcc-arm-none-eabi-5_4-2016q2/bin/../lib/gcc/arm-none-eabi/5.4.1/armv7e-m/fpu/libgcc.a(_arm_addsubdf3.o)
                              ./src/parson.o (__aeabi_dsub)
/usr/local/gcc-arm-none-eabi-5_4-2016q2/bin/../lib/gcc/arm-none-eabi/5.4.1/armv7e-m/fpu/libgcc.a(_arm_cmpdf2.o)
                              ./src/parson.o (__aeabi_dcmpeq)
/usr/local/gcc-arm-none-eabi-5_4-2016q2/bin/../lib/gcc/arm-none-eabi/5.4.1/armv7e-m/fpu/libgcc.a(_arm_fixdfsi.o)
                              ./src/parson.o (__aeabi_d2iz)
/usr/local/gcc-arm-none-eabi-5_4-2016q2/bin/../lib/gcc/arm-none-eabi/5.4.1/armv7e-m/fpu/libgcc.a(_arm_fixunsdfsi.o)
                              ./src/init.o (__aeabi_d2uiz)
/usr/local/gcc-arm-none-eabi-5_4-2016q2/bin/../lib/gcc/arm-none-eabi/5.4.1/../../../../arm-none-eabi/lib/armv7e-m/fpu/libg_nano.a(lib_a-atoi.o)
                              ./src/comm.o (atoi)
/usr/local/gcc-arm-none-eabi-5_4-2016q2/bin/../lib/gcc/arm-none-eabi/5.4.1/../../../../arm-none-eabi/lib/armv7e-m/fpu/libg_nano.a(lib_a-ctype_.o)
                              ./src/parson.o (__ctype_ptr__)
/usr/local/gcc-arm-none-eabi-5_4-2016q2/bin/../lib/gcc/arm-none-eabi/5.4.1/../../../../arm-none-eabi/lib/armv7e-m/fpu/libg_nano.a(lib_a-errno.o)
                              ./system/src/newlib/_sbrk.o (__errno)
/usr/local/gcc-arm-none-eabi-5_4-2016q2/bin/../lib/gcc/arm-none-eabi/5.4.1/../../../../arm-none-eabi/lib/armv7e-m/fpu/libg_nano.a(lib_a-fclose.o)
                              ./src/parson.o (fclose)
/usr/local/gcc-arm-none-eabi-5_4-2016q2/bin/../lib/gcc/arm-none-eabi/5.4.1/../../../../arm-none-eabi/lib/armv7e-m/fpu/libg_nano.a(lib_a-fflush.o)
                              /usr/local/gcc-arm-none-eabi-5_4-2016q2/bin/../lib/gcc/arm-none-eabi/5.4.1/../../../../arm-none-eabi/lib/armv7e-m/fpu/libg_nano.a(lib_a-fclose.o) (__sflush_r)
/usr/local/gcc-arm-none-eabi-5_4-2016q2/bin/../lib/gcc/arm-none-eabi/5.4.1/../../../../arm-none-eabi/lib/armv7e-m/fpu/libg_nano.a(lib_a-findfp.o)
                              /usr/local/gcc-arm-none-eabi-5_4-2016q2/bin/../lib/gcc/arm-none-eabi/5.4.1/../../../../arm-none-eabi/lib/armv7e-m/fpu/libg_nano.a(lib_a-fclose.o) (__sinit)
/usr/local/gcc-arm-none-eabi-5_4-2016q2/bin/../lib/gcc/arm-none-eabi/5.4.1/../../../../arm-none-eabi/lib/armv7e-m/fpu/libg_nano.a(lib_a-fopen.o)
                              ./src/parson.o (fopen)
/usr/local/gcc-arm-none-eabi-5_4-2016q2/bin/../lib/gcc/arm-none-eabi/5.4.1/../../../../arm-none-eabi/lib/armv7e-m/fpu/libg_nano.a(lib_a-fputs.o)
                              ./src/parson.o (fputs)
/usr/local/gcc-arm-none-eabi-5_4-2016q2/bin/../lib/gcc/arm-none-eabi/5.4.1/../../../../arm-none-eabi/lib/armv7e-m/fpu/libg_nano.a(lib_a-fread.o)
                              ./src/parson.o (fread)
/usr/local/gcc-arm-none-eabi-5_4-2016q2/bin/../lib/gcc/arm-none-eabi/5.4.1/../../../../arm-none-eabi/lib/armv7e-m/fpu/libg_nano.a(lib_a-fseek.o)
                              /usr/local/gcc-arm-none-eabi-5_4-2016q2/bin/../lib/gcc/arm-none-eabi/5.4.1/../../../../arm-none-eabi/lib/armv7e-m/fpu/libg_nano.a(lib_a-fopen.o) (_fseek_r)
/usr/local/gcc-arm-none-eabi-5_4-2016q2/bin/../lib/gcc/arm-none-eabi/5.4.1/../../../../arm-none-eabi/lib/armv7e-m/fpu/libg_nano.a(lib_a-fseeko.o)
                              /usr/local/gcc-arm-none-eabi-5_4-2016q2/bin/../lib/gcc/arm-none-eabi/5.4.1/../../../../arm-none-eabi/lib/armv7e-m/fpu/libg_nano.a(lib_a-fseek.o) (_fseeko_r)
/usr/local/gcc-arm-none-eabi-5_4-2016q2/bin/../lib/gcc/arm-none-eabi/5.4.1/../../../../arm-none-eabi/lib/armv7e-m/fpu/libg_nano.a(lib_a-ftell.o)
                              ./src/parson.o (ftell)
/usr/local/gcc-arm-none-eabi-5_4-2016q2/bin/../lib/gcc/arm-none-eabi/5.4.1/../../../../arm-none-eabi/lib/armv7e-m/fpu/libg_nano.a(lib_a-ftello.o)
                              /usr/local/gcc-arm-none-eabi-5_4-2016q2/bin/../lib/gcc/arm-none-eabi/5.4.1/../../../../arm-none-eabi/lib/armv7e-m/fpu/libg_nano.a(lib_a-ftell.o) (_ftello_r)
/usr/local/gcc-arm-none-eabi-5_4-2016q2/bin/../lib/gcc/arm-none-eabi/5.4.1/../../../../arm-none-eabi/lib/armv7e-m/fpu/libg_nano.a(lib_a-fwalk.o)
                              /usr/local/gcc-arm-none-eabi-5_4-2016q2/bin/../lib/gcc/arm-none-eabi/5.4.1/../../../../arm-none-eabi/lib/armv7e-m/fpu/libg_nano.a(lib_a-findfp.o) (_fwalk)
/usr/local/gcc-arm-none-eabi-5_4-2016q2/bin/../lib/gcc/arm-none-eabi/5.4.1/../../../../arm-none-eabi/lib/armv7e-m/fpu/libg_nano.a(lib_a-impure.o)
                              /usr/local/gcc-arm-none-eabi-5_4-2016q2/bin/../lib/gcc/arm-none-eabi/5.4.1/../../../../arm-none-eabi/lib/armv7e-m/fpu/libg_nano.a(lib_a-fflush.o) (_global_impure_ptr)
/usr/local/gcc-arm-none-eabi-5_4-2016q2/bin/../lib/gcc/arm-none-eabi/5.4.1/../../../../arm-none-eabi/lib/armv7e-m/fpu/libg_nano.a(lib_a-itoa.o)
                              ./src/measurement.o (itoa)
[...]
Memory Configuration

Name             Origin             Length             Attributes
RAM              0x20000000         0x00020000         xrw
CCMRAM           0x10000000         0x00010000         xrw
FLASH            0x08000000         0x00100000         xr
FLASHB1          0x00000000         0x00000000         xr
EXTMEMB0         0x00000000         0x00000000         xr
EXTMEMB1         0x00000000         0x00000000         xr
EXTMEMB2         0x00000000         0x00000000         xr
EXTMEMB3         0x00000000         0x00000000         xr
MEMORY_ARRAY     0x20002000         0x00000020         xrw
*default*        0x00000000         0xffffffff

Linker script and memory map

LOAD ./system/src/stm32f4-hal/stm32f4xx_hal.o
LOAD ./system/src/stm32f4-hal/stm32f4xx_hal_adc.o
LOAD ./system/src/stm32f4-hal/stm32f4xx_hal_adc_ex.o
LOAD ./system/src/stm32f4-hal/stm32f4xx_hal_can.o
LOAD ./system/src/stm32f4-hal/stm32f4xx_hal_cec.o
LOAD ./system/src/stm32f4-hal/stm32f4xx_hal_cortex.o
LOAD ./system/src/stm32f4-hal/stm32f4xx_hal_crc.o
LOAD ./system/src/stm32f4-hal/stm32f4xx_hal_cryp.o
LOAD ./system/src/stm32f4-hal/stm32f4xx_hal_cryp_ex.o
LOAD ./system/src/stm32f4-hal/stm32f4xx_hal_dac.o
LOAD ./system/src/stm32f4-hal/stm32f4xx_hal_dac_ex.o
LOAD ./system/src/stm32f4-hal/stm32f4xx_hal_dcmi.o
LOAD ./system/src/stm32f4-hal/stm32f4xx_hal_dcmi_ex.o
LOAD ./system/src/stm32f4-hal/stm32f4xx_hal_dma.o
LOAD ./system/src/stm32f4-hal/stm32f4xx_hal_dma2d.o
LOAD ./system/src/stm32f4-hal/stm32f4xx_hal_dma_ex.o
LOAD ./system/src/stm32f4-hal/stm32f4xx_hal_dsi.o
LOAD ./system/src/stm32f4-hal/stm32f4xx_hal_eth.o
LOAD ./system/src/stm32f4-hal/stm32f4xx_hal_flash.o
LOAD ./system/src/stm32f4-hal/stm32f4xx_hal_flash_ex.o
LOAD ./system/src/stm32f4-hal/stm32f4xx_hal_flash_ramfunc.o
LOAD ./system/src/stm32f4-hal/stm32f4xx_hal_fmpi2c.o
LOAD ./system/src/stm32f4-hal/stm32f4xx_hal_fmpi2c_ex.o
LOAD ./system/src/stm32f4-hal/stm32f4xx_hal_gpio.o
LOAD ./system/src/stm32f4-hal/stm32f4xx_hal_hash.o
LOAD ./system/src/stm32f4-hal/stm32f4xx_hal_hash_ex.o
LOAD ./system/src/stm32f4-hal/stm32f4xx_hal_hcd.o
LOAD ./system/src/stm32f4-hal/stm32f4xx_hal_i2c.o
LOAD ./system/src/stm32f4-hal/stm32f4xx_hal_i2c_ex.o
LOAD ./system/src/stm32f4-hal/stm32f4xx_hal_i2s.o
LOAD ./system/src/stm32f4-hal/stm32f4xx_hal_i2s_ex.o
LOAD ./system/src/stm32f4-hal/stm32f4xx_hal_irda.o
LOAD ./system/src/stm32f4-hal/stm32f4xx_hal_iwdg.o
LOAD ./system/src/stm32f4-hal/stm32f4xx_hal_lptim.o
LOAD ./system/src/stm32f4-hal/stm32f4xx_hal_ltdc.o
LOAD ./system/src/stm32f4-hal/stm32f4xx_hal_ltdc_ex.o
LOAD ./system/src/stm32f4-hal/stm32f4xx_hal_nand.o
LOAD ./system/src/stm32f4-hal/stm32f4xx_hal_nor.o
LOAD ./system/src/stm32f4-hal/stm32f4xx_hal_pccard.o
LOAD ./system/src/stm32f4-hal/stm32f4xx_hal_pcd.o
LOAD ./system/src/stm32f4-hal/stm32f4xx_hal_pcd_ex.o
LOAD ./system/src/stm32f4-hal/stm32f4xx_hal_pwr.o
LOAD ./system/src/stm32f4-hal/stm32f4xx_hal_pwr_ex.o
LOAD ./system/src/stm32f4-hal/stm32f4xx_hal_qspi.o
LOAD ./system/src/stm32f4-hal/stm32f4xx_hal_rcc.o
LOAD ./system/src/stm32f4-hal/stm32f4xx_hal_rcc_ex.o
LOAD ./system/src/stm32f4-hal/stm32f4xx_hal_rng.o
LOAD ./system/src/stm32f4-hal/stm32f4xx_hal_rtc.o
LOAD ./system/src/stm32f4-hal/stm32f4xx_hal_rtc_ex.o
LOAD ./system/src/stm32f4-hal/stm32f4xx_hal_sai.o
LOAD ./system/src/stm32f4-hal/stm32f4xx_hal_sai_ex.o
LOAD ./system/src/stm32f4-hal/stm32f4xx_hal_sd.o
LOAD ./system/src/stm32f4-hal/stm32f4xx_hal_sdram.o
LOAD ./system/src/stm32f4-hal/stm32f4xx_hal_smartcard.o
LOAD ./system/src/stm32f4-hal/stm32f4xx_hal_spdifrx.o
LOAD ./system/src/stm32f4-hal/stm32f4xx_hal_spi.o
LOAD ./system/src/stm32f4-hal/stm32f4xx_hal_sram.o
LOAD ./system/src/stm32f4-hal/stm32f4xx_hal_tim.o
LOAD ./system/src/stm32f4-hal/stm32f4xx_hal_tim_ex.o
LOAD ./system/src/stm32f4-hal/stm32f4xx_hal_uart.o
LOAD ./system/src/stm32f4-hal/stm32f4xx_hal_usart.o
LOAD ./system/src/stm32f4-hal/stm32f4xx_hal_wwdg.o
LOAD ./system/src/stm32f4-hal/stm32f4xx_ll_fmc.o
LOAD ./system/src/stm32f4-hal/stm32f4xx_ll_fsmc.o
LOAD ./system/src/stm32f4-hal/stm32f4xx_ll_sdmmc.o
LOAD ./system/src/stm32f4-hal/stm32f4xx_ll_usb.o
LOAD ./system/src/newlib/_cxx.o
LOAD ./system/src/newlib/_exit.o
LOAD ./system/src/newlib/_sbrk.o
LOAD ./system/src/newlib/_startup.o
LOAD ./system/src/newlib/_syscalls.o
LOAD ./system/src/newlib/assert.o
LOAD ./system/src/diag/Trace.o
LOAD ./system/src/diag/trace_impl.o
LOAD ./system/src/cortexm/_initialize_hardware.o
LOAD ./system/src/cortexm/_reset_hardware.o
LOAD ./system/src/cortexm/exception_handlers.o
LOAD ./system/src/cmsis/system_stm32f4xx.o
LOAD ./system/src/cmsis/vectors_stm32f407xx.o
LOAD ./src/FatFs/diskio.o
LOAD ./src/FatFs/ff.o
LOAD ./src/FatFs/ff_gen_drv.o
LOAD ./src/FatFs/ffunicode.o
LOAD ./src/FatFs/sd_diskio.o
LOAD ./src/FatFs/syscall.o
LOAD ./src/bsp_driver_sd.o
LOAD ./src/circbuff.o
LOAD ./src/comm.o
LOAD ./src/fatfs.o
LOAD ./src/init.o
LOAD ./src/main.o
LOAD ./src/measurement.o
LOAD ./src/message.o
LOAD ./src/parson.o
LOAD ./src/statemachine.o
LOAD ./src/stm32f4xx_hal_msp.o
LOAD ./src/stm32f4xx_it.o
LOAD ./src/storage.o
LOAD /usr/local/gcc-arm-none-eabi-5_4-2016q2/bin/../lib/gcc/arm-none-eabi/5.4.1/../../../../arm-none-eabi/lib/armv7e-m/fpu/libstdc++_nano.a
LOAD /usr/local/gcc-arm-none-eabi-5_4-2016q2/bin/../lib/gcc/arm-none-eabi/5.4.1/../../../../arm-none-eabi/lib/armv7e-m/fpu/libm.a
START GROUP
LOAD /usr/local/gcc-arm-none-eabi-5_4-2016q2/bin/../lib/gcc/arm-none-eabi/5.4.1/armv7e-m/fpu/libgcc.a
LOAD /usr/local/gcc-arm-none-eabi-5_4-2016q2/bin/../lib/gcc/arm-none-eabi/5.4.1/../../../../arm-none-eabi/lib/armv7e-m/fpu/libg_nano.a
LOAD /usr/local/gcc-arm-none-eabi-5_4-2016q2/bin/../lib/gcc/arm-none-eabi/5.4.1/../../../../arm-none-eabi/lib/armv7e-m/fpu/libc_nano.a
END GROUP
START GROUP
LOAD /usr/local/gcc-arm-none-eabi-5_4-2016q2/bin/../lib/gcc/arm-none-eabi/5.4.1/armv7e-m/fpu/libgcc.a
LOAD /usr/local/gcc-arm-none-eabi-5_4-2016q2/bin/../lib/gcc/arm-none-eabi/5.4.1/../../../../arm-none-eabi/lib/armv7e-m/fpu/libc_nano.a
END GROUP
                0x20020000                __stack = (ORIGIN (RAM) + LENGTH (RAM))
                0x20020000                _estack = __stack
                0x00000400                __Main_Stack_Size = 0x400
                [!provide]                PROVIDE (_Main_Stack_Size, __Main_Stack_Size)
                0x2001fc00                __Main_Stack_Limit = (__stack - __Main_Stack_Size)
                [!provide]                PROVIDE (_Main_Stack_Limit, __Main_Stack_Limit)
                0x00000100                _Minimum_Stack_Size = 0x100
                0x20012264                PROVIDE (_Heap_Begin, _end_noinit)
                0x2001fc00                PROVIDE (_Heap_Limit, (__stack - __Main_Stack_Size))

.isr_vector     0x08000000      0x3ec
 FILL mask 0xff
                0x08000000                __vectors_start = ABSOLUTE (.)
                0x08000000                __vectors_start__ = ABSOLUTE (.)
 *(.isr_vector)
 .isr_vector    0x08000000      0x188 ./system/src/cmsis/vectors_stm32f407xx.o
                0x08000000                __isr_vectors
 *(.cfmconfig)
 *(.after_vectors .after_vectors.*)
 .after_vectors
                0x08000188      0x168 ./system/src/newlib/_startup.o
                0x08000188                _start
 .after_vectors
                0x080002f0       0xf4 ./system/src/cortexm/exception_handlers.o
                0x080002f0                Reset_Handler
                0x08000318                HardFault_Handler_C
                0x0800037c                BusFault_Handler_C
                0x080003a0                UsageFault_Handler_C
 .after_vectors
                0x080003e4        0x8 ./system/src/cmsis/vectors_stm32f407xx.o
                0x080003e4                RTC_Alarm_IRQHandler
                0x080003e4                HASH_RNG_IRQHandler
                0x080003e4                EXTI2_IRQHandler
                0x080003e4                TIM8_CC_IRQHandler
                0x080003e4                TIM1_CC_IRQHandler
                0x080003e4                DMA2_Stream5_IRQHandler
                0x080003e4                DMA1_Stream5_IRQHandler
                0x080003e4                PVD_IRQHandler
                0x080003e4                SDIO_IRQHandler
                0x080003e4                TAMP_STAMP_IRQHandler
                0x080003e4                CAN2_RX1_IRQHandler
                0x080003e4                EXTI3_IRQHandler
                0x080003e4                TIM8_TRG_COM_TIM14_IRQHandler
                0x080003e4                TIM1_UP_TIM10_IRQHandler
                0x080003e4                TIM8_UP_TIM13_IRQHandler
                0x080003e4                I2C3_ER_IRQHandler
                0x080003e4                EXTI0_IRQHandler
                0x080003e4                I2C2_EV_IRQHandler
                0x080003e4                DMA1_Stream2_IRQHandler
                0x080003e4                CAN1_RX0_IRQHandler
                0x080003e4                FPU_IRQHandler
                0x080003e4                OTG_HS_WKUP_IRQHandler
                0x080003e4                CAN2_SCE_IRQHandler
                0x080003e4                DMA2_Stream2_IRQHandler
                0x080003e4                SPI1_IRQHandler
                0x080003e4                TIM6_DAC_IRQHandler
                0x080003e4                TIM1_BRK_TIM9_IRQHandler
                0x080003e4                DCMI_IRQHandler
                0x080003e4                CAN2_RX0_IRQHandler
                0x080003e4                DMA2_Stream3_IRQHandler
                0x080003e4                USART6_IRQHandler
                0x080003e4                USART3_IRQHandler
                0x080003e4                CAN1_RX1_IRQHandler
                0x080003e4                UART5_IRQHandler
                0x080003e4                DMA2_Stream0_IRQHandler
                0x080003e4                I2C1_EV_IRQHandler
                0x080003e4                DMA1_Stream6_IRQHandler
                0x080003e4                DMA1_Stream1_IRQHandler
                0x080003e4                UART4_IRQHandler
                0x080003e4                TIM3_IRQHandler
                0x080003e4                RCC_IRQHandler
                0x080003e4                TIM8_BRK_TIM12_IRQHandler
                0x080003e4                Default_Handler
                0x080003e4                EXTI15_10_IRQHandler
                0x080003e4                DMA1_Stream7_IRQHandler
                0x080003e4                TIM7_IRQHandler
                0x080003e4                CAN2_TX_IRQHandler
                0x080003e4                TIM5_IRQHandler
                0x080003e4                DMA2_Stream7_IRQHandler
                0x080003e4                I2C3_EV_IRQHandler
                0x080003e4                EXTI9_5_IRQHandler
                0x080003e4                RTC_WKUP_IRQHandler
                0x080003e4                ETH_WKUP_IRQHandler
                0x080003e4                SPI2_IRQHandler
                0x080003e4                OTG_HS_EP1_IN_IRQHandler
                0x080003e4                DMA1_Stream0_IRQHandler
                0x080003e4                CAN1_TX_IRQHandler
                0x080003e4                EXTI4_IRQHandler
                0x080003e4                ETH_IRQHandler
                0x080003e4                OTG_HS_EP1_OUT_IRQHandler
                0x080003e4                WWDG_IRQHandler
                0x080003e4                OTG_FS_WKUP_IRQHandler
                0x080003e4                TIM1_TRG_COM_TIM11_IRQHandler
                0x080003e4                OTG_HS_IRQHandler
                0x080003e4                EXTI1_IRQHandler
                0x080003e4                I2C2_ER_IRQHandler
                0x080003e4                DMA2_Stream1_IRQHandler
                0x080003e4                CAN1_SCE_IRQHandler
                0x080003e4                FLASH_IRQHandler
                0x080003e4                DMA2_Stream4_IRQHandler
                0x080003e4                USART1_IRQHandler
                0x080003e4                OTG_FS_IRQHandler
                0x080003e4                SPI3_IRQHandler
                0x080003e4                DMA1_Stream4_IRQHandler
                0x080003e4                I2C1_ER_IRQHandler
                0x080003e4                FMC_IRQHandler
                0x080003e4                DMA2_Stream6_IRQHandler
                0x080003e4                DMA1_Stream3_IRQHandler

.inits          0x080003ec       0x28
                0x080003ec                __data_regions_array_start = .
                0x080003ec        0x4 LONG 0x801636c LOADADDR (.data)
                0x080003f0        0x4 LONG 0x20000000 ADDR (.data)
                0x080003f4        0x4 LONG 0x20000110 (ADDR (.data) + SIZEOF (.data))
                0x080003f8        0x4 LONG 0x801636c LOADADDR (.data_CCMRAM)
                0x080003fc        0x4 LONG 0x10000000 ADDR (.data_CCMRAM)
                0x08000400        0x4 LONG 0x10000000 (ADDR (.data_CCMRAM) + SIZEOF (.data_CCMRAM))
                0x08000404                __data_regions_array_end = .
                0x08000404                __bss_regions_array_start = .
                0x08000404        0x4 LONG 0x20000110 ADDR (.bss)
                0x08000408        0x4 LONG 0x20012264 (ADDR (.bss) + SIZEOF (.bss))
                0x0800040c        0x4 LONG 0x10000000 ADDR (.bss_CCMRAM)
                0x08000410        0x4 LONG 0x10000000 (ADDR (.bss_CCMRAM) + SIZEOF (.bss_CCMRAM))
                0x08000414                __bss_regions_array_end = .
 *(.init)
 *(.fini)
                0x08000414                . = ALIGN (0x4)
                0x08000414                PROVIDE (__preinit_array_start, .)
 *(.preinit_array_sysinit .preinit_array_sysinit.*)
 *(.preinit_array_platform .preinit_array_platform.*)
 *(.preinit_array .preinit_array.*)
                0x08000414                PROVIDE (__preinit_array_end, .)
                0x08000414                . = ALIGN (0x4)
                0x08000414                PROVIDE (__init_array_start, .)
 *(SORT(.init_array.*))
 *(.init_array)
                0x08000414                PROVIDE (__init_array_end, .)
                0x08000414                . = ALIGN (0x4)
                0x08000414                PROVIDE (__fini_array_start, .)
 *(SORT(.fini_array.*))
 *(.fini_array)
                0x08000414                PROVIDE (__fini_array_end, .)

.flashtext
 *(.flashtext .flashtext.*)

.text           0x08000420    0x15f49
 *(.text .text.*)
 .text.HAL_Init
                0x08000420       0x44 ./system/src/stm32f4-hal/stm32f4xx_hal.o
                0x08000420                HAL_Init
 .text.HAL_InitTick
                0x08000464       0x38 ./system/src/stm32f4-hal/stm32f4xx_hal.o
                0x08000464                HAL_InitTick
 .text.HAL_IncTick
                0x0800049c       0x1c ./system/src/stm32f4-hal/stm32f4xx_hal.o
                0x0800049c                HAL_IncTick
 .text.HAL_GetTick
                0x080004b8       0x18 ./system/src/stm32f4-hal/stm32f4xx_hal.o
                0x080004b8                HAL_GetTick
 .text.HAL_Delay
                0x080004d0       0x2c ./system/src/stm32f4-hal/stm32f4xx_hal.o
                0x080004d0                HAL_Delay
 .text.HAL_ADC_Init
                0x080004fc       0x88 ./system/src/stm32f4-hal/stm32f4xx_hal_adc.o
                0x080004fc                HAL_ADC_Init
 .text.HAL_ADC_Start_IT
                0x08000584      0x15c ./system/src/stm32f4-hal/stm32f4xx_hal_adc.o
                0x08000584                HAL_ADC_Start_IT
 .text.HAL_ADC_IRQHandler
                0x080006e0      0x280 ./system/src/stm32f4-hal/stm32f4xx_hal_adc.o
                0x080006e0                HAL_ADC_IRQHandler
 .text.HAL_ADC_GetValue
                0x08000960       0x1c ./system/src/stm32f4-hal/stm32f4xx_hal_adc.o
                0x08000960                HAL_ADC_GetValue
 .text.HAL_ADC_LevelOutOfWindowCallback
                0x0800097c       0x14 ./system/src/stm32f4-hal/stm32f4xx_hal_adc.o
                0x0800097c                HAL_ADC_LevelOutOfWindowCallback
 .text.HAL_ADC_ErrorCallback
                0x08000990       0x14 ./system/src/stm32f4-hal/stm32f4xx_hal_adc.o
                0x08000990                HAL_ADC_ErrorCallback
 .text.HAL_ADC_ConfigChannel
                0x080009a4      0x234 ./system/src/stm32f4-hal/stm32f4xx_hal_adc.o
                0x080009a4                HAL_ADC_ConfigChannel
 .text.ADC_Init
                0x08000bd8      0x204 ./system/src/stm32f4-hal/stm32f4xx_hal_adc.o
 .text.HAL_ADCEx_InjectedConvCpltCallback
                0x08000ddc       0x14 ./system/src/stm32f4-hal/stm32f4xx_hal_adc_ex.o
                0x08000ddc                HAL_ADCEx_InjectedConvCpltCallback
 .text.NVIC_SetPriorityGrouping
                0x08000df0       0x48 ./system/src/stm32f4-hal/stm32f4xx_hal_cortex.o
 .text.NVIC_GetPriorityGrouping
                0x08000e38       0x1c ./system/src/stm32f4-hal/stm32f4xx_hal_cortex.o
 .text.NVIC_EnableIRQ
                0x08000e54       0x34 ./system/src/stm32f4-hal/stm32f4xx_hal_cortex.o
 .text.NVIC_SetPriority
                0x08000e88       0x54 ./system/src/stm32f4-hal/stm32f4xx_hal_cortex.o
 .text.NVIC_EncodePriority
                0x08000edc       0x64 ./system/src/stm32f4-hal/stm32f4xx_hal_cortex.o
 .text.NVIC_SystemReset
                0x08000f40       0x28 ./system/src/stm32f4-hal/stm32f4xx_hal_cortex.o
 .text.SysTick_Config
                0x08000f68       0x44 ./system/src/stm32f4-hal/stm32f4xx_hal_cortex.o
 .text.HAL_NVIC_SetPriorityGrouping
                0x08000fac       0x18 ./system/src/stm32f4-hal/stm32f4xx_hal_cortex.o
                0x08000fac                HAL_NVIC_SetPriorityGrouping
 .text.HAL_NVIC_SetPriority
                0x08000fc4       0x38 ./system/src/stm32f4-hal/stm32f4xx_hal_cortex.o
                0x08000fc4                HAL_NVIC_SetPriority
 .text.HAL_NVIC_EnableIRQ
                0x08000ffc       0x1c ./system/src/stm32f4-hal/stm32f4xx_hal_cortex.o
                0x08000ffc                HAL_NVIC_EnableIRQ
 .text.HAL_NVIC_SystemReset
                0x08001018        0xc ./system/src/stm32f4-hal/stm32f4xx_hal_cortex.o
                0x08001018                HAL_NVIC_SystemReset
 .text.HAL_SYSTICK_Config
                0x08001024       0x18 ./system/src/stm32f4-hal/stm32f4xx_hal_cortex.o
                0x08001024                HAL_SYSTICK_Config
 .text.HAL_SYSTICK_CLKSourceConfig
                0x0800103c       0x38 ./system/src/stm32f4-hal/stm32f4xx_hal_cortex.o
                0x0800103c                HAL_SYSTICK_CLKSourceConfig
 .text.HAL_SYSTICK_IRQHandler
                0x08001074        0xc ./system/src/stm32f4-hal/stm32f4xx_hal_cortex.o
                0x08001074                HAL_SYSTICK_IRQHandler
 .text.HAL_SYSTICK_Callback
                0x08001080       0x10 ./system/src/stm32f4-hal/stm32f4xx_hal_cortex.o
                0x08001080                HAL_SYSTICK_Callback
 .text.HAL_GPIO_Init
                0x08001090      0x344 ./system/src/stm32f4-hal/stm32f4xx_hal_gpio.o
                0x08001090                HAL_GPIO_Init
 .text.HAL_GPIO_WritePin
                0x080013d4       0x34 ./system/src/stm32f4-hal/stm32f4xx_hal_gpio.o
                0x080013d4                HAL_GPIO_WritePin
 .text.HAL_I2C_Init
                0x08001408      0x1c0 ./system/src/stm32f4-hal/stm32f4xx_hal_i2c.o
                0x08001408                HAL_I2C_Init
 .text.HAL_I2C_Master_Receive
                0x080015c8      0x340 ./system/src/stm32f4-hal/stm32f4xx_hal_i2c.o
                0x080015c8                HAL_I2C_Master_Receive
 .text.I2C_MasterRequestRead
                0x08001908      0x194 ./system/src/stm32f4-hal/stm32f4xx_hal_i2c.o
 .text.I2C_WaitOnFlagUntilTimeout
                0x08001a9c      0x120 ./system/src/stm32f4-hal/stm32f4xx_hal_i2c.o
 .text.I2C_WaitOnMasterAddressFlagUntilTimeout
                0x08001bbc       0xe4 ./system/src/stm32f4-hal/stm32f4xx_hal_i2c.o
 .text.I2C_WaitOnRXNEFlagUntilTimeout
                0x08001ca0       0x9c ./system/src/stm32f4-hal/stm32f4xx_hal_i2c.o
 .text.HAL_RCC_OscConfig
                0x08001d3c      0x424 ./system/src/stm32f4-hal/stm32f4xx_hal_rcc.o
                0x08001d3c                HAL_RCC_OscConfig
 .text.HAL_RCC_ClockConfig
                0x08002160      0x1e4 ./system/src/stm32f4-hal/stm32f4xx_hal_rcc.o
                0x08002160                HAL_RCC_ClockConfig
 .text.HAL_RCC_GetSysClockFreq
                0x08002344       0xfc ./system/src/stm32f4-hal/stm32f4xx_hal_rcc.o
                0x08002344                HAL_RCC_GetSysClockFreq
 .text.HAL_RCC_GetHCLKFreq
                0x08002440       0x50 ./system/src/stm32f4-hal/stm32f4xx_hal_rcc.o
                0x08002440                HAL_RCC_GetHCLKFreq
 .text.HAL_RCC_GetPCLK1Freq
                0x08002490       0x44 ./system/src/stm32f4-hal/stm32f4xx_hal_rcc.o
                0x08002490                HAL_RCC_GetPCLK1Freq
 .text.HAL_RCC_GetPCLK2Freq
                0x080024d4       0x44 ./system/src/stm32f4-hal/stm32f4xx_hal_rcc.o
                0x080024d4                HAL_RCC_GetPCLK2Freq
 .text.HAL_RCCEx_PeriphCLKConfig
                0x08002518      0x1d0 ./system/src/stm32f4-hal/stm32f4xx_hal_rcc_ex.o
                0x08002518                HAL_RCCEx_PeriphCLKConfig
 .text.HAL_RTC_Init
                0x080026e8       0xf8 ./system/src/stm32f4-hal/stm32f4xx_hal_rtc.o
                0x080026e8                HAL_RTC_Init
 .text.HAL_RTC_SetTime
                0x080027e0      0x18c ./system/src/stm32f4-hal/stm32f4xx_hal_rtc.o
                0x080027e0                HAL_RTC_SetTime
 .text.HAL_RTC_GetTime
                0x0800296c       0xbc ./system/src/stm32f4-hal/stm32f4xx_hal_rtc.o
                0x0800296c                HAL_RTC_GetTime
 .text.HAL_RTC_SetDate
                0x08002a28      0x16c ./system/src/stm32f4-hal/stm32f4xx_hal_rtc.o
                0x08002a28                HAL_RTC_SetDate
 .text.HAL_RTC_GetDate
                0x08002b94       0xa0 ./system/src/stm32f4-hal/stm32f4xx_hal_rtc.o
                0x08002b94                HAL_RTC_GetDate
 .text.HAL_RTC_WaitForSynchro
                0x08002c34       0x50 ./system/src/stm32f4-hal/stm32f4xx_hal_rtc.o
                0x08002c34                HAL_RTC_WaitForSynchro
 .text.RTC_EnterInitMode
                0x08002c84       0x58 ./system/src/stm32f4-hal/stm32f4xx_hal_rtc.o
                0x08002c84                RTC_EnterInitMode
 .text.RTC_ByteToBcd2
                0x08002cdc       0x3c ./system/src/stm32f4-hal/stm32f4xx_hal_rtc.o
                0x08002cdc                RTC_ByteToBcd2
 .text.RTC_Bcd2ToByte
                0x08002d18       0x3c ./system/src/stm32f4-hal/stm32f4xx_hal_rtc.o
                0x08002d18                RTC_Bcd2ToByte
 .text.HAL_SD_Init
                0x08002d54       0xec ./system/src/stm32f4-hal/stm32f4xx_hal_sd.o
                0x08002d54                HAL_SD_Init
 .text.HAL_SD_ReadBlocks
                0x08002e40      0x2c0 ./system/src/stm32f4-hal/stm32f4xx_hal_sd.o
                0x08002e40                HAL_SD_ReadBlocks
 .text.HAL_SD_WriteBlocks
                0x08003100      0x398 ./system/src/stm32f4-hal/stm32f4xx_hal_sd.o
                0x08003100                HAL_SD_WriteBlocks
 .text.HAL_SD_Get_CardInfo
                0x08003498      0x608 ./system/src/stm32f4-hal/stm32f4xx_hal_sd.o
                0x08003498                HAL_SD_Get_CardInfo
 .text.HAL_SD_WideBusOperation_Config
                0x08003aa0       0xd0 ./system/src/stm32f4-hal/stm32f4xx_hal_sd.o
                0x08003aa0                HAL_SD_WideBusOperation_Config
 .text.HAL_SD_StopTransfer
                0x08003b70       0x48 ./system/src/stm32f4-hal/stm32f4xx_hal_sd.o
                0x08003b70                HAL_SD_StopTransfer
 .text.HAL_SD_GetStatus
                0x08003bb8       0x34 ./system/src/stm32f4-hal/stm32f4xx_hal_sd.o
                0x08003bb8                HAL_SD_GetStatus
 .text.SD_GetState
                0x08003bec       0x38 ./system/src/stm32f4-hal/stm32f4xx_hal_sd.o
 .text.SD_Initialize_Cards
                0x08003c24      0x188 ./system/src/stm32f4-hal/stm32f4xx_hal_sd.o
 .text.SD_Select_Deselect
                0x08003dac       0x54 ./system/src/stm32f4-hal/stm32f4xx_hal_sd.o
 .text.SD_PowerON
                0x08003e00      0x1c8 ./system/src/stm32f4-hal/stm32f4xx_hal_sd.o
 .text.SD_SendStatus
                0x08003fc8       0x74 ./system/src/stm32f4-hal/stm32f4xx_hal_sd.o
 .text.SD_CmdError
                0x0800403c       0x78 ./system/src/stm32f4-hal/stm32f4xx_hal_sd.o
 .text.SD_CmdResp7Error
                0x080040b4       0xb0 ./system/src/stm32f4-hal/stm32f4xx_hal_sd.o
 .text.SD_CmdResp1Error
                0x08004164      0x1ac ./system/src/stm32f4-hal/stm32f4xx_hal_sd.o
 .text.SD_CmdResp3Error
                0x08004310       0x54 ./system/src/stm32f4-hal/stm32f4xx_hal_sd.o
 .text.SD_CmdResp2Error
                0x08004364       0x70 ./system/src/stm32f4-hal/stm32f4xx_hal_sd.o
 .text.SD_CmdResp6Error
                0x080043d4       0xd8 ./system/src/stm32f4-hal/stm32f4xx_hal_sd.o
 .text.SD_WideBus_Enable
                0x080044ac       0xf0 ./system/src/stm32f4-hal/stm32f4xx_hal_sd.o
 .text.SD_WideBus_Disable
                0x0800459c       0xf0 ./system/src/stm32f4-hal/stm32f4xx_hal_sd.o
 .text.SD_FindSCR
                0x0800468c      0x218 ./system/src/stm32f4-hal/stm32f4xx_hal_sd.o
 .text.SD_IsCardProgramming
                0x080048a4      0x1f8 ./system/src/stm32f4-hal/stm32f4xx_hal_sd.o
 .text.HAL_SPI_Init
                0x08004a9c       0xd4 ./system/src/stm32f4-hal/stm32f4xx_hal_spi.o
                0x08004a9c                HAL_SPI_Init
 .text.HAL_SPI_Transmit
                0x08004b70      0x234 ./system/src/stm32f4-hal/stm32f4xx_hal_spi.o
                0x08004b70                HAL_SPI_Transmit
 .text.HAL_SPI_Receive
                0x08004da4      0x310 ./system/src/stm32f4-hal/stm32f4xx_hal_spi.o
                0x08004da4                HAL_SPI_Receive
 .text.HAL_SPI_TransmitReceive
                0x080050b4      0x330 ./system/src/stm32f4-hal/stm32f4xx_hal_spi.o
                0x080050b4                HAL_SPI_TransmitReceive
 .text.SPI_WaitFlagStateUntilTimeout
                0x080053e4       0xc8 ./system/src/stm32f4-hal/stm32f4xx_hal_spi.o
 .text.SPI_CheckForDisablingSPI
                0x080054ac       0x44 ./system/src/stm32f4-hal/stm32f4xx_hal_spi.o
 .text.SPI_CheckFlag_BSY
                0x080054f0       0x3c ./system/src/stm32f4-hal/stm32f4xx_hal_spi.o
 .text.HAL_TIM_Base_Init
                0x0800552c       0x58 ./system/src/stm32f4-hal/stm32f4xx_hal_tim.o
                0x0800552c                HAL_TIM_Base_Init
 .text.HAL_TIM_Base_Start
                0x08005584       0x38 ./system/src/stm32f4-hal/stm32f4xx_hal_tim.o
                0x08005584                HAL_TIM_Base_Start
 .text.HAL_TIM_Base_Start_IT
                0x080055bc       0x38 ./system/src/stm32f4-hal/stm32f4xx_hal_tim.o
                0x080055bc                HAL_TIM_Base_Start_IT
 .text.HAL_TIM_IRQHandler
                0x080055f4      0x210 ./system/src/stm32f4-hal/stm32f4xx_hal_tim.o
                0x080055f4                HAL_TIM_IRQHandler
 .text.HAL_TIM_ConfigClockSource
                0x08005804      0x1b8 ./system/src/stm32f4-hal/stm32f4xx_hal_tim.o
                0x08005804                HAL_TIM_ConfigClockSource
 .text.HAL_TIM_OC_DelayElapsedCallback
                0x080059bc       0x14 ./system/src/stm32f4-hal/stm32f4xx_hal_tim.o
                0x080059bc                HAL_TIM_OC_DelayElapsedCallback
 .text.HAL_TIM_IC_CaptureCallback
                0x080059d0       0x14 ./system/src/stm32f4-hal/stm32f4xx_hal_tim.o
                0x080059d0                HAL_TIM_IC_CaptureCallback
 .text.HAL_TIM_PWM_PulseFinishedCallback
                0x080059e4       0x14 ./system/src/stm32f4-hal/stm32f4xx_hal_tim.o
                0x080059e4                HAL_TIM_PWM_PulseFinishedCallback
 .text.HAL_TIM_TriggerCallback
                0x080059f8       0x14 ./system/src/stm32f4-hal/stm32f4xx_hal_tim.o
                0x080059f8                HAL_TIM_TriggerCallback
 .text.TIM_Base_SetConfig
                0x08005a0c      0x154 ./system/src/stm32f4-hal/stm32f4xx_hal_tim.o
                0x08005a0c                TIM_Base_SetConfig
 .text.TIM_TI1_ConfigInputStage
                0x08005b60       0x68 ./system/src/stm32f4-hal/stm32f4xx_hal_tim.o
 .text.TIM_TI2_ConfigInputStage
                0x08005bc8       0x68 ./system/src/stm32f4-hal/stm32f4xx_hal_tim.o
 .text.TIM_ITRx_SetConfig
                0x08005c30       0x40 ./system/src/stm32f4-hal/stm32f4xx_hal_tim.o
 .text.TIM_ETR_SetConfig
                0x08005c70       0x44 ./system/src/stm32f4-hal/stm32f4xx_hal_tim.o
 .text.HAL_TIMEx_MasterConfigSynchronization
                0x08005cb4       0x8c ./system/src/stm32f4-hal/stm32f4xx_hal_tim_ex.o
                0x08005cb4                HAL_TIMEx_MasterConfigSynchronization
 .text.HAL_TIMEx_CommutationCallback
                0x08005d40       0x14 ./system/src/stm32f4-hal/stm32f4xx_hal_tim_ex.o
                0x08005d40                HAL_TIMEx_CommutationCallback
 .text.HAL_TIMEx_BreakCallback
                0x08005d54       0x14 ./system/src/stm32f4-hal/stm32f4xx_hal_tim_ex.o
                0x08005d54                HAL_TIMEx_BreakCallback
 .text.HAL_UART_Init
                0x08005d68       0x9c ./system/src/stm32f4-hal/stm32f4xx_hal_uart.o
                0x08005d68                HAL_UART_Init
 .text.HAL_UART_Transmit
                0x08005e04      0x114 ./system/src/stm32f4-hal/stm32f4xx_hal_uart.o
                0x08005e04                HAL_UART_Transmit
 .text.HAL_UART_Receive_IT
                0x08005f18       0xac ./system/src/stm32f4-hal/stm32f4xx_hal_uart.o
                0x08005f18                HAL_UART_Receive_IT
 .text.HAL_UART_IRQHandler
                0x08005fc4      0x214 ./system/src/stm32f4-hal/stm32f4xx_hal_uart.o
                0x08005fc4                HAL_UART_IRQHandler
 .text.HAL_UART_TxCpltCallback
                0x080061d8       0x14 ./system/src/stm32f4-hal/stm32f4xx_hal_uart.o
                0x080061d8                HAL_UART_TxCpltCallback
 .text.UART_WaitOnFlagUntilTimeout
                0x080061ec      0x144 ./system/src/stm32f4-hal/stm32f4xx_hal_uart.o
 .text.UART_Transmit_IT
                0x08006330       0xac ./system/src/stm32f4-hal/stm32f4xx_hal_uart.o
 .text.UART_EndTransmit_IT
                0x080063dc       0x30 ./system/src/stm32f4-hal/stm32f4xx_hal_uart.o
 .text.UART_Receive_IT
                0x0800640c      0x104 ./system/src/stm32f4-hal/stm32f4xx_hal_uart.o
 .text.UART_SetConfig
                0x08006510      0x438 ./system/src/stm32f4-hal/stm32f4xx_hal_uart.o
 .text.SDIO_Init
                0x08006948       0x58 ./system/src/stm32f4-hal/stm32f4xx_ll_sdmmc.o
                0x08006948                SDIO_Init
 .text.SDIO_ReadFIFO
                0x080069a0       0x1c ./system/src/stm32f4-hal/stm32f4xx_ll_sdmmc.o
                0x080069a0                SDIO_ReadFIFO
 .text.SDIO_WriteFIFO
                0x080069bc       0x24 ./system/src/stm32f4-hal/stm32f4xx_ll_sdmmc.o
                0x080069bc                SDIO_WriteFIFO
 .text.SDIO_PowerState_ON
                0x080069e0       0x1c ./system/src/stm32f4-hal/stm32f4xx_ll_sdmmc.o
                0x080069e0                SDIO_PowerState_ON
 .text.SDIO_GetPowerState
                0x080069fc       0x1c ./system/src/stm32f4-hal/stm32f4xx_ll_sdmmc.o
                0x080069fc                SDIO_GetPowerState
 .text.SDIO_SendCommand
                0x08006a18       0x54 ./system/src/stm32f4-hal/stm32f4xx_ll_sdmmc.o
                0x08006a18                SDIO_SendCommand
 .text.SDIO_GetCommandResponse
                0x08006a6c       0x1c ./system/src/stm32f4-hal/stm32f4xx_ll_sdmmc.o
                0x08006a6c                SDIO_GetCommandResponse
 .text.SDIO_GetResponse
                0x08006a88       0x28 ./system/src/stm32f4-hal/stm32f4xx_ll_sdmmc.o
                0x08006a88                SDIO_GetResponse
 .text.SDIO_DataConfig
                0x08006ab0       0x58 ./system/src/stm32f4-hal/stm32f4xx_ll_sdmmc.o
                0x08006ab0                SDIO_DataConfig
 .text._exit    0x08006b08        0xc ./system/src/newlib/_exit.o
                0x08006b08                _exit
 .text._sbrk    0x08006b14       0x68 ./system/src/newlib/_sbrk.o
                0x08006b14                _sbrk
 .text.__initialize_args
                0x08006b7c       0x28 ./system/src/newlib/_syscalls.o
                0x08006b7c                __initialize_args
 .text.__initialize_hardware_early
                0x08006ba4       0x2c ./system/src/cortexm/_initialize_hardware.o
                0x08006ba4                __initialize_hardware_early
 .text.__initialize_hardware
                0x08006bd0        0xc ./system/src/cortexm/_initialize_hardware.o
                0x08006bd0                __initialize_hardware
 .text.NVIC_SystemReset
                0x08006bdc       0x28 ./system/src/cortexm/_reset_hardware.o
 .text.__reset_hardware
                0x08006c04        0x8 ./system/src/cortexm/_reset_hardware.o
                0x08006c04                __reset_hardware
 .text.isSemihosting
                0x08006c0c       0x54 ./system/src/cortexm/exception_handlers.o
                0x08006c0c                isSemihosting
 .text.SystemInit
                0x08006c60       0x6c ./system/src/cmsis/system_stm32f4xx.o
                0x08006c60                SystemInit
 .text.SystemCoreClockUpdate
                0x08006ccc       0xf8 ./system/src/cmsis/system_stm32f4xx.o
                0x08006ccc                SystemCoreClockUpdate
 .text.disk_status
                0x08006dc4       0x34 ./src/FatFs/diskio.o
                0x08006dc4                disk_status
 .text.disk_initialize
                0x08006df8       0x4c ./src/FatFs/diskio.o
                0x08006df8                disk_initialize
 .text.disk_read
                0x08006e44       0x40 ./src/FatFs/diskio.o
                0x08006e44                disk_read
 .text.disk_write
                0x08006e84       0x40 ./src/FatFs/diskio.o
                0x08006e84                disk_write
 .text.disk_ioctl
                0x08006ec4       0x3c ./src/FatFs/diskio.o
                0x08006ec4                disk_ioctl
 .text.mem_cpy  0x08006f00       0x3c ./src/FatFs/ff.o
 .text.mem_set  0x08006f3c       0x34 ./src/FatFs/ff.o
 .text.mem_cmp  0x08006f70       0x50 ./src/FatFs/ff.o
 .text.chk_chr  0x08006fc0       0x3c ./src/FatFs/ff.o
 .text.sync_window
                0x08006ffc       0x94 ./src/FatFs/ff.o
 .text.move_window
                0x08007090       0x5c ./src/FatFs/ff.o
 .text.sync_fs  0x080070ec      0x150 ./src/FatFs/ff.o
 .text.clust2sect
                0x0800723c       0x44 ./src/FatFs/ff.o
                0x0800723c                clust2sect
 .text.get_fat  0x08007280      0x170 ./src/FatFs/ff.o
                0x08007280                get_fat
 .text.put_fat  0x080073f0      0x214 ./src/FatFs/ff.o
                0x080073f0                put_fat
 .text.remove_chain
                0x08007604       0xb4 ./src/FatFs/ff.o
 .text.create_chain
                0x080076b8      0x13c ./src/FatFs/ff.o
 .text.dir_sdi  0x080077f4      0x128 ./src/FatFs/ff.o
 .text.dir_next
                0x0800791c      0x1f0 ./src/FatFs/ff.o
 .text.dir_alloc
                0x08007b0c       0x94 ./src/FatFs/ff.o
 .text.ld_clust
                0x08007ba0       0x5c ./src/FatFs/ff.o
 .text.st_clust
                0x08007bfc       0x48 ./src/FatFs/ff.o
 .text.cmp_lfn  0x08007c44       0xdc ./src/FatFs/ff.o
 .text.fit_lfn  0x08007d20       0xec ./src/FatFs/ff.o
 .text.gen_numname
                0x08007e0c      0x11c ./src/FatFs/ff.o
 .text.sum_sfn  0x08007f28       0x44 ./src/FatFs/ff.o
 .text.dir_find
                0x08007f6c      0x180 ./src/FatFs/ff.o
 .text.dir_register
                0x080080ec      0x21c ./src/FatFs/ff.o
 .text.create_name
                0x08008308      0x374 ./src/FatFs/ff.o
 .text.follow_path
                0x0800867c       0xe4 ./src/FatFs/ff.o
 .text.get_ldnumber
                0x08008760       0x94 ./src/FatFs/ff.o
 .text.check_fs
                0x080087f4       0xd4 ./src/FatFs/ff.o
 .text.find_volume
                0x080088c8      0x590 ./src/FatFs/ff.o
 .text.validate
                0x08008e58       0x68 ./src/FatFs/ff.o
 .text.f_mount  0x08008ec0       0x8c ./src/FatFs/ff.o
                0x08008ec0                f_mount
 .text.f_open   0x08008f4c      0x3a0 ./src/FatFs/ff.o
                0x08008f4c                f_open
 .text.f_read   0x080092ec      0x2bc ./src/FatFs/ff.o
                0x080092ec                f_read
 .text.f_write  0x080095a8      0x340 ./src/FatFs/ff.o
                0x080095a8                f_write
 .text.f_sync   0x080098e8      0x16c ./src/FatFs/ff.o
                0x080098e8                f_sync
 .text.f_close  0x08009a54       0x3c ./src/FatFs/ff.o
                0x08009a54                f_close
 .text.ff_convert
                0x08009a90       0x24 ./src/FatFs/ff.o
                0x08009a90                ff_convert
 .text.ff_wtoupper
                0x08009ab4       0x38 ./src/FatFs/ff.o
                0x08009ab4                ff_wtoupper
 .text.FATFS_LinkDriverEx
                0x08009aec       0x98 ./src/FatFs/ff_gen_drv.o
                0x08009aec                FATFS_LinkDriverEx
 .text.FATFS_LinkDriver
                0x08009b84       0x20 ./src/FatFs/ff_gen_drv.o
                0x08009b84                FATFS_LinkDriver
 .text.SD_initialize
                0x08009ba4       0x3c ./src/FatFs/sd_diskio.o
                0x08009ba4                SD_initialize
 .text.SD_status
                0x08009be0       0x3c ./src/FatFs/sd_diskio.o
                0x08009be0                SD_status
 .text.SD_read  0x08009c1c       0x44 ./src/FatFs/sd_diskio.o
                0x08009c1c                SD_read
 .text.SD_write
                0x08009c60       0x44 ./src/FatFs/sd_diskio.o
                0x08009c60                SD_write
 .text.SD_ioctl
                0x08009ca4       0xa0 ./src/FatFs/sd_diskio.o
                0x08009ca4                SD_ioctl
 .text.BSP_SD_Init
                0x08009d44       0x58 ./src/bsp_driver_sd.o
                0x08009d44                BSP_SD_Init
 .text.BSP_SD_ReadBlocks
                0x08009d9c       0x40 ./src/bsp_driver_sd.o
                0x08009d9c                BSP_SD_ReadBlocks
 .text.BSP_SD_WriteBlocks
                0x08009ddc       0x40 ./src/bsp_driver_sd.o
                0x08009ddc                BSP_SD_WriteBlocks
 .text.BSP_SD_GetStatus
                0x08009e1c       0x14 ./src/bsp_driver_sd.o
                0x08009e1c                BSP_SD_GetStatus
 .text.BSP_SD_GetCardInfo
                0x08009e30       0x1c ./src/bsp_driver_sd.o
                0x08009e30                BSP_SD_GetCardInfo
 .text.BSP_SD_IsDetected
                0x08009e4c       0x1c ./src/bsp_driver_sd.o
                0x08009e4c                BSP_SD_IsDetected
 .text.push_cBuff
                0x08009e68       0x74 ./src/circbuff.o
                0x08009e68                push_cBuff
 .text.push_gBuff
                0x08009edc       0x74 ./src/circbuff.o
                0x08009edc                push_gBuff
 .text.init_cBuff
                0x08009f50       0x34 ./src/circbuff.o
                0x08009f50                init_cBuff
 .text.pop_cBuff
                0x08009f84       0x5c ./src/circbuff.o
                0x08009f84                pop_cBuff
 .text.flush_cBuff
                0x08009fe0       0x48 ./src/circbuff.o
                0x08009fe0                flush_cBuff
 .text.check_last_cBuff
                0x0800a028       0x30 ./src/circbuff.o
                0x0800a028                check_last_cBuff
 .text.init_gBuff
                0x0800a058       0x34 ./src/circbuff.o
                0x0800a058                init_gBuff
 .text.pop_gBuff
                0x0800a08c       0x5c ./src/circbuff.o
                0x0800a08c                pop_gBuff
 .text.available_gBuff
                0x0800a0e8       0x2c ./src/circbuff.o
                0x0800a0e8                available_gBuff
 .text.isConnected
                0x0800a114       0x1c ./src/comm.o
                0x0800a114                isConnected
 .text.getSerial
                0x0800a130       0x24 ./src/comm.o
                0x0800a130                getSerial
 .text.isFreshMessage
                0x0800a154       0x1c ./src/comm.o
                0x0800a154                isFreshMessage
 .text.millis   0x0800a170       0x10 ./src/comm.o
 .text.delay_ms
                0x0800a180       0x18 ./src/comm.o
 .text.init_comm
                0x0800a198       0x4c ./src/comm.o
                0x0800a198                init_comm
 .text.comm_handler
                0x0800a1e4       0x30 ./src/comm.o
                0x0800a1e4                comm_handler
 .text.setRTC   0x0800a214      0x3d0 ./src/comm.o
                0x0800a214                setRTC
 .text.publish  0x0800a5e4       0x40 ./src/comm.o
                0x0800a5e4                publish
 .text.subscribe
                0x0800a624       0x40 ./src/comm.o
                0x0800a624                subscribe
 .text.recMessage
                0x0800a664       0x4c ./src/comm.o
                0x0800a664                recMessage
 .text.onConnect
                0x0800a6b0       0x4c ./src/comm.o
 .text.init_config
                0x0800a6fc      0x1c8 ./src/comm.o
 .text.init_modem
                0x0800a8c4       0x54 ./src/comm.o
 .text.init_gprs
                0x0800a918      0x130 ./src/comm.o
 .text.init_TCPIP
                0x0800aa48       0xac ./src/comm.o
 .text.sendString
                0x0800aaf4       0x54 ./src/comm.o
 .text.sendCommandResp
                0x0800ab48       0x44 ./src/comm.o
 .text.sendCommandMulti
                0x0800ab8c       0x44 ./src/comm.o
 .text.sendConnect
                0x0800abd0       0x38 ./src/comm.o
 .text.gsmRespProcess
                0x0800ac08       0xe4 ./src/comm.o
 .text.gsm_handler
                0x0800acec       0x3c ./src/comm.o
 .text.writeByte
                0x0800ad28       0x24 ./src/comm.o
 .text.printMessage
                0x0800ad4c       0x2c ./src/comm.o
 .text.sendLength
                0x0800ad78       0x3c ./src/comm.o
 .text.sendUTFLength
                0x0800adb4       0x40 ./src/comm.o
 .text.sendUTFString
                0x0800adf4       0x34 ./src/comm.o
 .text.mqtt_handler
                0x0800ae28       0x34 ./src/comm.o
 .text.wfmap    0x0800ae5c       0x44 ./src/comm.o
 .text.mqtt_resp_process
                0x0800aea0      0x134 ./src/comm.o
 .text.connect  0x0800afd4       0xf0 ./src/comm.o
 .text.disconnect
                0x0800b0c4       0x74 ./src/comm.o
 .text.pingREQ  0x0800b138       0x3c ./src/comm.o
 .text.ping_handler
                0x0800b174       0x60 ./src/comm.o
 .text.getLength
                0x0800b1d4       0x70 ./src/comm.o
 .text.getUTFLength
                0x0800b244       0x60 ./src/comm.o
 .text.receive_publish
                0x0800b2a4      0x10c ./src/comm.o
 .text.drop_connection
                0x0800b3b0       0xbc ./src/comm.o
 .text.MX_FATFS_Init
                0x0800b46c       0x24 ./src/fatfs.o
                0x0800b46c                MX_FATFS_Init
 .text.get_fattime
                0x0800b490       0x10 ./src/fatfs.o
                0x0800b490                get_fattime
 .text.init_settings
                0x0800b4a0       0x68 ./src/init.o
                0x0800b4a0                init_settings
 .text.SystemClock_Config
                0x0800b508      0x10c ./src/init.o
 .text.MX_ADC3_Init
                0x0800b614       0xf8 ./src/init.o
 .text.MX_I2C2_Init
                0x0800b70c       0x64 ./src/init.o
 .text.MX_RTC_Init
                0x0800b770       0x50 ./src/init.o
 .text.MX_SDIO_SD_Init
                0x0800b7c0       0x50 ./src/init.o
 .text.MX_SPI1_Init
                0x0800b810       0x6c ./src/init.o
 .text.MX_TIM2_Init
                0x0800b87c       0x98 ./src/init.o
 .text.MX_TIM4_Init
                0x0800b914       0x9c ./src/init.o
 .text.MX_USART2_UART_Init
                0x0800b9b0       0x58 ./src/init.o
 .text.MX_GPIO_Init
                0x0800ba08       0xe8 ./src/init.o
 .text.read_config
                0x0800baf0      0x2e4 ./src/init.o
 .text.is_RTC_Set
                0x0800bdd4       0x3c ./src/init.o
 .text.restart_system
                0x0800be10       0x58 ./src/init.o
                0x0800be10                restart_system
 .text.write_default_config
                0x0800be68      0x154 ./src/init.o
 .text.main     0x0800bfbc      0x350 ./src/main.o
                0x0800bfbc                main
 .text.HAL_UART_RxCpltCallback
                0x0800c30c       0x3c ./src/main.o
                0x0800c30c                HAL_UART_RxCpltCallback
 .text.HAL_TIM_PeriodElapsedCallback
                0x0800c348       0x54 ./src/main.o
                0x0800c348                HAL_TIM_PeriodElapsedCallback
 .text.HAL_UART_ErrorCallback
                0x0800c39c       0x2c ./src/main.o
                0x0800c39c                HAL_UART_ErrorCallback
 .text.initMeasurementParams
                0x0800c3c8       0x28 ./src/measurement.o
                0x0800c3c8                initMeasurementParams
 .text.HAL_ADC_ConvCpltCallback
                0x0800c3f0       0x54 ./src/measurement.o
                0x0800c3f0                HAL_ADC_ConvCpltCallback
 .text.initMovMeas
                0x0800c444      0x154 ./src/measurement.o
 .text.readNoffset
                0x0800c598      0x130 ./src/measurement.o
 .text.readOoffset
                0x0800c6c8       0x68 ./src/measurement.o
 .text.readActValues
                0x0800c730      0x14c ./src/measurement.o
 .text.readMeasEnd
                0x0800c87c      0x1ac ./src/measurement.o
 .text.doMovMeas
                0x0800ca28       0x64 ./src/measurement.o
                0x0800ca28                doMovMeas
 .text.intoa_conv
                0x0800ca8c       0x98 ./src/measurement.o
 .text.initFlags
                0x0800cb24       0x8c ./src/measurement.o
                0x0800cb24                initFlags
 .text.movMeasToMessage
                0x0800cbb0      0x354 ./src/measurement.o
                0x0800cbb0                movMeasToMessage
 .text.initPT   0x0800cf04       0x6c ./src/measurement.o
                0x0800cf04                initPT
 .text.doEnvMeas
                0x0800cf70       0xa8 ./src/measurement.o
                0x0800cf70                doEnvMeas
 .text.readTelAire
                0x0800d018       0xb0 ./src/measurement.o
 .text.readPT   0x0800d0c8      0x1e8 ./src/measurement.o
 .text.getTimeStamp
                0x0800d2b0      0x230 ./src/measurement.o
                0x0800d2b0                getTimeStamp
 .text.sendWelcomeMessage
                0x0800d4e0       0x24 ./src/measurement.o
                0x0800d4e0                sendWelcomeMessage
 .text.parseEnvironmentMessage
                0x0800d504       0xcc ./src/message.o
                0x0800d504                parseEnvironmentMessage
 .text.initEnvironmentMessage
                0x0800d5d0      0x25c ./src/message.o
 .text.initMovementMessage
                0x0800d82c      0x270 ./src/message.o
 .text.initWarningMessage
                0x0800da9c       0x2c ./src/message.o
 .text.initLastPosMessage
                0x0800dac8      0x1d4 ./src/message.o
 .text.initWelcomeMessage
                0x0800dc9c       0x2c ./src/message.o
 .text.initMessages
                0x0800dcc8       0x1c ./src/message.o
                0x0800dcc8                initMessages
 .text.parseMovementMessage
                0x0800dce4       0x88 ./src/message.o
                0x0800dce4                parseMovementMessage
 .text.json_serialize_mod
                0x0800dd6c       0x48 ./src/message.o
                0x0800dd6c                json_serialize_mod
 .text.sendMessage
                0x0800ddb4       0x74 ./src/message.o
                0x0800ddb4                sendMessage
 .text.stampWarning
                0x0800de28       0x68 ./src/message.o
                0x0800de28                stampWarning
 .text.sendLastPosition
                0x0800de90       0x9c ./src/message.o
                0x0800de90                sendLastPosition
 .text.sendWelcome
                0x0800df2c       0xc0 ./src/message.o
                0x0800df2c                sendWelcome
 .text.parson_strndup
                0x0800dfec       0x44 ./src/parson.o
 .text.parson_strdup
                0x0800e030       0x24 ./src/parson.o
 .text.hex_char_to_int
                0x0800e054       0x64 ./src/parson.o
 .text.parse_utf16_hex
                0x0800e0b8       0xc4 ./src/parson.o
 .text.num_bytes_in_utf8_sequence
                0x0800e17c       0x70 ./src/parson.o
 .text.verify_utf8_sequence
                0x0800e1ec      0x18c ./src/parson.o
 .text.is_valid_utf8
                0x0800e378       0x4c ./src/parson.o
 .text.is_decimal
                0x0800e3c4       0x88 ./src/parson.o
 .text.json_object_init
                0x0800e44c       0x48 ./src/parson.o
 .text.json_object_add
                0x0800e494       0xd8 ./src/parson.o
 .text.json_object_resize
                0x0800e56c       0xf4 ./src/parson.o
 .text.json_object_nget_value
                0x0800e660       0x78 ./src/parson.o
 .text.json_object_free
                0x0800e6d8       0x70 ./src/parson.o
 .text.json_array_init
                0x0800e748       0x44 ./src/parson.o
 .text.json_array_add
                0x0800e78c       0x78 ./src/parson.o
 .text.json_array_resize
                0x0800e804       0x80 ./src/parson.o
 .text.json_array_free
                0x0800e884       0x50 ./src/parson.o
 .text.json_value_init_string_no_copy
                0x0800e8d4       0x3c ./src/parson.o
 .text.skip_quotes
                0x0800e910       0x90 ./src/parson.o
 .text.parse_utf16
                0x0800e9a0      0x1f4 ./src/parson.o
 .text.process_string
                0x0800eb94      0x2b0 ./src/parson.o
 .text.get_quoted_string
                0x0800ee44       0x48 ./src/parson.o
 .text.parse_value
                0x0800ee8c      0x214 ./src/parson.o
 .text.parse_object_value
                0x0800f0a0      0x224 ./src/parson.o
 .text.parse_array_value
                0x0800f2c4      0x1a4 ./src/parson.o
 .text.parse_string_value
                0x0800f468       0x48 ./src/parson.o
 .text.parse_boolean_value
                0x0800f4b0       0x78 ./src/parson.o
 .text.parse_number_value
                0x0800f528       0x78 ./src/parson.o
 .text.parse_null_value
                0x0800f5a0       0x44 ./src/parson.o
 .text.json_serialize_to_buffer_r
                0x0800f5e4      0x69c ./src/parson.o
 .text.json_serialize_string
                0x0800fc80      0x92c ./src/parson.o
 .text.append_indent
                0x080105ac       0x64 ./src/parson.o
 .text.append_string
                0x08010610       0x34 ./src/parson.o
 .text.json_parse_string
                0x08010644       0x54 ./src/parson.o
                0x08010644                json_parse_string
 .text.json_object_get_value
                0x08010698       0x38 ./src/parson.o
                0x08010698                json_object_get_value
 .text.json_object_get_string
                0x080106d0       0x24 ./src/parson.o
                0x080106d0                json_object_get_string
 .text.json_object_get_number
                0x080106f4       0x30 ./src/parson.o
                0x080106f4                json_object_get_number
 .text.json_object_get_object
                0x08010724       0x24 ./src/parson.o
                0x08010724                json_object_get_object
 .text.json_object_get_count
                0x08010748       0x24 ./src/parson.o
                0x08010748                json_object_get_count
 .text.json_object_get_name
                0x0801076c       0x38 ./src/parson.o
                0x0801076c                json_object_get_name
 .text.json_object_get_wrapping_value
                0x080107a4       0x18 ./src/parson.o
                0x080107a4                json_object_get_wrapping_value
 .text.json_array_get_value
                0x080107bc       0x38 ./src/parson.o
                0x080107bc                json_array_get_value
 .text.json_array_get_count
                0x080107f4       0x24 ./src/parson.o
                0x080107f4                json_array_get_count
 .text.json_array_get_wrapping_value
                0x08010818       0x18 ./src/parson.o
                0x08010818                json_array_get_wrapping_value
 .text.json_value_get_type
                0x08010830       0x24 ./src/parson.o
                0x08010830                json_value_get_type
 .text.json_value_get_object
                0x08010854       0x24 ./src/parson.o
                0x08010854                json_value_get_object
 .text.json_value_get_array
                0x08010878       0x24 ./src/parson.o
                0x08010878                json_value_get_array
 .text.json_value_get_string
                0x0801089c       0x24 ./src/parson.o
                0x0801089c                json_value_get_string
 .text.json_value_get_number
                0x080108c0       0x38 ./src/parson.o
                0x080108c0                json_value_get_number
 .text.json_value_get_boolean
                0x080108f8       0x28 ./src/parson.o
                0x080108f8                json_value_get_boolean
 .text.json_value_free
                0x08010920       0x58 ./src/parson.o
                0x08010920                json_value_free
 .text.json_value_init_object
                0x08010978       0x58 ./src/parson.o
                0x08010978                json_value_init_object
 .text.json_value_init_array
                0x080109d0       0x58 ./src/parson.o
                0x080109d0                json_value_init_array
 .text.json_value_init_string
                0x08010a28       0x6c ./src/parson.o
                0x08010a28                json_value_init_string
 .text.json_value_init_number
                0x08010a94       0x44 ./src/parson.o
                0x08010a94                json_value_init_number
 .text.json_value_init_boolean
                0x08010ad8       0x48 ./src/parson.o
                0x08010ad8                json_value_init_boolean
 .text.json_value_init_null
                0x08010b20       0x34 ./src/parson.o
                0x08010b20                json_value_init_null
 .text.json_serialization_size_pretty
                0x08010b54       0x40 ./src/parson.o
                0x08010b54                json_serialization_size_pretty
 .text.json_serialize_to_buffer_pretty
                0x08010b94       0x58 ./src/parson.o
                0x08010b94                json_serialize_to_buffer_pretty
 .text.json_serialize_to_string_pretty
                0x08010bec       0x64 ./src/parson.o
                0x08010bec                json_serialize_to_string_pretty
 .text.json_free_serialized_string
                0x08010c50       0x1c ./src/parson.o
                0x08010c50                json_free_serialized_string
 .text.json_array_append_value
                0x08010c6c       0x38 ./src/parson.o
                0x08010c6c                json_array_append_value
 .text.json_array_append_string
                0x08010ca4       0x44 ./src/parson.o
                0x08010ca4                json_array_append_string
 .text.json_object_set_value
                0x08010ce8       0xac ./src/parson.o
                0x08010ce8                json_object_set_value
 .text.json_object_set_string
                0x08010d94       0x28 ./src/parson.o
                0x08010d94                json_object_set_string
 .text.json_object_set_number
                0x08010dbc       0x2c ./src/parson.o
                0x08010dbc                json_object_set_number
 .text.json_object_dotset_value
                0x08010de8       0xe0 ./src/parson.o
                0x08010de8                json_object_dotset_value
 .text.json_object_dotset_string
                0x08010ec8       0x48 ./src/parson.o
                0x08010ec8                json_object_dotset_string
 .text.json_object_dotset_number
                0x08010f10       0x4c ./src/parson.o
                0x08010f10                json_object_dotset_number
 .text.json_object
                0x08010f5c       0x18 ./src/parson.o
                0x08010f5c                json_object
 .text.movingAvarage
                0x08010f74       0x9c ./src/statemachine.o
 .text.p_error  0x08011010       0x60 ./src/statemachine.o
 .text.p_low    0x08011070       0x5c ./src/statemachine.o
 .text.p_high   0x080110cc       0x5c ./src/statemachine.o
 .text.p_meas_up
                0x08011128       0xac ./src/statemachine.o
 .text.p_meas_down
                0x080111d4       0xac ./src/statemachine.o
 .text.p_start  0x08011280       0x94 ./src/statemachine.o
                0x08011280                p_start
 .text.statemachine_process
                0x08011314       0x28 ./src/statemachine.o
                0x08011314                statemachine_process
 .text.getLastPosition
                0x0801133c       0x18 ./src/statemachine.o
                0x0801133c                getLastPosition
 .text.HAL_MspInit
                0x08011354       0x64 ./src/stm32f4xx_hal_msp.o
                0x08011354                HAL_MspInit
 .text.HAL_ADC_MspInit
                0x080113b8       0x6c ./src/stm32f4xx_hal_msp.o
                0x080113b8                HAL_ADC_MspInit
 .text.HAL_I2C_MspInit
                0x08011424       0x64 ./src/stm32f4xx_hal_msp.o
                0x08011424                HAL_I2C_MspInit
 .text.HAL_RTC_MspInit
                0x08011488       0x2c ./src/stm32f4xx_hal_msp.o
                0x08011488                HAL_RTC_MspInit
 .text.HAL_SD_MspInit
                0x080114b4       0x88 ./src/stm32f4xx_hal_msp.o
                0x080114b4                HAL_SD_MspInit
 .text.HAL_SPI_MspInit
                0x0801153c       0x7c ./src/stm32f4xx_hal_msp.o
                0x0801153c                HAL_SPI_MspInit
 .text.HAL_TIM_Base_MspInit
                0x080115b8       0x88 ./src/stm32f4xx_hal_msp.o
                0x080115b8                HAL_TIM_Base_MspInit
 .text.HAL_UART_MspInit
                0x08011640       0x74 ./src/stm32f4xx_hal_msp.o
                0x08011640                HAL_UART_MspInit
 .text.NMI_Handler
                0x080116b4       0x10 ./src/stm32f4xx_it.o
                0x080116b4                NMI_Handler
 .text.HardFault_Handler
                0x080116c4        0x8 ./src/stm32f4xx_it.o
                0x080116c4                HardFault_Handler
 .text.MemManage_Handler
                0x080116cc        0x8 ./src/stm32f4xx_it.o
                0x080116cc                MemManage_Handler
 .text.BusFault_Handler
                0x080116d4        0x8 ./src/stm32f4xx_it.o
                0x080116d4                BusFault_Handler
 .text.UsageFault_Handler
                0x080116dc        0x8 ./src/stm32f4xx_it.o
                0x080116dc                UsageFault_Handler
 .text.SVC_Handler
                0x080116e4       0x10 ./src/stm32f4xx_it.o
                0x080116e4                SVC_Handler
 .text.DebugMon_Handler
                0x080116f4       0x10 ./src/stm32f4xx_it.o
                0x080116f4                DebugMon_Handler
 .text.PendSV_Handler
                0x08011704       0x10 ./src/stm32f4xx_it.o
                0x08011704                PendSV_Handler
 .text.SysTick_Handler
                0x08011714       0x10 ./src/stm32f4xx_it.o
                0x08011714                SysTick_Handler
 .text.ADC_IRQHandler
                0x08011724       0x14 ./src/stm32f4xx_it.o
                0x08011724                ADC_IRQHandler
 .text.TIM2_IRQHandler
                0x08011738       0x14 ./src/stm32f4xx_it.o
                0x08011738                TIM2_IRQHandler
 .text.TIM4_IRQHandler
                0x0801174c       0x14 ./src/stm32f4xx_it.o
                0x0801174c                TIM4_IRQHandler
 .text.USART2_IRQHandler
                0x08011760       0x14 ./src/stm32f4xx_it.o
                0x08011760                USART2_IRQHandler
 .text          0x08011774      0x370 /usr/local/gcc-arm-none-eabi-5_4-2016q2/bin/../lib/gcc/arm-none-eabi/5.4.1/armv7e-m/fpu/libgcc.a(_arm_addsubdf3.o)
                0x08011774                __aeabi_drsub
                0x0801177c                __aeabi_dsub
                0x0801177c                __subdf3
                0x08011780                __adddf3
                0x08011780                __aeabi_dadd
                0x080119f8                __aeabi_ui2d
                0x080119f8                __floatunsidf
                0x08011a18                __floatsidf
                0x08011a18                __aeabi_i2d
                0x08011a3c                __extendsfdf2
                0x08011a3c                __aeabi_f2d
                0x08011a78                __aeabi_ul2d
                0x08011a78                __floatundidf
                0x08011a88                __floatdidf
                0x08011a88                __aeabi_l2d
 .text          0x08011ae4      0x110 /usr/local/gcc-arm-none-eabi-5_4-2016q2/bin/../lib/gcc/arm-none-eabi/5.4.1/armv7e-m/fpu/libgcc.a(_arm_cmpdf2.o)
                0x08011ae4                __gtdf2
                0x08011ae4                __gedf2
                0x08011aec                __ltdf2
                0x08011aec                __ledf2
                0x08011af4                __cmpdf2
                0x08011af4                __eqdf2
                0x08011af4                __nedf2
                0x08011b70                __aeabi_cdrcmple
                0x08011b80                __aeabi_cdcmple
                0x08011b80                __aeabi_cdcmpeq
                0x08011b90                __aeabi_dcmpeq
                0x08011ba4                __aeabi_dcmplt
                0x08011bb8                __aeabi_dcmple
                0x08011bcc                __aeabi_dcmpge
                0x08011be0                __aeabi_dcmpgt
 .text          0x08011bf4       0x50 /usr/local/gcc-arm-none-eabi-5_4-2016q2/bin/../lib/gcc/arm-none-eabi/5.4.1/armv7e-m/fpu/libgcc.a(_arm_fixdfsi.o)
                0x08011bf4                __fixdfsi
                0x08011bf4                __aeabi_d2iz
 .text          0x08011c44       0x40 /usr/local/gcc-arm-none-eabi-5_4-2016q2/bin/../lib/gcc/arm-none-eabi/5.4.1/armv7e-m/fpu/libgcc.a(_arm_fixunsdfsi.o)
                0x08011c44                __fixunsdfsi
                0x08011c44                __aeabi_d2uiz
 .text.atoi     0x08011c84        0x8 /usr/local/gcc-arm-none-eabi-5_4-2016q2/bin/../lib/gcc/arm-none-eabi/5.4.1/../../../../arm-none-eabi/lib/armv7e-m/fpu/libg_nano.a(lib_a-atoi.o)
                0x08011c84                atoi
 .text.__errno  0x08011c8c        0xc /usr/local/gcc-arm-none-eabi-5_4-2016q2/bin/../lib/gcc/arm-none-eabi/5.4.1/../../../../arm-none-eabi/lib/armv7e-m/fpu/libg_nano.a(lib_a-errno.o)
                0x08011c8c                __errno
 .text.__itoa   0x08011c98       0x2e /usr/local/gcc-arm-none-eabi-5_4-2016q2/bin/../lib/gcc/arm-none-eabi/5.4.1/../../../../arm-none-eabi/lib/armv7e-m/fpu/libg_nano.a(lib_a-itoa.o)
                0x08011c98                __itoa
 .text.itoa     0x08011cc6        0x4 /usr/local/gcc-arm-none-eabi-5_4-2016q2/bin/../lib/gcc/arm-none-eabi/5.4.1/../../../../arm-none-eabi/lib/armv7e-m/fpu/libg_nano.a(lib_a-itoa.o)
                0x08011cc6                itoa
 *fill*         0x08011cca        0x2 
 .text.malloc   0x08011ccc       0x10 /usr/local/gcc-arm-none-eabi-5_4-2016q2/bin/../lib/gcc/arm-none-eabi/5.4.1/../../../../arm-none-eabi/lib/armv7e-m/fpu/libg_nano.a(lib_a-malloc.o)
                0x08011ccc                malloc
 .text.free     0x08011cdc       0x10 /usr/local/gcc-arm-none-eabi-5_4-2016q2/bin/../lib/gcc/arm-none-eabi/5.4.1/../../../../arm-none-eabi/lib/armv7e-m/fpu/libg_nano.a(lib_a-malloc.o)
                0x08011cdc                free
 .text.memcpy   0x08011cec       0x16 /usr/local/gcc-arm-none-eabi-5_4-2016q2/bin/../lib/gcc/arm-none-eabi/5.4.1/../../../../arm-none-eabi/lib/armv7e-m/fpu/libg_nano.a(lib_a-memcpy-stub.o)
                0x08011cec                memcpy
 .text.memset   0x08011d02       0x10 /usr/local/gcc-arm-none-eabi-5_4-2016q2/bin/../lib/gcc/arm-none-eabi/5.4.1/../../../../arm-none-eabi/lib/armv7e-m/fpu/libg_nano.a(lib_a-memset.o)
                0x08011d02                memset
 *fill*         0x08011d12        0x2 
 .text._free_r  0x08011d14       0x9c /usr/local/gcc-arm-none-eabi-5_4-2016q2/bin/../lib/gcc/arm-none-eabi/5.4.1/../../../../arm-none-eabi/lib/armv7e-m/fpu/libg_nano.a(lib_a-nano-freer.o)
                0x08011d14                _free_r
 .text._malloc_r
                0x08011db0       0xbc /usr/local/gcc-arm-none-eabi-5_4-2016q2/bin/../lib/gcc/arm-none-eabi/5.4.1/../../../../arm-none-eabi/lib/armv7e-m/fpu/libg_nano.a(lib_a-nano-mallocr.o)
                0x08011db0                _malloc_r
 .text.__cvt    0x08011e6c       0xc8 /usr/local/gcc-arm-none-eabi-5_4-2016q2/bin/../lib/gcc/arm-none-eabi/5.4.1/../../../../arm-none-eabi/lib/armv7e-m/fpu/libg_nano.a(lib_a-nano-vfprintf_float.o)
                0x08011e6c                __cvt
 .text.__exponent
                0x08011f34       0x60 /usr/local/gcc-arm-none-eabi-5_4-2016q2/bin/../lib/gcc/arm-none-eabi/5.4.1/../../../../arm-none-eabi/lib/armv7e-m/fpu/libg_nano.a(lib_a-nano-vfprintf_float.o)
                0x08011f34                __exponent
 .text._printf_float
                0x08011f94      0x47c /usr/local/gcc-arm-none-eabi-5_4-2016q2/bin/../lib/gcc/arm-none-eabi/5.4.1/../../../../arm-none-eabi/lib/armv7e-m/fpu/libg_nano.a(lib_a-nano-vfprintf_float.o)
                0x08011f94                _printf_float
 .text._printf_common
                0x08012410       0xec /usr/local/gcc-arm-none-eabi-5_4-2016q2/bin/../lib/gcc/arm-none-eabi/5.4.1/../../../../arm-none-eabi/lib/armv7e-m/fpu/libg_nano.a(lib_a-nano-vfprintf_i.o)
                0x08012410                _printf_common
 .text._printf_i
                0x080124fc      0x24c /usr/local/gcc-arm-none-eabi-5_4-2016q2/bin/../lib/gcc/arm-none-eabi/5.4.1/../../../../arm-none-eabi/lib/armv7e-m/fpu/libg_nano.a(lib_a-nano-vfprintf_i.o)
                0x080124fc                _printf_i
 .text._sbrk_r  0x08012748       0x20 /usr/local/gcc-arm-none-eabi-5_4-2016q2/bin/../lib/gcc/arm-none-eabi/5.4.1/../../../../arm-none-eabi/lib/armv7e-m/fpu/libg_nano.a(lib_a-sbrkr.o)
                0x08012748                _sbrk_r
 .text.sprintf  0x08012768       0x48 /usr/local/gcc-arm-none-eabi-5_4-2016q2/bin/../lib/gcc/arm-none-eabi/5.4.1/../../../../arm-none-eabi/lib/armv7e-m/fpu/libg_nano.a(lib_a-sprintf.o)
                0x08012768                sprintf
                0x08012768                siprintf
 .text.strcat   0x080127b0       0x1e /usr/local/gcc-arm-none-eabi-5_4-2016q2/bin/../lib/gcc/arm-none-eabi/5.4.1/../../../../arm-none-eabi/lib/armv7e-m/fpu/libg_nano.a(lib_a-strcat.o)
                0x080127b0                strcat
 .text.strchr   0x080127ce       0x1c /usr/local/gcc-arm-none-eabi-5_4-2016q2/bin/../lib/gcc/arm-none-eabi/5.4.1/../../../../arm-none-eabi/lib/armv7e-m/fpu/libg_nano.a(lib_a-strchr.o)
                0x080127ce                strchr
 .text          0x080127ea       0x14 /usr/local/gcc-arm-none-eabi-5_4-2016q2/bin/../lib/gcc/arm-none-eabi/5.4.1/../../../../arm-none-eabi/lib/armv7e-m/fpu/libg_nano.a(lib_a-strcmp.o)
                0x080127ea                strcmp
 .text.strcpy   0x080127fe       0x10 /usr/local/gcc-arm-none-eabi-5_4-2016q2/bin/../lib/gcc/arm-none-eabi/5.4.1/../../../../arm-none-eabi/lib/armv7e-m/fpu/libg_nano.a(lib_a-strcpy.o)
                0x080127fe                strcpy
 .text          0x0801280e       0x10 /usr/local/gcc-arm-none-eabi-5_4-2016q2/bin/../lib/gcc/arm-none-eabi/5.4.1/../../../../arm-none-eabi/lib/armv7e-m/fpu/libg_nano.a(lib_a-strlen.o)
                0x0801280e                strlen
 .text.strncmp  0x0801281e       0x2a /usr/local/gcc-arm-none-eabi-5_4-2016q2/bin/../lib/gcc/arm-none-eabi/5.4.1/../../../../arm-none-eabi/lib/armv7e-m/fpu/libg_nano.a(lib_a-strncmp.o)
                0x0801281e                strncmp
 .text.strncpy  0x08012848       0x26 /usr/local/gcc-arm-none-eabi-5_4-2016q2/bin/../lib/gcc/arm-none-eabi/5.4.1/../../../../arm-none-eabi/lib/armv7e-m/fpu/libg_nano.a(lib_a-strncpy.o)
                0x08012848                strncpy
 .text.strstr   0x0801286e       0x34 /usr/local/gcc-arm-none-eabi-5_4-2016q2/bin/../lib/gcc/arm-none-eabi/5.4.1/../../../../arm-none-eabi/lib/armv7e-m/fpu/libg_nano.a(lib_a-strstr.o)
                0x0801286e                strstr
 .text.sulp     0x080128a2       0x38 /usr/local/gcc-arm-none-eabi-5_4-2016q2/bin/../lib/gcc/arm-none-eabi/5.4.1/../../../../arm-none-eabi/lib/armv7e-m/fpu/libg_nano.a(lib_a-strtod.o)
 *fill*         0x080128da        0x6 
 .text._strtod_r
                0x080128e0      0xc00 /usr/local/gcc-arm-none-eabi-5_4-2016q2/bin/../lib/gcc/arm-none-eabi/5.4.1/../../../../arm-none-eabi/lib/armv7e-m/fpu/libg_nano.a(lib_a-strtod.o)
                0x080128e0                _strtod_r
 .text.strtod   0x080134e0       0x10 /usr/local/gcc-arm-none-eabi-5_4-2016q2/bin/../lib/gcc/arm-none-eabi/5.4.1/../../../../arm-none-eabi/lib/armv7e-m/fpu/libg_nano.a(lib_a-strtod.o)
                0x080134e0                strtod
 .text._strtol_r
                0x080134f0      0x10c /usr/local/gcc-arm-none-eabi-5_4-2016q2/bin/../lib/gcc/arm-none-eabi/5.4.1/../../../../arm-none-eabi/lib/armv7e-m/fpu/libg_nano.a(lib_a-strtol.o)
                0x080134f0                _strtol_r
 .text.strtol   0x080135fc       0x14 /usr/local/gcc-arm-none-eabi-5_4-2016q2/bin/../lib/gcc/arm-none-eabi/5.4.1/../../../../arm-none-eabi/lib/armv7e-m/fpu/libg_nano.a(lib_a-strtol.o)
                0x080135fc                strtol
 .text.__utoa   0x08013610       0x78 /usr/local/gcc-arm-none-eabi-5_4-2016q2/bin/../lib/gcc/arm-none-eabi/5.4.1/../../../../arm-none-eabi/lib/armv7e-m/fpu/libg_nano.a(lib_a-utoa.o)
                0x08013610                __utoa
 .text.quorem   0x08013688      0x11e /usr/local/gcc-arm-none-eabi-5_4-2016q2/bin/../lib/gcc/arm-none-eabi/5.4.1/../../../../arm-none-eabi/lib/armv7e-m/fpu/libg_nano.a(lib_a-dtoa.o)
 *fill*         0x080137a6        0x2 
 .text._dtoa_r  0x080137a8      0xb40 /usr/local/gcc-arm-none-eabi-5_4-2016q2/bin/../lib/gcc/arm-none-eabi/5.4.1/../../../../arm-none-eabi/lib/armv7e-m/fpu/libg_nano.a(lib_a-dtoa.o)
                0x080137a8                _dtoa_r
 .text.rshift   0x080142e8       0x6c /usr/local/gcc-arm-none-eabi-5_4-2016q2/bin/../lib/gcc/arm-none-eabi/5.4.1/../../../../arm-none-eabi/lib/armv7e-m/fpu/libg_nano.a(lib_a-gdtoa-gethex.o)
 .text.__hexdig_fun
                0x08014354       0x2a /usr/local/gcc-arm-none-eabi-5_4-2016q2/bin/../lib/gcc/arm-none-eabi/5.4.1/../../../../arm-none-eabi/lib/armv7e-m/fpu/libg_nano.a(lib_a-gdtoa-gethex.o)
                0x08014354                __hexdig_fun
 .text.__gethex
                0x0801437e      0x43e /usr/local/gcc-arm-none-eabi-5_4-2016q2/bin/../lib/gcc/arm-none-eabi/5.4.1/../../../../arm-none-eabi/lib/armv7e-m/fpu/libg_nano.a(lib_a-gdtoa-gethex.o)
                0x0801437e                __gethex
 .text.L_shift  0x080147bc       0x24 /usr/local/gcc-arm-none-eabi-5_4-2016q2/bin/../lib/gcc/arm-none-eabi/5.4.1/../../../../arm-none-eabi/lib/armv7e-m/fpu/libg_nano.a(lib_a-gdtoa-hexnan.o)
 .text.__match  0x080147e0       0x26 /usr/local/gcc-arm-none-eabi-5_4-2016q2/bin/../lib/gcc/arm-none-eabi/5.4.1/../../../../arm-none-eabi/lib/armv7e-m/fpu/libg_nano.a(lib_a-gdtoa-hexnan.o)
                0x080147e0                __match
 .text.__hexnan
                0x08014806      0x11c /usr/local/gcc-arm-none-eabi-5_4-2016q2/bin/../lib/gcc/arm-none-eabi/5.4.1/../../../../arm-none-eabi/lib/armv7e-m/fpu/libg_nano.a(lib_a-gdtoa-hexnan.o)
                0x08014806                __hexnan
 *fill*         0x08014922        0x2 
 .text._localeconv_r
                0x08014924        0x8 /usr/local/gcc-arm-none-eabi-5_4-2016q2/bin/../lib/gcc/arm-none-eabi/5.4.1/../../../../arm-none-eabi/lib/armv7e-m/fpu/libg_nano.a(lib_a-locale.o)
                0x08014924                _localeconv_r
 *fill*         0x0801492c        0x4 
 .text          0x08014930       0xa0 /usr/local/gcc-arm-none-eabi-5_4-2016q2/bin/../lib/gcc/arm-none-eabi/5.4.1/../../../../arm-none-eabi/lib/armv7e-m/fpu/libg_nano.a(lib_a-memchr.o)
                0x08014930                memchr
 .text.__malloc_lock
                0x080149d0        0x2 /usr/local/gcc-arm-none-eabi-5_4-2016q2/bin/../lib/gcc/arm-none-eabi/5.4.1/../../../../arm-none-eabi/lib/armv7e-m/fpu/libg_nano.a(lib_a-mlock.o)
                0x080149d0                __malloc_lock
 .text.__malloc_unlock
                0x080149d2        0x2 /usr/local/gcc-arm-none-eabi-5_4-2016q2/bin/../lib/gcc/arm-none-eabi/5.4.1/../../../../arm-none-eabi/lib/armv7e-m/fpu/libg_nano.a(lib_a-mlock.o)
                0x080149d2                __malloc_unlock
 .text._Balloc  0x080149d4       0x6a /usr/local/gcc-arm-none-eabi-5_4-2016q2/bin/../lib/gcc/arm-none-eabi/5.4.1/../../../../arm-none-eabi/lib/armv7e-m/fpu/libg_nano.a(lib_a-mprec.o)
                0x080149d4                _Balloc
 .text._Bfree   0x08014a3e       0x2e /usr/local/gcc-arm-none-eabi-5_4-2016q2/bin/../lib/gcc/arm-none-eabi/5.4.1/../../../../arm-none-eabi/lib/armv7e-m/fpu/libg_nano.a(lib_a-mprec.o)
                0x08014a3e                _Bfree
 .text.__multadd
                0x08014a6c       0x76 /usr/local/gcc-arm-none-eabi-5_4-2016q2/bin/../lib/gcc/arm-none-eabi/5.4.1/../../../../arm-none-eabi/lib/armv7e-m/fpu/libg_nano.a(lib_a-mprec.o)
                0x08014a6c                __multadd
 .text.__s2b    0x08014ae2       0x7c /usr/local/gcc-arm-none-eabi-5_4-2016q2/bin/../lib/gcc/arm-none-eabi/5.4.1/../../../../arm-none-eabi/lib/armv7e-m/fpu/libg_nano.a(lib_a-mprec.o)
                0x08014ae2                __s2b
 .text.__hi0bits
                0x08014b5e       0x40 /usr/local/gcc-arm-none-eabi-5_4-2016q2/bin/../lib/gcc/arm-none-eabi/5.4.1/../../../../arm-none-eabi/lib/armv7e-m/fpu/libg_nano.a(lib_a-mprec.o)
                0x08014b5e                __hi0bits
 .text.__lo0bits
                0x08014b9e       0x5a /usr/local/gcc-arm-none-eabi-5_4-2016q2/bin/../lib/gcc/arm-none-eabi/5.4.1/../../../../arm-none-eabi/lib/armv7e-m/fpu/libg_nano.a(lib_a-mprec.o)
                0x08014b9e                __lo0bits
 .text.__i2b    0x08014bf8       0x12 /usr/local/gcc-arm-none-eabi-5_4-2016q2/bin/../lib/gcc/arm-none-eabi/5.4.1/../../../../arm-none-eabi/lib/armv7e-m/fpu/libg_nano.a(lib_a-mprec.o)
                0x08014bf8                __i2b
 .text.__multiply
                0x08014c0a      0x122 /usr/local/gcc-arm-none-eabi-5_4-2016q2/bin/../lib/gcc/arm-none-eabi/5.4.1/../../../../arm-none-eabi/lib/armv7e-m/fpu/libg_nano.a(lib_a-mprec.o)
                0x08014c0a                __multiply
 .text.__pow5mult
                0x08014d2c       0x9c /usr/local/gcc-arm-none-eabi-5_4-2016q2/bin/../lib/gcc/arm-none-eabi/5.4.1/../../../../arm-none-eabi/lib/armv7e-m/fpu/libg_nano.a(lib_a-mprec.o)
                0x08014d2c                __pow5mult
 .text.__lshift
                0x08014dc8       0xa2 /usr/local/gcc-arm-none-eabi-5_4-2016q2/bin/../lib/gcc/arm-none-eabi/5.4.1/../../../../arm-none-eabi/lib/armv7e-m/fpu/libg_nano.a(lib_a-mprec.o)
                0x08014dc8                __lshift
 .text.__mcmp   0x08014e6a       0x38 /usr/local/gcc-arm-none-eabi-5_4-2016q2/bin/../lib/gcc/arm-none-eabi/5.4.1/../../../../arm-none-eabi/lib/armv7e-m/fpu/libg_nano.a(lib_a-mprec.o)
                0x08014e6a                __mcmp
 .text.__mdiff  0x08014ea2       0xbe /usr/local/gcc-arm-none-eabi-5_4-2016q2/bin/../lib/gcc/arm-none-eabi/5.4.1/../../../../arm-none-eabi/lib/armv7e-m/fpu/libg_nano.a(lib_a-mprec.o)
                0x08014ea2                __mdiff
 .text.__ulp    0x08014f60       0x50 /usr/local/gcc-arm-none-eabi-5_4-2016q2/bin/../lib/gcc/arm-none-eabi/5.4.1/../../../../arm-none-eabi/lib/armv7e-m/fpu/libg_nano.a(lib_a-mprec.o)
                0x08014f60                __ulp
 .text.__b2d    0x08014fb0       0x9a /usr/local/gcc-arm-none-eabi-5_4-2016q2/bin/../lib/gcc/arm-none-eabi/5.4.1/../../../../arm-none-eabi/lib/armv7e-m/fpu/libg_nano.a(lib_a-mprec.o)
                0x08014fb0                __b2d
 .text.__d2b    0x0801504a       0x9c /usr/local/gcc-arm-none-eabi-5_4-2016q2/bin/../lib/gcc/arm-none-eabi/5.4.1/../../../../arm-none-eabi/lib/armv7e-m/fpu/libg_nano.a(lib_a-mprec.o)
                0x0801504a                __d2b
 .text.__ratio  0x080150e6       0x54 /usr/local/gcc-arm-none-eabi-5_4-2016q2/bin/../lib/gcc/arm-none-eabi/5.4.1/../../../../arm-none-eabi/lib/armv7e-m/fpu/libg_nano.a(lib_a-mprec.o)
                0x080150e6                __ratio
 .text.__copybits
                0x0801513a       0x34 /usr/local/gcc-arm-none-eabi-5_4-2016q2/bin/../lib/gcc/arm-none-eabi/5.4.1/../../../../arm-none-eabi/lib/armv7e-m/fpu/libg_nano.a(lib_a-mprec.o)
                0x0801513a                __copybits
 .text.__any_on
                0x0801516e       0x44 /usr/local/gcc-arm-none-eabi-5_4-2016q2/bin/../lib/gcc/arm-none-eabi/5.4.1/../../../../arm-none-eabi/lib/armv7e-m/fpu/libg_nano.a(lib_a-mprec.o)
                0x0801516e                __any_on
 .text._calloc_r
                0x080151b2       0x1c /usr/local/gcc-arm-none-eabi-5_4-2016q2/bin/../lib/gcc/arm-none-eabi/5.4.1/../../../../arm-none-eabi/lib/armv7e-m/fpu/libg_nano.a(lib_a-nano-callocr.o)
                0x080151b2                _calloc_r
 .text.__ssputs_r
                0x080151ce       0xb2 /usr/local/gcc-arm-none-eabi-5_4-2016q2/bin/../lib/gcc/arm-none-eabi/5.4.1/../../../../arm-none-eabi/lib/armv7e-m/fpu/libg_nano.a(lib_a-nano-svfprintf.o)
                0x080151ce                __ssputs_r
 .text._svfprintf_r
                0x08015280      0x1e8 /usr/local/gcc-arm-none-eabi-5_4-2016q2/bin/../lib/gcc/arm-none-eabi/5.4.1/../../../../arm-none-eabi/lib/armv7e-m/fpu/libg_nano.a(lib_a-nano-svfprintf.o)
                0x08015280                _svfprintf_r
                0x08015280                _svfiprintf_r
 .text.memmove  0x08015468       0x36 /usr/local/gcc-arm-none-eabi-5_4-2016q2/bin/../lib/gcc/arm-none-eabi/5.4.1/../../../../arm-none-eabi/lib/armv7e-m/fpu/libg_nano.a(lib_a-memmove.o)
                0x08015468                memmove
 .text._realloc_r
                0x0801549e       0x4c /usr/local/gcc-arm-none-eabi-5_4-2016q2/bin/../lib/gcc/arm-none-eabi/5.4.1/../../../../arm-none-eabi/lib/armv7e-m/fpu/libg_nano.a(lib_a-nano-reallocr.o)
                0x0801549e                _realloc_r
 .text._malloc_usable_size_r
                0x080154ea       0x14 /usr/local/gcc-arm-none-eabi-5_4-2016q2/bin/../lib/gcc/arm-none-eabi/5.4.1/../../../../arm-none-eabi/lib/armv7e-m/fpu/libg_nano.a(lib_a-nano-msizer.o)
                0x080154ea                _malloc_usable_size_r
 *fill*         0x080154fe        0x2 
 .text          0x08015500      0x424 /usr/local/gcc-arm-none-eabi-5_4-2016q2/bin/../lib/gcc/arm-none-eabi/5.4.1/armv7e-m/fpu/libgcc.a(_arm_muldivdf3.o)
                0x08015500                __aeabi_dmul
                0x08015500                __muldf3
                0x08015754                __aeabi_ddiv
                0x08015754                __divdf3
 .text          0x08015924       0x2c /usr/local/gcc-arm-none-eabi-5_4-2016q2/bin/../lib/gcc/arm-none-eabi/5.4.1/armv7e-m/fpu/libgcc.a(_arm_unorddf2.o)
                0x08015924                __aeabi_dcmpun
                0x08015924                __unorddf2
 *(.rodata .rodata.* .constdata .constdata.*)
 .rodata.APBAHBPrescTable
                0x08015950       0x10 ./system/src/stm32f4-hal/stm32f4xx_hal_rcc.o
                0x08015950                APBAHBPrescTable
 .rodata.AHBPrescTable
                0x08015960       0x10 ./system/src/cmsis/system_stm32f4xx.o
                0x08015960                AHBPrescTable
 .rodata.ExCvt  0x08015970       0x80 ./src/FatFs/ff.o
 .rodata.LfnOfs
                0x080159f0        0xd ./src/FatFs/ff.o
 *fill*         0x080159fd        0x3 
 .rodata        0x08015a00       0x48 ./src/FatFs/ff.o
 .rodata.SD_Driver
                0x08015a48       0x14 ./src/FatFs/sd_diskio.o
                0x08015a48                SD_Driver
 .rodata        0x08015a5c      0x184 ./src/comm.o
 .rodata        0x08015be0       0xc9 ./src/init.o
 *fill*         0x08015ca9        0x3 
 .rodata        0x08015cac        0xf ./src/main.o
 *fill*         0x08015cbb        0x1 
 .rodata        0x08015cbc       0x26 ./src/measurement.o
 *fill*         0x08015ce2        0x2 
 .rodata        0x08015ce4      0x1e9 ./src/message.o
 *fill*         0x08015ecd        0x3 
 .rodata        0x08015ed0      0x166 ./src/parson.o
 .rodata._ctype_
                0x08016036      0x101 /usr/local/gcc-arm-none-eabi-5_4-2016q2/bin/../lib/gcc/arm-none-eabi/5.4.1/../../../../arm-none-eabi/lib/armv7e-m/fpu/libg_nano.a(lib_a-ctype_.o)
                0x08016036                _ctype_
 *fill*         0x08016137        0x1 
 .rodata.__sf_fake_stdin
                0x08016138       0x20 /usr/local/gcc-arm-none-eabi-5_4-2016q2/bin/../lib/gcc/arm-none-eabi/5.4.1/../../../../arm-none-eabi/lib/armv7e-m/fpu/libg_nano.a(lib_a-findfp.o)
                0x08016138                __sf_fake_stdin
 .rodata.__sf_fake_stdout
                0x08016158       0x20 /usr/local/gcc-arm-none-eabi-5_4-2016q2/bin/../lib/gcc/arm-none-eabi/5.4.1/../../../../arm-none-eabi/lib/armv7e-m/fpu/libg_nano.a(lib_a-findfp.o)
                0x08016158                __sf_fake_stdout
 .rodata.__sf_fake_stderr
                0x08016178       0x20 /usr/local/gcc-arm-none-eabi-5_4-2016q2/bin/../lib/gcc/arm-none-eabi/5.4.1/../../../../arm-none-eabi/lib/armv7e-m/fpu/libg_nano.a(lib_a-findfp.o)
                0x08016178                __sf_fake_stderr
 .rodata.str1.1
                0x08016198        0x2 /usr/local/gcc-arm-none-eabi-5_4-2016q2/bin/../lib/gcc/arm-none-eabi/5.4.1/../../../../arm-none-eabi/lib/armv7e-m/fpu/libg_nano.a(lib_a-impure.o)
 .rodata.str1.1
                0x0801619a       0x12 /usr/local/gcc-arm-none-eabi-5_4-2016q2/bin/../lib/gcc/arm-none-eabi/5.4.1/../../../../arm-none-eabi/lib/armv7e-m/fpu/libg_nano.a(lib_a-nano-vfprintf_float.o)
 .rodata.str1.1
                0x080161ac       0x22 /usr/local/gcc-arm-none-eabi-5_4-2016q2/bin/../lib/gcc/arm-none-eabi/5.4.1/../../../../arm-none-eabi/lib/armv7e-m/fpu/libg_nano.a(lib_a-nano-vfprintf_i.o)
 *fill*         0x080161ce        0x2 
 .rodata.fpinan.5403
                0x080161d0       0x14 /usr/local/gcc-arm-none-eabi-5_4-2016q2/bin/../lib/gcc/arm-none-eabi/5.4.1/../../../../arm-none-eabi/lib/armv7e-m/fpu/libg_nano.a(lib_a-strtod.o)
 .rodata.str1.1
                0x080161e4       0x22 /usr/local/gcc-arm-none-eabi-5_4-2016q2/bin/../lib/gcc/arm-none-eabi/5.4.1/../../../../arm-none-eabi/lib/armv7e-m/fpu/libg_nano.a(lib_a-strtod.o)
                                  0xc (size before relaxing)
 .rodata.fpi.5367
                0x080161e4       0x14 /usr/local/gcc-arm-none-eabi-5_4-2016q2/bin/../lib/gcc/arm-none-eabi/5.4.1/../../../../arm-none-eabi/lib/armv7e-m/fpu/libg_nano.a(lib_a-strtod.o)
 .rodata.tinytens
                0x080161f8       0x28 /usr/local/gcc-arm-none-eabi-5_4-2016q2/bin/../lib/gcc/arm-none-eabi/5.4.1/../../../../arm-none-eabi/lib/armv7e-m/fpu/libg_nano.a(lib_a-strtod.o)
 .rodata.str1.1
                0x08016220       0x25 /usr/local/gcc-arm-none-eabi-5_4-2016q2/bin/../lib/gcc/arm-none-eabi/5.4.1/../../../../arm-none-eabi/lib/armv7e-m/fpu/libg_nano.a(lib_a-utoa.o)
 .rodata.str1.1
                0x08016245        0xd /usr/local/gcc-arm-none-eabi-5_4-2016q2/bin/../lib/gcc/arm-none-eabi/5.4.1/../../../../arm-none-eabi/lib/armv7e-m/fpu/libg_nano.a(lib_a-dtoa.o)
                                  0xf (size before relaxing)
 .rodata.str1.1
                0x08016252        0x8 /usr/local/gcc-arm-none-eabi-5_4-2016q2/bin/../lib/gcc/arm-none-eabi/5.4.1/../../../../arm-none-eabi/lib/armv7e-m/fpu/libg_nano.a(lib_a-locale.o)
                                  0xb (size before relaxing)
 *fill*         0x0801625a        0x2 
 .rodata.p05.5410
                0x0801625c        0xc /usr/local/gcc-arm-none-eabi-5_4-2016q2/bin/../lib/gcc/arm-none-eabi/5.4.1/../../../../arm-none-eabi/lib/armv7e-m/fpu/libg_nano.a(lib_a-mprec.o)
 .rodata.__mprec_bigtens
                0x08016268       0x28 /usr/local/gcc-arm-none-eabi-5_4-2016q2/bin/../lib/gcc/arm-none-eabi/5.4.1/../../../../arm-none-eabi/lib/armv7e-m/fpu/libg_nano.a(lib_a-mprec.o)
                0x08016268                __mprec_bigtens
 .rodata.__mprec_tens
                0x08016290       0xc8 /usr/local/gcc-arm-none-eabi-5_4-2016q2/bin/../lib/gcc/arm-none-eabi/5.4.1/../../../../arm-none-eabi/lib/armv7e-m/fpu/libg_nano.a(lib_a-mprec.o)
                0x08016290                __mprec_tens
 .rodata.str1.1
                0x08016358       0x11 /usr/local/gcc-arm-none-eabi-5_4-2016q2/bin/../lib/gcc/arm-none-eabi/5.4.1/../../../../arm-none-eabi/lib/armv7e-m/fpu/libg_nano.a(lib_a-nano-svfprintf.o)
 *(vtable)
 *(.eh_frame*)
 *(.glue_7)
 .glue_7        0x08016369        0x0 linker stubs
 *(.glue_7t)
 .glue_7t       0x08016369        0x0 linker stubs

.vfp11_veneer   0x0801636c        0x0
 .vfp11_veneer  0x0801636c        0x0 linker stubs

.v4_bx          0x0801636c        0x0
 .v4_bx         0x0801636c        0x0 linker stubs

.iplt           0x0801636c        0x0
 .iplt          0x0801636c        0x0 ./system/src/stm32f4-hal/stm32f4xx_hal.o

.rel.dyn        0x0801636c        0x0
 .rel.iplt      0x0801636c        0x0 ./system/src/stm32f4-hal/stm32f4xx_hal.o

.ARM.extab
 *(.ARM.extab* .gnu.linkonce.armextab.*)
                0x0801636c                . = ALIGN (0x4)
                0x0801636c                __exidx_start = .

.ARM.exidx
 *(.ARM.exidx* .gnu.linkonce.armexidx.*)
                0x0801636c                __exidx_end = .
                0x0801636c                . = ALIGN (0x4)
                0x0801636c                _etext = .
                0x0801636c                __etext = .

.data_CCMRAM    0x10000000        0x0 load address 0x0801636c
 FILL mask 0xff
 *(.data.CCMRAM .data.CCMRAM.*)
                0x10000000                . = ALIGN (0x4)
                0x0801636c                _sidata = LOADADDR (.data)

.data           0x20000000      0x110 load address 0x0801636c
 FILL mask 0xff
                0x20000000                _sdata = .
                0x20000000                __data_start__ = .
 *(.data_begin .data_begin.*)
 *(.data .data.*)
 .data.argv.4764
                0x20000000        0x8 ./system/src/newlib/_syscalls.o
 .data.SystemCoreClock
                0x20000008        0x4 ./system/src/cmsis/system_stm32f4xx.o
                0x20000008                SystemCoreClock
 .data.Stat     0x2000000c        0x1 ./src/FatFs/sd_diskio.o
 *fill*         0x2000000d        0x3 ff
 .data.cregResps
                0x20000010        0x8 ./src/comm.o
                0x20000010                cregResps
 .data.isRTCSet
                0x20000018        0x1 ./src/main.o
                0x20000018                isRTCSet
 *fill*         0x20000019        0x3 ff
 .data.storedStrings
                0x2000001c        0xc ./src/main.o
                0x2000001c                storedStrings
 .data.mevd_uuid
                0x20000028        0x5 ./src/message.o
                0x20000028                mevd_uuid
 *fill*         0x2000002d        0x3 ff
 .data.eevd_uuid
                0x20000030        0x5 ./src/message.o
                0x20000030                eevd_uuid
 *fill*         0x20000035        0x3 ff
 .data.levd_uuid
                0x20000038        0x5 ./src/message.o
                0x20000038                levd_uuid
 *fill*         0x2000003d        0x3 ff
 .data.lp_uuid  0x20000040        0x4 ./src/message.o
                0x20000040                lp_uuid
 .data.rt_eevd_uuid
                0x20000044        0x4 ./src/message.o
                0x20000044                rt_eevd_uuid
 .data.h_eevd_uuid
                0x20000048        0x4 ./src/message.o
                0x20000048                h_eevd_uuid
 .data.at_eevd_uuid
                0x2000004c        0x4 ./src/message.o
                0x2000004c                at_eevd_uuid
 .data.parson_malloc
                0x20000050        0x4 ./src/parson.o
 .data.parson_free
                0x20000054        0x4 ./src/parson.o
 .data.m_state  0x20000058        0x1 ./src/statemachine.o
 *fill*         0x20000059        0x3 ff
 .data.func_arr
                0x2000005c       0x14 ./src/statemachine.o
                0x2000005c                func_arr
 .data.__ctype_ptr__
                0x20000070        0x4 /usr/local/gcc-arm-none-eabi-5_4-2016q2/bin/../lib/gcc/arm-none-eabi/5.4.1/../../../../arm-none-eabi/lib/armv7e-m/fpu/libg_nano.a(lib_a-ctype_.o)
                0x20000070                __ctype_ptr__
 .data.impure_data
                0x20000074       0x60 /usr/local/gcc-arm-none-eabi-5_4-2016q2/bin/../lib/gcc/arm-none-eabi/5.4.1/../../../../arm-none-eabi/lib/armv7e-m/fpu/libg_nano.a(lib_a-impure.o)
 .data._impure_ptr
                0x200000d4        0x4 /usr/local/gcc-arm-none-eabi-5_4-2016q2/bin/../lib/gcc/arm-none-eabi/5.4.1/../../../../arm-none-eabi/lib/armv7e-m/fpu/libg_nano.a(lib_a-impure.o)
                0x200000d4                _impure_ptr
 .data.lconv    0x200000d8       0x38 /usr/local/gcc-arm-none-eabi-5_4-2016q2/bin/../lib/gcc/arm-none-eabi/5.4.1/../../../../arm-none-eabi/lib/armv7e-m/fpu/libg_nano.a(lib_a-locale.o)
 *(.data_end .data_end.*)
                0x20000110                . = ALIGN (0x4)
                0x20000110                _edata = .
                0x20000110                __data_end__ = .

.igot.plt       0x20000110        0x0 load address 0x0801647c
 .igot.plt      0x20000110        0x0 ./system/src/stm32f4-hal/stm32f4xx_hal.o

.bss_CCMRAM     0x10000000        0x0
 *(.bss.CCMRAM .bss.CCMRAM.*)

.bss            0x20000110    0x12154
                0x20000110                __bss_start__ = .
                0x20000110                _sbss = .
 *(.bss_begin .bss_begin.*)
 *(.bss .bss.*)
 .bss.current_heap_end.4455
                0x20000110        0x4 ./system/src/newlib/_sbrk.o
 .bss.name.4763
                0x20000114        0x1 ./system/src/newlib/_syscalls.o
 *fill*         0x20000115        0x3 
 .bss.FatFs     0x20000118        0x4 ./src/FatFs/ff.o
 .bss.Fsid      0x2000011c        0x2 ./src/FatFs/ff.o
 *fill*         0x2000011e        0x2 
 .bss.LfnBuf    0x20000120      0x200 ./src/FatFs/ff.o
 .bss.disk      0x20000320        0xc ./src/FatFs/ff_gen_drv.o
                0x20000320                disk
 .bss.envMeasFlag
                0x2000032c        0x1 ./src/main.o
                0x2000032c                envMeasFlag
 .bss.msgFlag   0x2000032d        0x1 ./src/main.o
                0x2000032d                msgFlag
 .bss.warningFlag
                0x2000032e        0x1 ./src/main.o
                0x2000032e                warningFlag
 *fill*         0x2000032f        0x1 
 .bss.lpTs      0x20000330        0x4 ./src/main.o
                0x20000330                lpTs
 .bss.actData   0x20000334        0x2 ./src/main.o
                0x20000334                actData
 *fill*         0x20000336        0x2 
 .bss.actResponse
                0x20000338        0x4 ./src/main.o
                0x20000338                actResponse
 .bss.lastPositionTrigger
                0x2000033c        0x1 ./src/main.o
                0x2000033c                lastPositionTrigger
 .bss.welcomeFlag
                0x2000033d        0x1 ./src/main.o
                0x2000033d                welcomeFlag
 .bss.bcounter  0x2000033e        0x1 ./src/measurement.o
                0x2000033e                bcounter
 *fill*         0x2000033f        0x1 
 .bss.root_value_env
                0x20000340        0x4 ./src/message.o
                0x20000340                root_value_env
 .bss.root_object_env
                0x20000344        0x4 ./src/message.o
                0x20000344                root_object_env
 .bss.arr_val_env
                0x20000348        0x4 ./src/message.o
                0x20000348                arr_val_env
 .bss.arr_obj_env
                0x2000034c        0x4 ./src/message.o
                0x2000034c                arr_obj_env
 .bss.arrval_env
                0x20000350        0x4 ./src/message.o
                0x20000350                arrval_env
 .bss.arro_env  0x20000354        0x4 ./src/message.o
                0x20000354                arro_env
 .bss.arrsub_arr_env
                0x20000358        0x4 ./src/message.o
                0x20000358                arrsub_arr_env
 .bss.arrsub_obj_env
                0x2000035c        0x4 ./src/message.o
                0x2000035c                arrsub_obj_env
 .bss.arrsub_val_1_env
                0x20000360        0x4 ./src/message.o
                0x20000360                arrsub_val_1_env
 .bss.arrsub_o_1_env
                0x20000364        0x4 ./src/message.o
                0x20000364                arrsub_o_1_env
 .bss.arrsub_val_3_env
                0x20000368        0x4 ./src/message.o
                0x20000368                arrsub_val_3_env
 .bss.arrsub_o_3_env
                0x2000036c        0x4 ./src/message.o
                0x2000036c                arrsub_o_3_env
 .bss.arrsub_val_2_env
                0x20000370        0x4 ./src/message.o
                0x20000370                arrsub_val_2_env
 .bss.arrsub_o_2_env
                0x20000374        0x4 ./src/message.o
                0x20000374                arrsub_o_2_env
 .bss.loc2val_env
                0x20000378        0x4 ./src/message.o
                0x20000378                loc2val_env
 .bss.loc2_env  0x2000037c        0x4 ./src/message.o
                0x2000037c                loc2_env
 .bss.times2val_env
                0x20000380        0x4 ./src/message.o
                0x20000380                times2val_env
 .bss.times2_env
                0x20000384        0x4 ./src/message.o
                0x20000384                times2_env
 .bss.root_value_mov